Microchip MPLAB XC8 Compiler V2.10 ()

Linker command line:

-W-3 --edf=C:\Program Files (x86)\Microchip\xc8\v2.10\pic\dat\en_msgs.txt \
  -cs -h+dist/default/debug\Tetris.X.debug.sym \
  --cmf=dist/default/debug\Tetris.X.debug.cmf -z -Q16F877A \
  -oC:\Users\ASUS\AppData\Local\Temp\s5j0.2 --defsym=__MPLAB_BUILD=1 \
  -Mdist/default/debug/Tetris.X.debug.map -E1 -ver=XC8 --acfsm=1493 \
  -ASTACK=0110h-016Fh -pstack=STACK -ACODE=00h-07FFhx3,01800h-01EFFh \
  -ASTRCODE=00h-01EFFh -ASTRING=00h-0FFhx31 -ACONST=00h-0FFhx31 \
  -AENTRY=00h-0FFhx31 -ACOMMON=071h-07Fh -ABANK0=020h-06Fh \
  -ABANK1=0A0h-0EFh -ABANK2=0110h-016Fh -ABANK3=0190h-01E4h \
  -ARAM=020h-06Fh,0A0h-0EFh,0110h-016Fh,0190h-01E4h \
  -AABS1=020h-07Fh,0A0h-0EFh,0110h-016Fh,0190h-01EFh -ASFR0=00h-01Fh \
  -ASFR1=080h-09Fh -ASFR2=0100h-010Fh -ASFR3=0180h-018Fh \
  -preset_vec=00h,intentry=04h,init,end_init -ppowerup=CODE -pcinit=CODE \
  -pfunctab=ENTRY -ACONFIG=02007h-02007h -pconfig=CONFIG -DCONFIG=2 \
  -AIDLOC=02000h-02003h -pidloc=IDLOC -DIDLOC=2 -AEEDATA=00h-0FFh/02100h \
  -peeprom_data=EEDATA -DEEDATA=2 -DCODE=2 -DSTRCODE=2 -DSTRING=2 -DCONST=2 \
  -DENTRY=2 -k C:\Users\ASUS\AppData\Local\Temp\s5j0.o \
  dist/default/debug\Tetris.X.debug.o 

Object code version is 3.11

Machine type is 16F877A



                Name                               Link     Load   Length Selector   Space Scale
C:\Users\ASUS\AppData\Local\Temp\s5j0.o
                end_init                              C        C        3        8       0
                reset_vec                             0        0        4        0       0
                config                             2007     2007        1     400E       0
dist/default/debug\Tetris.X.debug.o
                cinit                               7D1      7D1       2F      FA2       0
                intentry                              4        4        8        8       0
                text30                              132      132       34      264       0
                text29                              433      433       5B      866       0
                text28                              166      166       41      2CC       0
                text27                              34C      34C       4C      698       0
                text26                              22C      22C       47      458       0
                text25                              101      101       31      202       0
                text24                              557      557       76      AAE       0
                text23                              398      398       4C      730       0
                text22                              1E8      1E8       44      3D0       0
                text21                               4C       4C        C       98       0
                text20                               E1       E1       20      1C2       0
                text19                              5CD      5CD       9D      B9A       0
                text18                              66A      66A      167      CD4       0
                text17                              4F1      4F1       66      9E2       0
                text16                              273      273       47      4E6       0
                text15                              3E4      3E4       4F      7C8       0
                text14                               83       83       13      106       0
                text13                               58       58        D       B0       0
                text12                               23       23        6       46       0
                text11                               73       73       10       E6       0
                text10                               65       65        E       CA       0
                text9                                43       43        9       86       0
                text8                               1A7      1A7       41      34E       0
                text7                                29       29        6       52       0
                text6                               2BA      2BA       47      574       0
                text5                                1E       1E        5       3C       0
                text4                                2F       2F        6       5E       0
                text3                                35       35        6       6A       0
                text2                                A9       A9       1C      152       0
                text1                               48E      48E       63      91C       0
                maintext                            301      301       4B      602       0
                cstackBANK0                          20       20       26       20       1
                cstackCOMMON                         71       71        B       71       1
                clrtext                              3B       3B        8       76       0
                inittext                             96       96       13      12C       0
                dataBANK1                            C0       C0       1C       A0       1
                bssBANK1                             A0       A0       20       A0       1
                dataBANK0                            68       68        4       20       1
                bssBANK0                             46       46       22       20       1
                idataBANK1                           C5       C5       1C      18A       0
                idataBANK0                           1A       1A        4       34       0

TOTAL           Name                               Link     Load   Length     Space
        CLASS   STACK          

        CLASS   CODE           
                end_init                              C        C        3         0
                cinit                               7D1      7D1       2F         0
                intentry                              4        4        8         0
                reset_vec                             0        0        4         0
                text30                              132      132       34         0
                text29                              433      433       5B         0
                text28                              166      166       41         0
                text27                              34C      34C       4C         0
                text26                              22C      22C       47         0
                text25                              101      101       31         0
                text24                              557      557       76         0
                text23                              398      398       4C         0
                text22                              1E8      1E8       44         0
                text21                               4C       4C        C         0
                text20                               E1       E1       20         0
                text19                              5CD      5CD       9D         0
                text18                              66A      66A      167         0
                text17                              4F1      4F1       66         0
                text16                              273      273       47         0
                text15                              3E4      3E4       4F         0
                text14                               83       83       13         0
                text13                               58       58        D         0
                text12                               23       23        6         0
                text11                               73       73       10         0
                text10                               65       65        E         0
                text9                                43       43        9         0
                text8                               1A7      1A7       41         0
                text7                                29       29        6         0
                text6                               2BA      2BA       47         0
                text5                                1E       1E        5         0
                text4                                2F       2F        6         0
                text3                                35       35        6         0
                text2                                A9       A9       1C         0
                text1                               48E      48E       63         0
                maintext                            301      301       4B         0
                clrtext                              3B       3B        8         0
                inittext                             96       96       13         0
                idataBANK1                           C5       C5       1C         0
                idataBANK0                           1A       1A        4         0

        CLASS   STRCODE        

        CLASS   STRING         

        CLASS   CONST          

        CLASS   ENTRY          

        CLASS   COMMON         
                cstackCOMMON                         71       71        B         1

        CLASS   BANK0          
                cstackBANK0                          20       20       26         1
                dataBANK0                            68       68        4         1
                bssBANK0                             46       46       22         1

        CLASS   BANK1          
                dataBANK1                            C0       C0       1C         1
                bssBANK1                             A0       A0       20         1

        CLASS   BANK2          

        CLASS   BANK3          

        CLASS   RAM            

        CLASS   ABS1           
                abs_s1                               7E       7E        2         1

        CLASS   SFR0           

        CLASS   SFR1           

        CLASS   SFR2           

        CLASS   SFR3           

        CLASS   CONFIG         
                config                             2007     2007        1         0

        CLASS   IDLOC          

        CLASS   EEDATA         



SEGMENTS        Name                           Load    Length   Top    Selector   Space  Class     Delta

                reset_vec                      000000  000004  000004         0       0  CODE        2
                intentry                       000004  00000B  00000F         8       0  CODE        2
                cstackBANK0                    000020  00004C  00006C        20       1  BANK0       1
                idataBANK0                     00001A  000004  00001E        34       0  CODE        2
                text5                          00001E  000005  000023        3C       0  CODE        2
                text12                         000023  000006  000029        46       0  CODE        2
                text7                          000029  000006  00002F        52       0  CODE        2
                text4                          00002F  000006  000035        5E       0  CODE        2
                text3                          000035  000006  00003B        6A       0  CODE        2
                cstackCOMMON                   000071  00000B  00007C        71       1  COMMON      1
                clrtext                        00003B  000008  000043        76       0  CODE        2
                text9                          000043  000009  00004C        86       0  CODE        2
                text21                         00004C  00000C  000058        98       0  CODE        2
                bssBANK1                       0000A0  00003C  0000DC        A0       1  BANK1       1
                text13                         000058  00000D  000065        B0       0  CODE        2
                text10                         000065  00000E  000073        CA       0  CODE        2
                text11                         000073  000010  000083        E6       0  CODE        2
                text14                         000083  000013  000096       106       0  CODE        2
                inittext                       000096  000013  0000A9       12C       0  CODE        2
                text2                          0000A9  00001C  0000C5       152       0  CODE        2
                idataBANK1                     0000C5  00001C  0000E1       18A       0  CODE        2
                text20                         0000E1  000020  000101       1C2       0  CODE        2
                text25                         000101  000031  000132       202       0  CODE        2
                text30                         000132  000034  000166       264       0  CODE        2
                text28                         000166  000041  0001A7       2CC       0  CODE        2
                text8                          0001A7  000041  0001E8       34E       0  CODE        2
                text22                         0001E8  000044  00022C       3D0       0  CODE        2
                text26                         00022C  000047  000273       458       0  CODE        2
                text16                         000273  000047  0002BA       4E6       0  CODE        2
                text6                          0002BA  000047  000301       574       0  CODE        2
                maintext                       000301  00004B  00034C       602       0  CODE        2
                text27                         00034C  00004C  000398       698       0  CODE        2
                text23                         000398  00004C  0003E4       730       0  CODE        2
                text15                         0003E4  00004F  000433       7C8       0  CODE        2
                text29                         000433  00005B  00048E       866       0  CODE        2
                text1                          00048E  000063  0004F1       91C       0  CODE        2
                text17                         0004F1  000066  000557       9E2       0  CODE        2
                text24                         000557  000076  0005CD       AAE       0  CODE        2
                text19                         0005CD  00009D  00066A       B9A       0  CODE        2
                text18                         00066A  000167  0007D1       CD4       0  CODE        2
                cinit                          0007D1  00002F  000800       FA2       0  CODE        2
                config                         002007  000001  002008      400E       0  CONFIG      2


UNUSED ADDRESS RANGES

        Name                Unused          Largest block    Delta
        BANK0            006C-006F              4           1
        BANK1            00DC-00EF             14           1
        BANK2            0110-016F             60           1
        BANK3            0190-01E4             55           1
        CODE             000F-0019              B           2
                         0800-1EFF            800
        COMMON           007C-007D              2           1
        CONST            000F-0019              B           2
                         0800-1EFF            100
        EEDATA           2100-21FF            100           2
        ENTRY            000F-0019              B           2
                         0800-1EFF            100
        IDLOC            2000-2003              4           2
        RAM              006C-006F              4           1
                         00DC-00EF             14
                         0110-016F             60
                         0190-01E4             55
        SFR0             0000-001F             20           1
        SFR1             0080-009F             20           1
        SFR2             0100-010F             10           1
        SFR3             0180-018F             10           1
        STACK            0110-016F             60           1
        STRCODE          000F-0019              B           2
                         0800-1EFF           1700
        STRING           000F-0019              B           2
                         0800-1EFF            100

                                  Symbol Table

?___awmod                  cstackBANK0  002B
?___lmul                   cstackCOMMON 0073
?_rand                     cstackBANK0  0024
_INTCONbits                (abs)        000B
_OPTION_REGbits            (abs)        0081
_PORTBbits                 (abs)        0006
_PORTCbits                 (abs)        0007
_PORTDbits                 (abs)        0008
_TMR0                      (abs)        0001
_TRISBbits                 (abs)        0086
_TRISCbits                 (abs)        0087
_TRISDbits                 (abs)        0088
_Timer0_ISR                text30       0132
__CFG_BOREN$ON             (abs)        0000
__CFG_CP$OFF               (abs)        0000
__CFG_CPD$OFF              (abs)        0000
__CFG_FOSC$XT              (abs)        0000
__CFG_LVP$OFF              (abs)        0000
__CFG_PWRTE$OFF            (abs)        0000
__CFG_WDTE$OFF             (abs)        0000
__CFG_WRT$OFF              (abs)        0000
__Habs1                    abs1         0000
__Hbank0                   bank0        0000
__Hbank1                   bank1        0000
__Hbank2                   bank2        0000
__Hbank3                   bank3        0000
__HbssBANK0                bssBANK0     0000
__HbssBANK1                bssBANK1     0000
__Hcinit                   cinit        0800
__Hclrtext                 clrtext      0000
__Hcode                    code         0000
__Hcommon                  common       0000
__Hconfig                  config       2008
__HcstackBANK0             cstackBANK0  0000
__HcstackCOMMON            cstackCOMMON 0000
__HdataBANK0               dataBANK0    0000
__HdataBANK1               dataBANK1    0000
__Heeprom_data             eeprom_data  0000
__Hend_init                end_init     000F
__Hfunctab                 functab      0000
__HidataBANK0              idataBANK0   0000
__HidataBANK1              idataBANK1   0000
__Hidloc                   idloc        0000
__Hinit                    init         000C
__Hinittext                inittext     0000
__Hintentry                intentry     000C
__Hmaintext                maintext     0000
__Hpowerup                 powerup      0000
__Hram                     ram          0000
__Hreset_vec               reset_vec    0004
__Hsfr0                    sfr0         0000
__Hsfr1                    sfr1         0000
__Hsfr2                    sfr2         0000
__Hsfr3                    sfr3         0000
__Hspace_0                 (abs)        2008
__Hspace_1                 (abs)        00DC
__Hspace_2                 (abs)        0000
__Hspace_3                 (abs)        0000
__Hstack                   stack        0000
__Hstrings                 strings      0000
__Htext                    text         0000
__Labs1                    abs1         0000
__Lbank0                   bank0        0000
__Lbank1                   bank1        0000
__Lbank2                   bank2        0000
__Lbank3                   bank3        0000
__LbssBANK0                bssBANK0     0000
__LbssBANK1                bssBANK1     0000
__Lcinit                   cinit        07D1
__Lclrtext                 clrtext      0000
__Lcode                    code         0000
__Lcommon                  common       0000
__Lconfig                  config       2007
__LcstackBANK0             cstackBANK0  0000
__LcstackCOMMON            cstackCOMMON 0000
__LdataBANK0               dataBANK0    0000
__LdataBANK1               dataBANK1    0000
__Leeprom_data             eeprom_data  0000
__Lend_init                end_init     000C
__Lfunctab                 functab      0000
__LidataBANK0              idataBANK0   0000
__LidataBANK1              idataBANK1   0000
__Lidloc                   idloc        0000
__Linit                    init         000C
__Linittext                inittext     0000
__Lintentry                intentry     0004
__Lmaintext                maintext     0000
__Lpowerup                 powerup      0000
__Lram                     ram          0000
__Lreset_vec               reset_vec    0000
__Lsfr0                    sfr0         0000
__Lsfr1                    sfr1         0000
__Lsfr2                    sfr2         0000
__Lsfr3                    sfr3         0000
__Lspace_0                 (abs)        0000
__Lspace_1                 (abs)        0000
__Lspace_2                 (abs)        0000
__Lspace_3                 (abs)        0000
__Lstack                   stack        0000
__Lstrings                 strings      0000
__Ltext                    text         0000
__S0                       (abs)        2008
__S1                       (abs)        00DC
__S2                       (abs)        0000
__S3                       (abs)        0000
___awmod                   text29       0433
___awmod@counter           cstackBANK0  0030
___awmod@dividend          cstackBANK0  002D
___awmod@divisor           cstackBANK0  002B
___awmod@sign              cstackBANK0  0031
___int_sp                  stack        0000
___latbits                 (abs)        0002
___lmul                    text27       034C
___lmul@multiplicand       cstackCOMMON 0077
___lmul@multiplier         cstackCOMMON 0073
___lmul@product            cstackBANK0  0020
___sp                      stack        0000
___stackhi                 (abs)        0000
___stacklo                 (abs)        0000
__end_of_Timer0_ISR        text30       0166
__end_of___awmod           text29       048E
__end_of___lmul            text27       0398
__end_of__initialization   cinit        07FC
__end_of_addToScreen       text8        01E8
__end_of_checkBottom       text25       0132
__end_of_checkColission_D  text24       05CD
__end_of_checkColission_L  text23       03E4
__end_of_checkColission_R  text22       022C
__end_of_checkCount        text15       0433
__end_of_checkRight        text21       0058
__end_of_drawBground       text28       01A7
__end_of_drawFigure        text19       066A
__end_of_init_pines        text11       0083
__end_of_init_pines_col    text14       0096
__end_of_init_pines_fil    text13       0065
__end_of_init_pines_in     text12       0029
__end_of_init_timer        text10       0073
__end_of_latchClock_Col    text5        0023
__end_of_latchClock_Fil    text4        0035
__end_of_leerEntradas      text18       07D1
__end_of_main              maintext     034C
__end_of_memset            text20       0101
__end_of_perdio            text17       0557
__end_of_rand              text26       0273
__end_of_setFilas          text6        0301
__end_of_shiftBitColumna   text2        00C5
__end_of_shiftClock_Col    text3        003B
__end_of_shiftClock_Fil    text7        002F
__end_of_srand             text9        004C
__end_of_sumaPuntos        text16       02BA
__end_of_updateScreen      text1        04F1
__initialization           cinit        07D1
__pbssBANK0                bssBANK0     0046
__pbssBANK1                bssBANK1     00A0
__pcstackBANK0             cstackBANK0  0020
__pcstackCOMMON            cstackCOMMON 0071
__pdataBANK0               dataBANK0    0068
__pdataBANK1               dataBANK1    00C0
__pidataBANK0              idataBANK0   001A
__pidataBANK1              idataBANK1   00C5
__pintentry                intentry     0004
__pmaintext                maintext     0301
__ptext1                   text1        048E
__ptext10                  text10       0065
__ptext11                  text11       0073
__ptext12                  text12       0023
__ptext13                  text13       0058
__ptext14                  text14       0083
__ptext15                  text15       03E4
__ptext16                  text16       0273
__ptext17                  text17       04F1
__ptext18                  text18       066A
__ptext19                  text19       05CD
__ptext2                   text2        00A9
__ptext20                  text20       00E1
__ptext21                  text21       004C
__ptext22                  text22       01E8
__ptext23                  text23       0398
__ptext24                  text24       0557
__ptext25                  text25       0101
__ptext26                  text26       022C
__ptext27                  text27       034C
__ptext28                  text28       0166
__ptext29                  text29       0433
__ptext3                   text3        0035
__ptext30                  text30       0132
__ptext4                   text4        002F
__ptext5                   text5        001E
__ptext6                   text6        02BA
__ptext7                   text7        0029
__ptext8                   text8        01A7
__ptext9                   text9        0043
__size_of_Timer0_ISR       (abs)        0000
__size_of___awmod          (abs)        0000
__size_of___lmul           (abs)        0000
__size_of_addToScreen      (abs)        0000
__size_of_checkBottom      (abs)        0000
__size_of_checkColission_D (abs)        0000
__size_of_checkColission_L (abs)        0000
__size_of_checkColission_R (abs)        0000
__size_of_checkCount       (abs)        0000
__size_of_checkRight       (abs)        0000
__size_of_drawBground      (abs)        0000
__size_of_drawFigure       (abs)        0000
__size_of_init_pines       (abs)        0000
__size_of_init_pines_col   (abs)        0000
__size_of_init_pines_fil   (abs)        0000
__size_of_init_pines_in    (abs)        0000
__size_of_init_timer       (abs)        0000
__size_of_latchClock_Col   (abs)        0000
__size_of_latchClock_Fil   (abs)        0000
__size_of_leerEntradas     (abs)        0000
__size_of_main             (abs)        0000
__size_of_memset           (abs)        0000
__size_of_perdio           (abs)        0000
__size_of_rand             (abs)        0000
__size_of_setFilas         (abs)        0000
__size_of_shiftBitColumna  (abs)        0000
__size_of_shiftClock_Col   (abs)        0000
__size_of_shiftClock_Fil   (abs)        0000
__size_of_srand            (abs)        0000
__size_of_sumaPuntos       (abs)        0000
__size_of_updateScreen     (abs)        0000
_addToScreen               text8        01A7
_checkBottom               text25       0101
_checkColission_D          text24       0557
_checkColission_L          text23       0398
_checkColission_R          text22       01E8
_checkCount                text15       03E4
_checkRight                text21       004C
_con                       bssBANK0     0046
_drawBground               text28       0166
_drawFigure                text19       05CD
_ficha                     bssBANK0     0058
_figuras                   dataBANK1    00C0
_fondo                     bssBANK1     00A0
_init_pines                text11       0073
_init_pines_col            text14       0083
_init_pines_fil            text13       0058
_init_pines_in             text12       0023
_init_timer                text10       0065
_latchClock_Col            text5        001E
_latchClock_Fil            text4        002F
_leerEntradas              text18       066A
_main                      maintext     0301
_memset                    text20       00E1
_pantalla                  bssBANK1     00B0
_perdio                    text17       04F1
_rand                      text26       022C
_randx                     dataBANK0    0068
_setFilas                  text6        02BA
_shiftBitColumna           text2        00A9
_shiftClock_Col            text3        0035
_shiftClock_Fil            text7        0029
_srand                     text9        0043
_sumaPuntos                text16       0273
_timerCount                bssBANK0     0054
_updateScreen              text1        048E
addToScreen@i              cstackBANK0  0020
btemp                      (abs)        007E
checkColission_D@i         cstackBANK0  003A
checkColission_L@i         cstackBANK0  0020
checkColission_R@i         cstackBANK0  0020
checkCount@j               cstackBANK0  003F
clear_ram0                 clrtext      003B
drawBground@i              cstackBANK0  0020
end_of_initialization      cinit        07FC
init_fetch0                inittext     0096
init_ram0                  inittext     009A
interrupt_function         intentry     0004
intlevel0                  functab      0000
intlevel1                  functab      0000
intlevel2                  functab      0000
intlevel3                  functab      0000
intlevel4                  functab      0000
intlevel5                  functab      0000
leerEntradas@aux           cstackBANK0  002D
leerEntradas@i             cstackBANK0  0033
leerEntradas@j             cstackBANK0  0031
leerEntradas@k             cstackBANK0  002A
leerEntradas@mask          cstackBANK0  002C
memset@c                   cstackCOMMON 0073
memset@n                   cstackCOMMON 0075
memset@p                   cstackCOMMON 0078
memset@p1                  cstackCOMMON 0079
perdio@i                   cstackBANK0  0035
reset_vec                  reset_vec    0000
saved_w                    (abs)        007E
setFilas@i                 cstackBANK0  0020
setFilas@reg_value         cstackCOMMON 0073
shiftBitColumna@bit        cstackCOMMON 0074
srand@x                    cstackCOMMON 0073
start                      init         000C
start_initialization       cinit        07D1
sumaPuntos@aux             cstackCOMMON 0077
sumaPuntos@i               cstackCOMMON 0078
sumaPuntos@j               cstackCOMMON 007A
updateScreen@i             cstackBANK0  0027
updateScreen@screen        cstackBANK0  0026
wtemp0                     (abs)        007E


FUNCTION INFORMATION:

 *************** function _main *****************
 Defined at:
		line 44 in file "mainsource.c"
 Parameters:    Size  Location     Type
  argc            2   33[BANK0 ] int 
  argv            2   35[BANK0 ] PTR PTR unsigned char 
 Auto vars:     Size  Location     Type
  j               2    0        int 
  i               2    0        int 
 Return value:  Size  Location     Type
                  2   33[BANK0 ] int 
 Registers used:
		wreg, fsr0l, fsr0h, status,2, status,0, btemp+1, pclath, cstack
 Tracked objects:
		On entry : 
		On exit  : 
		Unchanged: 
 Data sizes:     COMMON   BANK0   BANK1   BANK3   BANK2
      Params:         0       4       0       0       0
      Locals:         0       4       0       0       0
      Temps:          0       1       0       0       0
      Totals:         0       9       0       0       0
Total ram usage:        9 bytes
 Hardware stack levels required when called:    5
 This function calls:
		___awmod
		_checkCount
		_init_pines
		_init_timer
		_rand
		_srand
		_updateScreen
 This function is called by:
		Startup code after reset
 This function uses a non-reentrant model


 *************** function _updateScreen *****************
 Defined at:
		line 17 in file "screen.c"
 Parameters:    Size  Location     Type
  screen          1    wreg     PTR unsigned int 
		 -> pantalla(16), 
 Auto vars:     Size  Location     Type
  screen          1    6[BANK0 ] PTR unsigned int 
		 -> pantalla(16), 
  i               2    7[BANK0 ] int 
 Return value:  Size  Location     Type
                  1    wreg      void 
 Registers used:
		wreg, fsr0l, fsr0h, status,2, status,0, btemp+1, pclath, cstack
 Tracked objects:
		On entry : 
		On exit  : 
		Unchanged: 
 Data sizes:     COMMON   BANK0   BANK1   BANK3   BANK2
      Params:         0       0       0       0       0
      Locals:         0       3       0       0       0
      Temps:          0       4       0       0       0
      Totals:         0       7       0       0       0
Total ram usage:        7 bytes
 Hardware stack levels used:    1
 Hardware stack levels required when called:    3
 This function calls:
		_addToScreen
		_setFilas
		_shiftBitColumna
 This function is called by:
		_main
 This function uses a non-reentrant model


 *************** function _shiftBitColumna *****************
 Defined at:
		line 33 in file "columnas.c"
 Parameters:    Size  Location     Type
  bit             1    wreg     unsigned char 
 Auto vars:     Size  Location     Type
  bit             1    3[COMMON] unsigned char 
 Return value:  Size  Location     Type
                  1    wreg      void 
 Registers used:
		wreg, status,2, status,0, pclath, cstack
 Tracked objects:
		On entry : 
		On exit  : 
		Unchanged: 
 Data sizes:     COMMON   BANK0   BANK1   BANK3   BANK2
      Params:         0       0       0       0       0
      Locals:         1       0       0       0       0
      Temps:          1       0       0       0       0
      Totals:         2       0       0       0       0
Total ram usage:        2 bytes
 Hardware stack levels used:    1
 Hardware stack levels required when called:    2
 This function calls:
		_latchClock_Col
		_latchClock_Fil
		_shiftClock_Col
 This function is called by:
		_updateScreen
 This function uses a non-reentrant model


 *************** function _shiftClock_Col *****************
 Defined at:
		line 13 in file "columnas.c"
 Parameters:    Size  Location     Type
		None
 Auto vars:     Size  Location     Type
		None
 Return value:  Size  Location     Type
                  1    wreg      void 
 Registers used:
		None
 Tracked objects:
		On entry : 
		On exit  : 
		Unchanged: 
 Data sizes:     COMMON   BANK0   BANK1   BANK3   BANK2
      Params:         0       0       0       0       0
      Locals:         0       0       0       0       0
      Temps:          0       0       0       0       0
      Totals:         0       0       0       0       0
Total ram usage:        0 bytes
 Hardware stack levels used:    1
 Hardware stack levels required when called:    1
 This function calls:
		Nothing
 This function is called by:
		_shiftBitColumna
		_setColumnas
 This function uses a non-reentrant model


 *************** function _latchClock_Fil *****************
 Defined at:
		line 7 in file "filas.c"
 Parameters:    Size  Location     Type
		None
 Auto vars:     Size  Location     Type
		None
 Return value:  Size  Location     Type
                  1    wreg      void 
 Registers used:
		None
 Tracked objects:
		On entry : 
		On exit  : 
		Unchanged: 
 Data sizes:     COMMON   BANK0   BANK1   BANK3   BANK2
      Params:         0       0       0       0       0
      Locals:         0       0       0       0       0
      Temps:          0       0       0       0       0
      Totals:         0       0       0       0       0
Total ram usage:        0 bytes
 Hardware stack levels used:    1
 Hardware stack levels required when called:    1
 This function calls:
		Nothing
 This function is called by:
		_shiftBitColumna
 This function uses a non-reentrant model


 *************** function _latchClock_Col *****************
 Defined at:
		line 8 in file "columnas.c"
 Parameters:    Size  Location     Type
		None
 Auto vars:     Size  Location     Type
		None
 Return value:  Size  Location     Type
                  1    wreg      void 
 Registers used:
		None
 Tracked objects:
		On entry : 
		On exit  : 
		Unchanged: 
 Data sizes:     COMMON   BANK0   BANK1   BANK3   BANK2
      Params:         0       0       0       0       0
      Locals:         0       0       0       0       0
      Temps:          0       0       0       0       0
      Totals:         0       0       0       0       0
Total ram usage:        0 bytes
 Hardware stack levels used:    1
 Hardware stack levels required when called:    1
 This function calls:
		Nothing
 This function is called by:
		_shiftBitColumna
		_setColumnas
 This function uses a non-reentrant model


 *************** function _setFilas *****************
 Defined at:
		line 19 in file "filas.c"
 Parameters:    Size  Location     Type
  reg_value       2    2[COMMON] unsigned int 
 Auto vars:     Size  Location     Type
  i               2    0[BANK0 ] int 
 Return value:  Size  Location     Type
                  1    wreg      void 
 Registers used:
		wreg, status,2, status,0, btemp+1, pclath, cstack
 Tracked objects:
		On entry : 
		On exit  : 
		Unchanged: 
 Data sizes:     COMMON   BANK0   BANK1   BANK3   BANK2
      Params:         2       0       0       0       0
      Locals:         0       2       0       0       0
      Temps:          6       0       0       0       0
      Totals:         8       2       0       0       0
Total ram usage:       10 bytes
 Hardware stack levels used:    1
 Hardware stack levels required when called:    2
 This function calls:
		_shiftClock_Fil
 This function is called by:
		_updateScreen
 This function uses a non-reentrant model


 *************** function _shiftClock_Fil *****************
 Defined at:
		line 13 in file "filas.c"
 Parameters:    Size  Location     Type
		None
 Auto vars:     Size  Location     Type
		None
 Return value:  Size  Location     Type
                  1    wreg      void 
 Registers used:
		None
 Tracked objects:
		On entry : 
		On exit  : 
		Unchanged: 
 Data sizes:     COMMON   BANK0   BANK1   BANK3   BANK2
      Params:         0       0       0       0       0
      Locals:         0       0       0       0       0
      Temps:          0       0       0       0       0
      Totals:         0       0       0       0       0
Total ram usage:        0 bytes
 Hardware stack levels used:    1
 Hardware stack levels required when called:    1
 This function calls:
		Nothing
 This function is called by:
		_setFilas
 This function uses a non-reentrant model


 *************** function _addToScreen *****************
 Defined at:
		line 39 in file "screen.c"
 Parameters:    Size  Location     Type
		None
 Auto vars:     Size  Location     Type
  i               2    0[BANK0 ] int 
 Return value:  Size  Location     Type
                  1    wreg      void 
 Registers used:
		wreg, fsr0l, fsr0h, status,2, status,0, btemp+1
 Tracked objects:
		On entry : 
		On exit  : 
		Unchanged: 
 Data sizes:     COMMON   BANK0   BANK1   BANK3   BANK2
      Params:         0       0       0       0       0
      Locals:         0       2       0       0       0
      Temps:          9       0       0       0       0
      Totals:         9       2       0       0       0
Total ram usage:       11 bytes
 Hardware stack levels used:    1
 Hardware stack levels required when called:    1
 This function calls:
		Nothing
 This function is called by:
		_updateScreen
 This function uses a non-reentrant model


 *************** function _srand *****************
 Defined at:
		line 6 in file "C:\Program Files (x86)\Microchip\xc8\v2.10\pic\sources\c90\common\rand.c"
 Parameters:    Size  Location     Type
  x               2    2[COMMON] unsigned int 
 Auto vars:     Size  Location     Type
		None
 Return value:  Size  Location     Type
                  1    wreg      void 
 Registers used:
		wreg
 Tracked objects:
		On entry : 
		On exit  : 
		Unchanged: 
 Data sizes:     COMMON   BANK0   BANK1   BANK3   BANK2
      Params:         2       0       0       0       0
      Locals:         0       0       0       0       0
      Temps:          0       0       0       0       0
      Totals:         2       0       0       0       0
Total ram usage:        2 bytes
 Hardware stack levels used:    1
 Hardware stack levels required when called:    1
 This function calls:
		Nothing
 This function is called by:
		_main
 This function uses a non-reentrant model


 *************** function _init_timer *****************
 Defined at:
		line 55 in file "init.c"
 Parameters:    Size  Location     Type
		None
 Auto vars:     Size  Location     Type
		None
 Return value:  Size  Location     Type
                  1    wreg      void 
 Registers used:
		status,2
 Tracked objects:
		On entry : 
		On exit  : 
		Unchanged: 
 Data sizes:     COMMON   BANK0   BANK1   BANK3   BANK2
      Params:         0       0       0       0       0
      Locals:         0       0       0       0       0
      Temps:          0       0       0       0       0
      Totals:         0       0       0       0       0
Total ram usage:        0 bytes
 Hardware stack levels used:    1
 Hardware stack levels required when called:    1
 This function calls:
		Nothing
 This function is called by:
		_main
 This function uses a non-reentrant model


 *************** function _init_pines *****************
 Defined at:
		line 39 in file "init.c"
 Parameters:    Size  Location     Type
		None
 Auto vars:     Size  Location     Type
		None
 Return value:  Size  Location     Type
                  1    wreg      void 
 Registers used:
		status,2, status,0, pclath, cstack
 Tracked objects:
		On entry : 
		On exit  : 
		Unchanged: 
 Data sizes:     COMMON   BANK0   BANK1   BANK3   BANK2
      Params:         0       0       0       0       0
      Locals:         0       0       0       0       0
      Temps:          0       0       0       0       0
      Totals:         0       0       0       0       0
Total ram usage:        0 bytes
 Hardware stack levels used:    1
 Hardware stack levels required when called:    2
 This function calls:
		_init_pines_col
		_init_pines_fil
		_init_pines_in
 This function is called by:
		_main
 This function uses a non-reentrant model


 *************** function _init_pines_in *****************
 Defined at:
		line 4 in file "init.c"
 Parameters:    Size  Location     Type
		None
 Auto vars:     Size  Location     Type
		None
 Return value:  Size  Location     Type
                  1    wreg      void 
 Registers used:
		None
 Tracked objects:
		On entry : 
		On exit  : 
		Unchanged: 
 Data sizes:     COMMON   BANK0   BANK1   BANK3   BANK2
      Params:         0       0       0       0       0
      Locals:         0       0       0       0       0
      Temps:          0       0       0       0       0
      Totals:         0       0       0       0       0
Total ram usage:        0 bytes
 Hardware stack levels used:    1
 Hardware stack levels required when called:    1
 This function calls:
		Nothing
 This function is called by:
		_init_pines
 This function uses a non-reentrant model


 *************** function _init_pines_fil *****************
 Defined at:
		line 12 in file "init.c"
 Parameters:    Size  Location     Type
		None
 Auto vars:     Size  Location     Type
		None
 Return value:  Size  Location     Type
                  1    wreg      void 
 Registers used:
		None
 Tracked objects:
		On entry : 
		On exit  : 
		Unchanged: 
 Data sizes:     COMMON   BANK0   BANK1   BANK3   BANK2
      Params:         0       0       0       0       0
      Locals:         0       0       0       0       0
      Temps:          0       0       0       0       0
      Totals:         0       0       0       0       0
Total ram usage:        0 bytes
 Hardware stack levels used:    1
 Hardware stack levels required when called:    1
 This function calls:
		Nothing
 This function is called by:
		_init_pines
 This function uses a non-reentrant model


 *************** function _init_pines_col *****************
 Defined at:
		line 25 in file "init.c"
 Parameters:    Size  Location     Type
		None
 Auto vars:     Size  Location     Type
		None
 Return value:  Size  Location     Type
                  1    wreg      void 
 Registers used:
		None
 Tracked objects:
		On entry : 
		On exit  : 
		Unchanged: 
 Data sizes:     COMMON   BANK0   BANK1   BANK3   BANK2
      Params:         0       0       0       0       0
      Locals:         0       0       0       0       0
      Temps:          0       0       0       0       0
      Totals:         0       0       0       0       0
Total ram usage:        0 bytes
 Hardware stack levels used:    1
 Hardware stack levels required when called:    1
 This function calls:
		Nothing
 This function is called by:
		_init_pines
 This function uses a non-reentrant model


 *************** function _checkCount *****************
 Defined at:
		line 135 in file "mainsource.c"
 Parameters:    Size  Location     Type
		None
 Auto vars:     Size  Location     Type
  j               2   31[BANK0 ] int 
  i               2    0        int 
 Return value:  Size  Location     Type
                  1    wreg      void 
 Registers used:
		wreg, fsr0l, fsr0h, status,2, status,0, btemp+1, pclath, cstack
 Tracked objects:
		On entry : 
		On exit  : 
		Unchanged: 
 Data sizes:     COMMON   BANK0   BANK1   BANK3   BANK2
      Params:         0       0       0       0       0
      Locals:         0       4       0       0       0
      Temps:          0       1       0       0       0
      Totals:         0       5       0       0       0
Total ram usage:        5 bytes
 Hardware stack levels used:    1
 Hardware stack levels required when called:    4
 This function calls:
		_checkBottom
		_checkColission_D
		_drawFigure
		_leerEntradas
		_perdio
		_sumaPuntos
 This function is called by:
		_main
 This function uses a non-reentrant model


 *************** function _sumaPuntos *****************
 Defined at:
		line 30 in file "puntuacion.c"
 Parameters:    Size  Location     Type
		None
 Auto vars:     Size  Location     Type
  j               2    9[COMMON] int 
  i               2    7[COMMON] int 
  aux             1    6[COMMON] unsigned char 
 Return value:  Size  Location     Type
                  1    wreg      void 
 Registers used:
		wreg, fsr0l, fsr0h, status,2, status,0, btemp+1
 Tracked objects:
		On entry : 
		On exit  : 
		Unchanged: 
 Data sizes:     COMMON   BANK0   BANK1   BANK3   BANK2
      Params:         0       0       0       0       0
      Locals:         5       0       0       0       0
      Temps:          4       0       0       0       0
      Totals:         9       0       0       0       0
Total ram usage:        9 bytes
 Hardware stack levels used:    1
 Hardware stack levels required when called:    1
 This function calls:
		Nothing
 This function is called by:
		_checkCount
 This function uses a non-reentrant model


 *************** function _perdio *****************
 Defined at:
		line 13 in file "puntuacion.c"
 Parameters:    Size  Location     Type
		None
 Auto vars:     Size  Location     Type
  i               2   21[BANK0 ] int 
 Return value:  Size  Location     Type
                  1    wreg      void 
 Registers used:
		wreg, fsr0l, fsr0h, status,2, status,0, btemp+1, pclath, cstack
 Tracked objects:
		On entry : 
		On exit  : 
		Unchanged: 
 Data sizes:     COMMON   BANK0   BANK1   BANK3   BANK2
      Params:         0       0       0       0       0
      Locals:         0       2       0       0       0
      Temps:          0       3       0       0       0
      Totals:         0       5       0       0       0
Total ram usage:        5 bytes
 Hardware stack levels used:    1
 Hardware stack levels required when called:    3
 This function calls:
		___awmod
		_memset
		_rand
 This function is called by:
		_checkCount
 This function uses a non-reentrant model


 *************** function _leerEntradas *****************
 Defined at:
		line 69 in file "mainsource.c"
 Parameters:    Size  Location     Type
		None
 Auto vars:     Size  Location     Type
  aux             4   13[BANK0 ] unsigned char [4]
  i               2   19[BANK0 ] int 
  j               2   17[BANK0 ] int 
  k               2   10[BANK0 ] int 
  mask            1   12[BANK0 ] unsigned char 
 Return value:  Size  Location     Type
                  1    wreg      void 
 Registers used:
		wreg, fsr0l, fsr0h, status,2, status,0, btemp+1, pclath, cstack
 Tracked objects:
		On entry : 
		On exit  : 
		Unchanged: 
 Data sizes:     COMMON   BANK0   BANK1   BANK3   BANK2
      Params:         0       0       0       0       0
      Locals:         0      11       0       0       0
      Temps:          0       5       0       0       0
      Totals:         0      16       0       0       0
Total ram usage:       16 bytes
 Hardware stack levels used:    1
 Hardware stack levels required when called:    3
 This function calls:
		_checkColission_L
		_checkColission_R
		_checkRight
		_drawFigure
 This function is called by:
		_checkCount
 This function uses a non-reentrant model


 *************** function _drawFigure *****************
 Defined at:
		line 57 in file "screen.c"
 Parameters:    Size  Location     Type
		None
 Auto vars:     Size  Location     Type
		None
 Return value:  Size  Location     Type
                  1    wreg      void 
 Registers used:
		wreg, fsr0l, fsr0h, status,2, status,0, pclath, cstack
 Tracked objects:
		On entry : 
		On exit  : 
		Unchanged: 
 Data sizes:     COMMON   BANK0   BANK1   BANK3   BANK2
      Params:         0       0       0       0       0
      Locals:         0       0       0       0       0
      Temps:          0       5       0       0       0
      Totals:         0       5       0       0       0
Total ram usage:        5 bytes
 Hardware stack levels used:    1
 Hardware stack levels required when called:    2
 This function calls:
		_memset
 This function is called by:
		_leerEntradas
		_checkCount
 This function uses a non-reentrant model


 *************** function _memset *****************
 Defined at:
		line 8 in file "C:\Program Files (x86)\Microchip\xc8\v2.10\pic\sources\c90\common\memset.c"
 Parameters:    Size  Location     Type
  p1              1    wreg     PTR void 
		 -> fondo(16), ficha(16), 
  c               2    2[COMMON] int 
  n               2    4[COMMON] unsigned int 
 Auto vars:     Size  Location     Type
  p1              1    8[COMMON] PTR void 
		 -> fondo(16), ficha(16), 
  p               1    7[COMMON] PTR unsigned char 
		 -> fondo(16), ficha(16), 
 Return value:  Size  Location     Type
                  1    wreg      PTR void 
 Registers used:
		wreg, fsr0l, fsr0h, status,2, status,0
 Tracked objects:
		On entry : 
		On exit  : 
		Unchanged: 
 Data sizes:     COMMON   BANK0   BANK1   BANK3   BANK2
      Params:         4       0       0       0       0
      Locals:         2       0       0       0       0
      Temps:          1       0       0       0       0
      Totals:         7       0       0       0       0
Total ram usage:        7 bytes
 Hardware stack levels used:    1
 Hardware stack levels required when called:    1
 This function calls:
		Nothing
 This function is called by:
		_drawFigure
		_perdio
 This function uses a non-reentrant model


 *************** function _checkRight *****************
 Defined at:
		line 26 in file "colisiones.c"
 Parameters:    Size  Location     Type
		None
 Auto vars:     Size  Location     Type
		None
 Return value:  Size  Location     Type
                  1    wreg      _Bool 
 Registers used:
		wreg, status,2, status,0
 Tracked objects:
		On entry : 
		On exit  : 
		Unchanged: 
 Data sizes:     COMMON   BANK0   BANK1   BANK3   BANK2
      Params:         0       0       0       0       0
      Locals:         0       0       0       0       0
      Temps:          0       0       0       0       0
      Totals:         0       0       0       0       0
Total ram usage:        0 bytes
 Hardware stack levels used:    1
 Hardware stack levels required when called:    1
 This function calls:
		Nothing
 This function is called by:
		_leerEntradas
 This function uses a non-reentrant model


 *************** function _checkColission_R *****************
 Defined at:
		line 51 in file "colisiones.c"
 Parameters:    Size  Location     Type
		None
 Auto vars:     Size  Location     Type
  i               2    0[BANK0 ] int 
 Return value:  Size  Location     Type
                  1    wreg      _Bool 
 Registers used:
		wreg, fsr0l, fsr0h, status,2, status,0
 Tracked objects:
		On entry : 
		On exit  : 
		Unchanged: 
 Data sizes:     COMMON   BANK0   BANK1   BANK3   BANK2
      Params:         0       0       0       0       0
      Locals:         0       2       0       0       0
      Temps:          8       0       0       0       0
      Totals:         8       2       0       0       0
Total ram usage:       10 bytes
 Hardware stack levels used:    1
 Hardware stack levels required when called:    1
 This function calls:
		Nothing
 This function is called by:
		_leerEntradas
 This function uses a non-reentrant model


 *************** function _checkColission_L *****************
 Defined at:
		line 61 in file "colisiones.c"
 Parameters:    Size  Location     Type
		None
 Auto vars:     Size  Location     Type
  i               2    0[BANK0 ] int 
 Return value:  Size  Location     Type
                  1    wreg      _Bool 
 Registers used:
		wreg, fsr0l, fsr0h, status,2, status,0
 Tracked objects:
		On entry : 
		On exit  : 
		Unchanged: 
 Data sizes:     COMMON   BANK0   BANK1   BANK3   BANK2
      Params:         0       0       0       0       0
      Locals:         0       2       0       0       0
      Temps:          8       0       0       0       0
      Totals:         8       2       0       0       0
Total ram usage:       10 bytes
 Hardware stack levels used:    1
 Hardware stack levels required when called:    1
 This function calls:
		Nothing
 This function is called by:
		_leerEntradas
 This function uses a non-reentrant model


 *************** function _checkColission_D *****************
 Defined at:
		line 38 in file "colisiones.c"
 Parameters:    Size  Location     Type
		None
 Auto vars:     Size  Location     Type
  i               2   26[BANK0 ] int 
 Return value:  Size  Location     Type
                  1    wreg      void 
 Registers used:
		wreg, fsr0l, fsr0h, status,2, status,0, btemp+1, pclath, cstack
 Tracked objects:
		On entry : 
		On exit  : 
		Unchanged: 
 Data sizes:     COMMON   BANK0   BANK1   BANK3   BANK2
      Params:         0       0       0       0       0
      Locals:         0       2       0       0       0
      Temps:          0       8       0       0       0
      Totals:         0      10       0       0       0
Total ram usage:       10 bytes
 Hardware stack levels used:    1
 Hardware stack levels required when called:    3
 This function calls:
		___awmod
		_drawBground
		_rand
 This function is called by:
		_checkCount
 This function uses a non-reentrant model


 *************** function _checkBottom *****************
 Defined at:
		line 17 in file "colisiones.c"
 Parameters:    Size  Location     Type
		None
 Auto vars:     Size  Location     Type
		None
 Return value:  Size  Location     Type
                  1    wreg      void 
 Registers used:
		wreg, fsr0l, fsr0h, status,2, status,0, btemp+1, pclath, cstack
 Tracked objects:
		On entry : 
		On exit  : 
		Unchanged: 
 Data sizes:     COMMON   BANK0   BANK1   BANK3   BANK2
      Params:         0       0       0       0       0
      Locals:         0       0       0       0       0
      Temps:          0       1       0       0       0
      Totals:         0       1       0       0       0
Total ram usage:        1 bytes
 Hardware stack levels used:    1
 Hardware stack levels required when called:    3
 This function calls:
		___awmod
		_drawBground
		_rand
 This function is called by:
		_checkCount
 This function uses a non-reentrant model


 *************** function _rand *****************
 Defined at:
		line 12 in file "C:\Program Files (x86)\Microchip\xc8\v2.10\pic\sources\c90\common\rand.c"
 Parameters:    Size  Location     Type
		None
 Auto vars:     Size  Location     Type
		None
 Return value:  Size  Location     Type
                  2    4[BANK0 ] int 
 Registers used:
		wreg, status,2, status,0, pclath, cstack
 Tracked objects:
		On entry : 
		On exit  : 
		Unchanged: 
 Data sizes:     COMMON   BANK0   BANK1   BANK3   BANK2
      Params:         0       2       0       0       0
      Locals:         0       0       0       0       0
      Temps:          0       5       0       0       0
      Totals:         0       7       0       0       0
Total ram usage:        7 bytes
 Hardware stack levels used:    1
 Hardware stack levels required when called:    2
 This function calls:
		___lmul
 This function is called by:
		_main
		_checkBottom
		_checkColission_D
		_perdio
 This function uses a non-reentrant model


 *************** function ___lmul *****************
 Defined at:
		line 15 in file "C:\Program Files (x86)\Microchip\xc8\v2.10\pic\sources\c90\common\Umul32.c"
 Parameters:    Size  Location     Type
  multiplier      4    2[COMMON] unsigned long 
  multiplicand    4    6[COMMON] unsigned long 
 Auto vars:     Size  Location     Type
  product         4    0[BANK0 ] unsigned long 
 Return value:  Size  Location     Type
                  4    2[COMMON] unsigned long 
 Registers used:
		wreg, status,2, status,0
 Tracked objects:
		On entry : 
		On exit  : 
		Unchanged: 
 Data sizes:     COMMON   BANK0   BANK1   BANK3   BANK2
      Params:         8       0       0       0       0
      Locals:         0       4       0       0       0
      Temps:          1       0       0       0       0
      Totals:         9       4       0       0       0
Total ram usage:       13 bytes
 Hardware stack levels used:    1
 Hardware stack levels required when called:    1
 This function calls:
		Nothing
 This function is called by:
		_rand
 This function uses a non-reentrant model


 *************** function _drawBground *****************
 Defined at:
		line 46 in file "screen.c"
 Parameters:    Size  Location     Type
		None
 Auto vars:     Size  Location     Type
  i               2    0[BANK0 ] int 
 Return value:  Size  Location     Type
                  1    wreg      void 
 Registers used:
		wreg, fsr0l, fsr0h, status,2, status,0, btemp+1
 Tracked objects:
		On entry : 
		On exit  : 
		Unchanged: 
 Data sizes:     COMMON   BANK0   BANK1   BANK3   BANK2
      Params:         0       0       0       0       0
      Locals:         0       2       0       0       0
      Temps:          9       0       0       0       0
      Totals:         9       2       0       0       0
Total ram usage:       11 bytes
 Hardware stack levels used:    1
 Hardware stack levels required when called:    1
 This function calls:
		Nothing
 This function is called by:
		_checkBottom
		_checkColission_D
 This function uses a non-reentrant model


 *************** function ___awmod *****************
 Defined at:
		line 5 in file "C:\Program Files (x86)\Microchip\xc8\v2.10\pic\sources\c90\common\awmod.c"
 Parameters:    Size  Location     Type
  divisor         2   11[BANK0 ] int 
  dividend        2   13[BANK0 ] int 
 Auto vars:     Size  Location     Type
  sign            1   17[BANK0 ] unsigned char 
  counter         1   16[BANK0 ] unsigned char 
 Return value:  Size  Location     Type
                  2   11[BANK0 ] int 
 Registers used:
		wreg, status,2, status,0
 Tracked objects:
		On entry : 
		On exit  : 
		Unchanged: 
 Data sizes:     COMMON   BANK0   BANK1   BANK3   BANK2
      Params:         0       4       0       0       0
      Locals:         0       2       0       0       0
      Temps:          0       1       0       0       0
      Totals:         0       7       0       0       0
Total ram usage:        7 bytes
 Hardware stack levels used:    1
 Hardware stack levels required when called:    1
 This function calls:
		Nothing
 This function is called by:
		_main
		_checkBottom
		_checkColission_D
		_perdio
 This function uses a non-reentrant model


 *************** function _Timer0_ISR *****************
 Defined at:
		line 160 in file "mainsource.c"
 Parameters:    Size  Location     Type
		None
 Auto vars:     Size  Location     Type
		None
 Return value:  Size  Location     Type
                  1    wreg      void 
 Registers used:
		wreg, status,2
 Tracked objects:
		On entry : 
		On exit  : 
		Unchanged: 
 Data sizes:     COMMON   BANK0   BANK1   BANK3   BANK2
      Params:         0       0       0       0       0
      Locals:         0       0       0       0       0
      Temps:          2       0       0       0       0
      Totals:         2       0       0       0       0
Total ram usage:        2 bytes
 Hardware stack levels used:    1
 This function calls:
		Nothing
 This function is called by:
		Interrupt level 1
 This function uses a non-reentrant model



MODULE INFORMATION

Module		Function		Class		Link	Load	Size
columnas.c
		_shiftBitColumna		CODE           	00A9	0000	29
		_latchClock_Col		CODE           	001E	0000	6
		_shiftClock_Col		CODE           	0035	0000	7

columnas.c estimated size: 42

colisiones.c
		_checkColission_R		CODE           	01E8	0000	69
		_checkRight    		CODE           	004C	0000	13
		_checkBottom   		CODE           	0101	0000	50
		_checkColission_D		CODE           	0557	0000	119
		_checkColission_L		CODE           	0398	0000	77

colisiones.c estimated size: 328

screen.c
		_drawFigure    		CODE           	05CD	0000	158
		_updateScreen  		CODE           	048E	0000	100
		_drawBground   		CODE           	0166	0000	66
		_addToScreen   		CODE           	01A7	0000	66

screen.c estimated size: 390

C:\Program Files (x86)\Microchip\xc8\v2.10\pic\sources\c90\common\Umul32.c
		___lmul        		CODE           	034C	0000	77

C:\Program Files (x86)\Microchip\xc8\v2.10\pic\sources\c90\common\Umul32.c estimated size: 77

shared
		__initialization		CODE           	07D1	0000	44

shared estimated size: 44

C:\Program Files (x86)\Microchip\xc8\v2.10\pic\sources\c90\common\memset.c
		_memset        		CODE           	00E1	0000	33

C:\Program Files (x86)\Microchip\xc8\v2.10\pic\sources\c90\common\memset.c estimated size: 33

C:\Program Files (x86)\Microchip\xc8\v2.10\pic\sources\c90\common\awmod.c
		___awmod       		CODE           	0433	0000	92

C:\Program Files (x86)\Microchip\xc8\v2.10\pic\sources\c90\common\awmod.c estimated size: 92

puntuacion.c
		_perdio        		CODE           	04F1	0000	103
		_sumaPuntos    		CODE           	0273	0000	72

puntuacion.c estimated size: 175

filas.c
		_latchClock_Fil		CODE           	002F	0000	7
		_shiftClock_Fil		CODE           	0029	0000	7
		_setFilas      		CODE           	02BA	0000	72

filas.c estimated size: 86

init.c
		_init_pines    		CODE           	0073	0000	17
		_init_pines_in 		CODE           	0023	0000	7
		_init_pines_fil		CODE           	0058	0000	14
		_init_pines_col		CODE           	0083	0000	20
		_init_timer    		CODE           	0065	0000	15

init.c estimated size: 73

mainsource.c
		_checkCount    		CODE           	03E4	0000	80
		_Timer0_ISR    		CODE           	0132	0000	53
		_leerEntradas  		CODE           	066A	0000	360
		_main          		CODE           	0301	0000	76

mainsource.c estimated size: 569

C:\Program Files (x86)\Microchip\xc8\v2.10\pic\sources\c90\common\rand.c
		_srand         		CODE           	0043	0000	10
		_rand          		CODE           	022C	0000	72

C:\Program Files (x86)\Microchip\xc8\v2.10\pic\sources\c90\common\rand.c estimated size: 82

