Microchip MPLAB XC8 Compiler V2.10 ()

Linker command line:

-W-3 --edf=C:\Program Files (x86)\Microchip\xc8\v2.10\pic\dat\en_msgs.txt \
  -cs -h+dist/default/debug\Tetris.X.debug.sym \
  --cmf=dist/default/debug\Tetris.X.debug.cmf -z -Q16F877A \
  -oC:\Users\ASUS\AppData\Local\Temp\sc88.2 --defsym=__MPLAB_BUILD=1 \
  -Mdist/default/debug/Tetris.X.debug.map -E1 -ver=XC8 --acfsm=1493 \
  -ASTACK=0110h-016Fh -pstack=STACK -ACODE=00h-07FFhx3,01800h-01EFFh \
  -ASTRCODE=00h-01EFFh -ASTRING=00h-0FFhx31 -ACONST=00h-0FFhx31 \
  -AENTRY=00h-0FFhx31 -ACOMMON=071h-07Fh -ABANK0=020h-06Fh \
  -ABANK1=0A0h-0EFh -ABANK2=0110h-016Fh -ABANK3=0190h-01E4h \
  -ARAM=020h-06Fh,0A0h-0EFh,0110h-016Fh,0190h-01E4h \
  -AABS1=020h-07Fh,0A0h-0EFh,0110h-016Fh,0190h-01EFh -ASFR0=00h-01Fh \
  -ASFR1=080h-09Fh -ASFR2=0100h-010Fh -ASFR3=0180h-018Fh \
  -preset_vec=00h,intentry=04h,init,end_init -ppowerup=CODE -pcinit=CODE \
  -pfunctab=ENTRY -ACONFIG=02007h-02007h -pconfig=CONFIG -DCONFIG=2 \
  -AIDLOC=02000h-02003h -pidloc=IDLOC -DIDLOC=2 -AEEDATA=00h-0FFh/02100h \
  -peeprom_data=EEDATA -DEEDATA=2 -DCODE=2 -DSTRCODE=2 -DSTRING=2 -DCONST=2 \
  -DENTRY=2 -k C:\Users\ASUS\AppData\Local\Temp\sc88.o \
  dist/default/debug\Tetris.X.debug.o 

Object code version is 3.11

Machine type is 16F877A



                Name                               Link     Load   Length Selector   Space Scale
C:\Users\ASUS\AppData\Local\Temp\sc88.o
                end_init                              C        C        3        8       0
                reset_vec                             0        0        4        0       0
                config                             2007     2007        1     400E       0
dist/default/debug\Tetris.X.debug.o
                cinit                               7D0      7D0       30      FA0       0
                intentry                              4        4        8        8       0
                text21                              283      283       34      506       0
                text20                              414      414       5B      828       0
                text19                              263      263       20      4C6       0
                text18                              4CF      4CF       CA      99E       0
                text17                              3C8      3C8       4C      790       0
                text16                              2EF      2EF       47      5DE       0
                text15                              599      599      237      B32       0
                text14                              1D2      1D2        8      3A4       0
                text13                              221      221       13      442       0
                text12                              1F6      1F6        D      3EC       0
                text11                              1EB      1EB        B      3D6       0
                text10                              211      211       10      422       0
                text9                               203      203        E      406       0
                text8                               1E2      1E2        9      3C4       0
                text7                               1C0      1C0        6      380       0
                text6                               336      336       47      66C       0
                text5                               1BB      1BB        5      376       0
                text4                               1C6      1C6        6      38C       0
                text3                               1CC      1CC        6      398       0
                text2                               247      247       1C      48E       0
                text1                               37D      37D       4B      6FA       0
                maintext                            46F      46F       60      8DE       0
                cstackBANK0                          20       20       25       20       1
                cstackCOMMON                         71       71        B       71       1
                clrtext                             1DA      1DA        8      3B4       0
                inittext                            234      234       13      468       0
                dataBANK3                           190      190       38      190       1
                bssBANK1                             A0       A0       20       A0       1
                dataBANK0                            62       62        4       20       1
                bssBANK0                             45       45       1D       20       1
                idataBANK3                          2B7      2B7       38      56E       0
                idataBANK0                          1B7      1B7        4      36E       0

TOTAL           Name                               Link     Load   Length     Space
        CLASS   STACK          

        CLASS   CODE           
                end_init                              C        C        3         0
                cinit                               7D0      7D0       30         0
                intentry                              4        4        8         0
                reset_vec                             0        0        4         0
                text21                              283      283       34         0
                text20                              414      414       5B         0
                text19                              263      263       20         0
                text18                              4CF      4CF       CA         0
                text17                              3C8      3C8       4C         0
                text16                              2EF      2EF       47         0
                text15                              599      599      237         0
                text14                              1D2      1D2        8         0
                text13                              221      221       13         0
                text12                              1F6      1F6        D         0
                text11                              1EB      1EB        B         0
                text10                              211      211       10         0
                text9                               203      203        E         0
                text8                               1E2      1E2        9         0
                text7                               1C0      1C0        6         0
                text6                               336      336       47         0
                text5                               1BB      1BB        5         0
                text4                               1C6      1C6        6         0
                text3                               1CC      1CC        6         0
                text2                               247      247       1C         0
                text1                               37D      37D       4B         0
                maintext                            46F      46F       60         0
                clrtext                             1DA      1DA        8         0
                inittext                            234      234       13         0
                idataBANK3                          2B7      2B7       38         0
                idataBANK0                          1B7      1B7        4         0

        CLASS   STRCODE        

        CLASS   STRING         

        CLASS   CONST          

        CLASS   ENTRY          

        CLASS   COMMON         
                cstackCOMMON                         71       71        B         1

        CLASS   BANK0          
                cstackBANK0                          20       20       25         1
                dataBANK0                            62       62        4         1
                bssBANK0                             45       45       1D         1

        CLASS   BANK1          
                bssBANK1                             A0       A0       20         1

        CLASS   BANK2          

        CLASS   BANK3          
                dataBANK3                           190      190       38         1

        CLASS   RAM            

        CLASS   ABS1           
                abs_s1                               7E       7E        2         1

        CLASS   SFR0           

        CLASS   SFR1           

        CLASS   SFR2           

        CLASS   SFR3           

        CLASS   CONFIG         
                config                             2007     2007        1         0

        CLASS   IDLOC          

        CLASS   EEDATA         



SEGMENTS        Name                           Load    Length   Top    Selector   Space  Class     Delta

                reset_vec                      000000  000004  000004         0       0  CODE        2
                intentry                       000004  00000B  00000F         8       0  CODE        2
                cstackBANK0                    000020  000046  000066        20       1  BANK0       1
                cstackCOMMON                   000071  00000B  00007C        71       1  COMMON      1
                bssBANK1                       0000A0  000020  0000C0        A0       1  BANK1       1
                dataBANK3                      000190  000038  0001C8       190       1  BANK3       1
                idataBANK0                     0001B7  000004  0001BB       36E       0  CODE        2
                text5                          0001BB  000005  0001C0       376       0  CODE        2
                text7                          0001C0  000006  0001C6       380       0  CODE        2
                text4                          0001C6  000006  0001CC       38C       0  CODE        2
                text3                          0001CC  000006  0001D2       398       0  CODE        2
                text14                         0001D2  000008  0001DA       3A4       0  CODE        2
                clrtext                        0001DA  000008  0001E2       3B4       0  CODE        2
                text8                          0001E2  000009  0001EB       3C4       0  CODE        2
                text11                         0001EB  00000B  0001F6       3D6       0  CODE        2
                text12                         0001F6  00000D  000203       3EC       0  CODE        2
                text9                          000203  00000E  000211       406       0  CODE        2
                text10                         000211  000010  000221       422       0  CODE        2
                text13                         000221  000013  000234       442       0  CODE        2
                inittext                       000234  000013  000247       468       0  CODE        2
                text2                          000247  00001C  000263       48E       0  CODE        2
                text19                         000263  000020  000283       4C6       0  CODE        2
                text21                         000283  000034  0002B7       506       0  CODE        2
                idataBANK3                     0002B7  000038  0002EF       56E       0  CODE        2
                text16                         0002EF  000047  000336       5DE       0  CODE        2
                text6                          000336  000047  00037D       66C       0  CODE        2
                text1                          00037D  00004B  0003C8       6FA       0  CODE        2
                text17                         0003C8  00004C  000414       790       0  CODE        2
                text20                         000414  00005B  00046F       828       0  CODE        2
                maintext                       00046F  000060  0004CF       8DE       0  CODE        2
                text18                         0004CF  0000CA  000599       99E       0  CODE        2
                text15                         000599  000237  0007D0       B32       0  CODE        2
                cinit                          0007D0  000030  000800       FA0       0  CODE        2
                config                         002007  000001  002008      400E       0  CONFIG      2


UNUSED ADDRESS RANGES

        Name                Unused          Largest block    Delta
        BANK0            0066-006F              A           1
        BANK1            00C0-00EF             30           1
        BANK2            0110-016F             60           1
        BANK3            01C8-01E4             1D           1
        CODE             000F-01B6            1A8           2
                         0800-1EFF            800
        COMMON           007C-007D              2           1
        CONST            000F-01B6             F1           2
                         0800-1EFF            100
        EEDATA           2100-21FF            100           2
        ENTRY            000F-01B6             F1           2
                         0800-1EFF            100
        IDLOC            2000-2003              4           2
        RAM              0066-006F              A           1
                         00C0-00EF             30
                         0110-016F             60
                         01C8-01E4             1D
        SFR0             0000-001F             20           1
        SFR1             0080-009F             20           1
        SFR2             0100-010F             10           1
        SFR3             0180-018F             10           1
        STACK            0110-016F             60           1
        STRCODE          000F-01B6            1A8           2
                         0800-1EFF           1700
        STRING           000F-01B6             F1           2
                         0800-1EFF            100

                                  Symbol Table

?___awmod                 cstackBANK0  002B
?___lmul                  cstackCOMMON 0073
?_rand                    cstackBANK0  0024
_INTCONbits               (abs)        000B
_OPTION_REGbits           (abs)        0081
_PORTBbits                (abs)        0006
_PORTCbits                (abs)        0007
_PORTDbits                (abs)        0008
_TMR0                     (abs)        0001
_TRISBbits                (abs)        0086
_TRISCbits                (abs)        0087
_TRISDbits                (abs)        0088
_Timer0_ISR               text21       0283
__CFG_BOREN$ON            (abs)        0000
__CFG_CP$OFF              (abs)        0000
__CFG_CPD$OFF             (abs)        0000
__CFG_FOSC$XT             (abs)        0000
__CFG_LVP$OFF             (abs)        0000
__CFG_PWRTE$OFF           (abs)        0000
__CFG_WDTE$OFF            (abs)        0000
__CFG_WRT$OFF             (abs)        0000
__Habs1                   abs1         0000
__Hbank0                  bank0        0000
__Hbank1                  bank1        0000
__Hbank2                  bank2        0000
__Hbank3                  bank3        0000
__HbssBANK0               bssBANK0     0000
__HbssBANK1               bssBANK1     0000
__Hcinit                  cinit        0800
__Hclrtext                clrtext      0000
__Hcode                   code         0000
__Hcommon                 common       0000
__Hconfig                 config       2008
__HcstackBANK0            cstackBANK0  0000
__HcstackCOMMON           cstackCOMMON 0000
__HdataBANK0              dataBANK0    0000
__HdataBANK3              dataBANK3    0000
__Heeprom_data            eeprom_data  0000
__Hend_init               end_init     000F
__Hfunctab                functab      0000
__HidataBANK0             idataBANK0   0000
__HidataBANK3             idataBANK3   0000
__Hidloc                  idloc        0000
__Hinit                   init         000C
__Hinittext               inittext     0000
__Hintentry               intentry     000C
__Hmaintext               maintext     0000
__Hpowerup                powerup      0000
__Hram                    ram          0000
__Hreset_vec              reset_vec    0004
__Hsfr0                   sfr0         0000
__Hsfr1                   sfr1         0000
__Hsfr2                   sfr2         0000
__Hsfr3                   sfr3         0000
__Hspace_0                (abs)        2008
__Hspace_1                (abs)        01C8
__Hspace_2                (abs)        0000
__Hspace_3                (abs)        0000
__Hstack                  stack        0000
__Hstrings                strings      0000
__Htext                   text         0000
__Labs1                   abs1         0000
__Lbank0                  bank0        0000
__Lbank1                  bank1        0000
__Lbank2                  bank2        0000
__Lbank3                  bank3        0000
__LbssBANK0               bssBANK0     0000
__LbssBANK1               bssBANK1     0000
__Lcinit                  cinit        07D0
__Lclrtext                clrtext      0000
__Lcode                   code         0000
__Lcommon                 common       0000
__Lconfig                 config       2007
__LcstackBANK0            cstackBANK0  0000
__LcstackCOMMON           cstackCOMMON 0000
__LdataBANK0              dataBANK0    0000
__LdataBANK3              dataBANK3    0000
__Leeprom_data            eeprom_data  0000
__Lend_init               end_init     000C
__Lfunctab                functab      0000
__LidataBANK0             idataBANK0   0000
__LidataBANK3             idataBANK3   0000
__Lidloc                  idloc        0000
__Linit                   init         000C
__Linittext               inittext     0000
__Lintentry               intentry     0004
__Lmaintext               maintext     0000
__Lpowerup                powerup      0000
__Lram                    ram          0000
__Lreset_vec              reset_vec    0000
__Lsfr0                   sfr0         0000
__Lsfr1                   sfr1         0000
__Lsfr2                   sfr2         0000
__Lsfr3                   sfr3         0000
__Lspace_0                (abs)        0000
__Lspace_1                (abs)        0000
__Lspace_2                (abs)        0000
__Lspace_3                (abs)        0000
__Lstack                  stack        0000
__Lstrings                strings      0000
__Ltext                   text         0000
__S0                      (abs)        2008
__S1                      (abs)        01C8
__S2                      (abs)        0000
__S3                      (abs)        0000
___awmod                  text20       0414
___awmod@counter          cstackBANK0  0030
___awmod@dividend         cstackBANK0  002D
___awmod@divisor          cstackBANK0  002B
___awmod@sign             cstackBANK0  0031
___int_sp                 stack        0000
___latbits                (abs)        0002
___lmul                   text17       03C8
___lmul@multiplicand      cstackCOMMON 0077
___lmul@multiplier        cstackCOMMON 0073
___lmul@product           cstackBANK0  0020
___sp                     stack        0000
___stackhi                (abs)        0000
___stacklo                (abs)        0000
__end_of_Timer0_ISR       text21       02B7
__end_of___awmod          text20       046F
__end_of___lmul           text17       0414
__end_of__initialization  cinit        07FC
__end_of_checkCount       text15       07D0
__end_of_drawFigure       text18       0599
__end_of_init_interrupt   text14       01DA
__end_of_init_pines       text10       0221
__end_of_init_pines_col   text13       0234
__end_of_init_pines_fil   text12       0203
__end_of_init_pines_in    text11       01F6
__end_of_init_timer       text9        0211
__end_of_latchClock_Col   text5        01C0
__end_of_latchClock_Fil   text4        01CC
__end_of_main             maintext     04CF
__end_of_memset           text19       0283
__end_of_rand             text16       0336
__end_of_setFilas         text6        037D
__end_of_shiftBitColumna  text2        0263
__end_of_shiftClock_Col   text3        01D2
__end_of_shiftClock_Fil   text7        01C6
__end_of_srand            text8        01EB
__end_of_updateScreen     text1        03C8
__initialization          cinit        07D0
__pbssBANK0               bssBANK0     0045
__pbssBANK1               bssBANK1     00A0
__pcstackBANK0            cstackBANK0  0020
__pcstackCOMMON           cstackCOMMON 0071
__pdataBANK0              dataBANK0    0062
__pdataBANK3              dataBANK3    0190
__pidataBANK0             idataBANK0   01B7
__pidataBANK3             idataBANK3   02B7
__pintentry               intentry     0004
__pmaintext               maintext     046F
__ptext1                  text1        037D
__ptext10                 text10       0211
__ptext11                 text11       01EB
__ptext12                 text12       01F6
__ptext13                 text13       0221
__ptext14                 text14       01D2
__ptext15                 text15       0599
__ptext16                 text16       02EF
__ptext17                 text17       03C8
__ptext18                 text18       04CF
__ptext19                 text19       0263
__ptext2                  text2        0247
__ptext20                 text20       0414
__ptext21                 text21       0283
__ptext3                  text3        01CC
__ptext4                  text4        01C6
__ptext5                  text5        01BB
__ptext6                  text6        0336
__ptext7                  text7        01C0
__ptext8                  text8        01E2
__ptext9                  text9        0203
__size_of_Timer0_ISR      (abs)        0000
__size_of___awmod         (abs)        0000
__size_of___lmul          (abs)        0000
__size_of_checkCount      (abs)        0000
__size_of_drawFigure      (abs)        0000
__size_of_init_interrupt  (abs)        0000
__size_of_init_pines      (abs)        0000
__size_of_init_pines_col  (abs)        0000
__size_of_init_pines_fil  (abs)        0000
__size_of_init_pines_in   (abs)        0000
__size_of_init_timer      (abs)        0000
__size_of_latchClock_Col  (abs)        0000
__size_of_latchClock_Fil  (abs)        0000
__size_of_main            (abs)        0000
__size_of_memset          (abs)        0000
__size_of_rand            (abs)        0000
__size_of_setFilas        (abs)        0000
__size_of_shiftBitColumna (abs)        0000
__size_of_shiftClock_Col  (abs)        0000
__size_of_shiftClock_Fil  (abs)        0000
__size_of_srand           (abs)        0000
__size_of_updateScreen    (abs)        0000
_checkCount               text15       0599
_con                      bssBANK0     0045
_drawFigure               text18       04CF
_ficha                    bssBANK1     00A0
_figuras                  dataBANK3    0190
_fondo                    bssBANK0     0052
_init_interrupt           text14       01D2
_init_pines               text10       0211
_init_pines_col           text13       0221
_init_pines_fil           text12       01F6
_init_pines_in            text11       01EB
_init_timer               text9        0203
_latchClock_Col           text5        01BB
_latchClock_Fil           text4        01C6
_main                     maintext     046F
_memset                   text19       0263
_pantalla                 bssBANK1     00B0
_rand                     text16       02EF
_randx                    dataBANK0    0062
_setFilas                 text6        0336
_shiftBitColumna          text2        0247
_shiftClock_Col           text3        01CC
_shiftClock_Fil           text7        01C0
_srand                    text8        01E2
_timerCount               bssBANK0     004E
_updateScreen             text1        037D
btemp                     (abs)        007E
checkCount@i              cstackBANK0  003D
checkCount@j              cstackBANK0  003B
clear_ram0                clrtext      01DA
end_of_initialization     cinit        07FC
init_fetch0               inittext     0234
init_ram0                 inittext     0238
interrupt_function        intentry     0004
intlevel0                 functab      0000
intlevel1                 functab      0000
intlevel2                 functab      0000
intlevel3                 functab      0000
intlevel4                 functab      0000
intlevel5                 functab      0000
memset@c                  cstackCOMMON 0073
memset@n                  cstackCOMMON 0075
memset@p                  cstackCOMMON 0078
memset@p1                 cstackCOMMON 0079
reset_vec                 reset_vec    0000
saved_w                   (abs)        007E
setFilas@i                cstackBANK0  0020
setFilas@reg_value        cstackCOMMON 0073
shiftBitColumna@bit       cstackCOMMON 0074
srand@x                   cstackCOMMON 0073
start                     init         000C
start_initialization      cinit        07D0
updateScreen@screen       cstackCOMMON 007B
wtemp0                    (abs)        007E


FUNCTION INFORMATION:

 *************** function _main *****************
 Defined at:
		line 41 in file "mainsource.c"
 Parameters:    Size  Location     Type
  argc            2   31[BANK0 ] int 
  argv            2   33[BANK0 ] PTR PTR unsigned char 
 Auto vars:     Size  Location     Type
  j               2    0        int 
  i               2    0        int 
 Return value:  Size  Location     Type
                  2   31[BANK0 ] int 
 Registers used:
		wreg, fsr0l, fsr0h, status,2, status,0, btemp+1, pclath, cstack
 Tracked objects:
		On entry : 
		On exit  : 
		Unchanged: 
 Data sizes:     COMMON   BANK0   BANK1   BANK3   BANK2
      Params:         0       4       0       0       0
      Locals:         0       4       0       0       0
      Temps:          0       2       0       0       0
      Totals:         0      10       0       0       0
Total ram usage:       10 bytes
 Hardware stack levels required when called:    4
 This function calls:
		___awmod
		_checkCount
		_init_interrupt
		_init_pines
		_init_timer
		_rand
		_srand
		_updateScreen
 This function is called by:
		Startup code after reset
 This function uses a non-reentrant model


 *************** function _updateScreen *****************
 Defined at:
		line 12 in file "screen.c"
 Parameters:    Size  Location     Type
  screen          1    wreg     PTR unsigned int 
		 -> pantalla(16), 
 Auto vars:     Size  Location     Type
  screen          1   10[COMMON] PTR unsigned int 
		 -> pantalla(16), 
 Return value:  Size  Location     Type
                  1    wreg      void 
 Registers used:
		wreg, fsr0l, fsr0h, status,2, status,0, btemp+1, pclath, cstack
 Tracked objects:
		On entry : 
		On exit  : 
		Unchanged: 
 Data sizes:     COMMON   BANK0   BANK1   BANK3   BANK2
      Params:         0       0       0       0       0
      Locals:         1       0       0       0       0
      Temps:          0       4       0       0       0
      Totals:         1       4       0       0       0
Total ram usage:        5 bytes
 Hardware stack levels used:    1
 Hardware stack levels required when called:    3
 This function calls:
		_setFilas
		_shiftBitColumna
 This function is called by:
		_main
 This function uses a non-reentrant model


 *************** function _shiftBitColumna *****************
 Defined at:
		line 32 in file "columnas.c"
 Parameters:    Size  Location     Type
  bit             1    wreg     unsigned char 
 Auto vars:     Size  Location     Type
  bit             1    3[COMMON] unsigned char 
 Return value:  Size  Location     Type
                  1    wreg      void 
 Registers used:
		wreg, status,2, status,0, pclath, cstack
 Tracked objects:
		On entry : 
		On exit  : 
		Unchanged: 
 Data sizes:     COMMON   BANK0   BANK1   BANK3   BANK2
      Params:         0       0       0       0       0
      Locals:         1       0       0       0       0
      Temps:          1       0       0       0       0
      Totals:         2       0       0       0       0
Total ram usage:        2 bytes
 Hardware stack levels used:    1
 Hardware stack levels required when called:    2
 This function calls:
		_latchClock_Col
		_latchClock_Fil
		_shiftClock_Col
 This function is called by:
		_updateScreen
 This function uses a non-reentrant model


 *************** function _shiftClock_Col *****************
 Defined at:
		line 12 in file "columnas.c"
 Parameters:    Size  Location     Type
		None
 Auto vars:     Size  Location     Type
		None
 Return value:  Size  Location     Type
                  1    wreg      void 
 Registers used:
		None
 Tracked objects:
		On entry : 
		On exit  : 
		Unchanged: 
 Data sizes:     COMMON   BANK0   BANK1   BANK3   BANK2
      Params:         0       0       0       0       0
      Locals:         0       0       0       0       0
      Temps:          0       0       0       0       0
      Totals:         0       0       0       0       0
Total ram usage:        0 bytes
 Hardware stack levels used:    1
 Hardware stack levels required when called:    1
 This function calls:
		Nothing
 This function is called by:
		_shiftBitColumna
		_setColumnas
 This function uses a non-reentrant model


 *************** function _latchClock_Fil *****************
 Defined at:
		line 7 in file "filas.c"
 Parameters:    Size  Location     Type
		None
 Auto vars:     Size  Location     Type
		None
 Return value:  Size  Location     Type
                  1    wreg      void 
 Registers used:
		None
 Tracked objects:
		On entry : 
		On exit  : 
		Unchanged: 
 Data sizes:     COMMON   BANK0   BANK1   BANK3   BANK2
      Params:         0       0       0       0       0
      Locals:         0       0       0       0       0
      Temps:          0       0       0       0       0
      Totals:         0       0       0       0       0
Total ram usage:        0 bytes
 Hardware stack levels used:    1
 Hardware stack levels required when called:    1
 This function calls:
		Nothing
 This function is called by:
		_shiftBitColumna
 This function uses a non-reentrant model


 *************** function _latchClock_Col *****************
 Defined at:
		line 7 in file "columnas.c"
 Parameters:    Size  Location     Type
		None
 Auto vars:     Size  Location     Type
		None
 Return value:  Size  Location     Type
                  1    wreg      void 
 Registers used:
		None
 Tracked objects:
		On entry : 
		On exit  : 
		Unchanged: 
 Data sizes:     COMMON   BANK0   BANK1   BANK3   BANK2
      Params:         0       0       0       0       0
      Locals:         0       0       0       0       0
      Temps:          0       0       0       0       0
      Totals:         0       0       0       0       0
Total ram usage:        0 bytes
 Hardware stack levels used:    1
 Hardware stack levels required when called:    1
 This function calls:
		Nothing
 This function is called by:
		_shiftBitColumna
		_setColumnas
 This function uses a non-reentrant model


 *************** function _setFilas *****************
 Defined at:
		line 19 in file "filas.c"
 Parameters:    Size  Location     Type
  reg_value       2    2[COMMON] unsigned int 
 Auto vars:     Size  Location     Type
  i               2    0[BANK0 ] int 
 Return value:  Size  Location     Type
                  1    wreg      void 
 Registers used:
		wreg, status,2, status,0, btemp+1, pclath, cstack
 Tracked objects:
		On entry : 
		On exit  : 
		Unchanged: 
 Data sizes:     COMMON   BANK0   BANK1   BANK3   BANK2
      Params:         2       0       0       0       0
      Locals:         0       2       0       0       0
      Temps:          6       0       0       0       0
      Totals:         8       2       0       0       0
Total ram usage:       10 bytes
 Hardware stack levels used:    1
 Hardware stack levels required when called:    2
 This function calls:
		_shiftClock_Fil
 This function is called by:
		_updateScreen
 This function uses a non-reentrant model


 *************** function _shiftClock_Fil *****************
 Defined at:
		line 13 in file "filas.c"
 Parameters:    Size  Location     Type
		None
 Auto vars:     Size  Location     Type
		None
 Return value:  Size  Location     Type
                  1    wreg      void 
 Registers used:
		None
 Tracked objects:
		On entry : 
		On exit  : 
		Unchanged: 
 Data sizes:     COMMON   BANK0   BANK1   BANK3   BANK2
      Params:         0       0       0       0       0
      Locals:         0       0       0       0       0
      Temps:          0       0       0       0       0
      Totals:         0       0       0       0       0
Total ram usage:        0 bytes
 Hardware stack levels used:    1
 Hardware stack levels required when called:    1
 This function calls:
		Nothing
 This function is called by:
		_setFilas
 This function uses a non-reentrant model


 *************** function _srand *****************
 Defined at:
		line 6 in file "C:\Program Files (x86)\Microchip\xc8\v2.10\pic\sources\c90\common\rand.c"
 Parameters:    Size  Location     Type
  x               2    2[COMMON] unsigned int 
 Auto vars:     Size  Location     Type
		None
 Return value:  Size  Location     Type
                  1    wreg      void 
 Registers used:
		wreg
 Tracked objects:
		On entry : 
		On exit  : 
		Unchanged: 
 Data sizes:     COMMON   BANK0   BANK1   BANK3   BANK2
      Params:         2       0       0       0       0
      Locals:         0       0       0       0       0
      Temps:          0       0       0       0       0
      Totals:         2       0       0       0       0
Total ram usage:        2 bytes
 Hardware stack levels used:    1
 Hardware stack levels required when called:    1
 This function calls:
		Nothing
 This function is called by:
		_main
 This function uses a non-reentrant model


 *************** function _init_timer *****************
 Defined at:
		line 59 in file "init.c"
 Parameters:    Size  Location     Type
		None
 Auto vars:     Size  Location     Type
		None
 Return value:  Size  Location     Type
                  1    wreg      void 
 Registers used:
		status,2
 Tracked objects:
		On entry : 
		On exit  : 
		Unchanged: 
 Data sizes:     COMMON   BANK0   BANK1   BANK3   BANK2
      Params:         0       0       0       0       0
      Locals:         0       0       0       0       0
      Temps:          0       0       0       0       0
      Totals:         0       0       0       0       0
Total ram usage:        0 bytes
 Hardware stack levels used:    1
 Hardware stack levels required when called:    1
 This function calls:
		Nothing
 This function is called by:
		_main
 This function uses a non-reentrant model


 *************** function _init_pines *****************
 Defined at:
		line 43 in file "init.c"
 Parameters:    Size  Location     Type
		None
 Auto vars:     Size  Location     Type
		None
 Return value:  Size  Location     Type
                  1    wreg      void 
 Registers used:
		status,2, status,0, pclath, cstack
 Tracked objects:
		On entry : 
		On exit  : 
		Unchanged: 
 Data sizes:     COMMON   BANK0   BANK1   BANK3   BANK2
      Params:         0       0       0       0       0
      Locals:         0       0       0       0       0
      Temps:          0       0       0       0       0
      Totals:         0       0       0       0       0
Total ram usage:        0 bytes
 Hardware stack levels used:    1
 Hardware stack levels required when called:    2
 This function calls:
		_init_pines_col
		_init_pines_fil
		_init_pines_in
 This function is called by:
		_main
 This function uses a non-reentrant model


 *************** function _init_pines_in *****************
 Defined at:
		line 4 in file "init.c"
 Parameters:    Size  Location     Type
		None
 Auto vars:     Size  Location     Type
		None
 Return value:  Size  Location     Type
                  1    wreg      void 
 Registers used:
		None
 Tracked objects:
		On entry : 
		On exit  : 
		Unchanged: 
 Data sizes:     COMMON   BANK0   BANK1   BANK3   BANK2
      Params:         0       0       0       0       0
      Locals:         0       0       0       0       0
      Temps:          0       0       0       0       0
      Totals:         0       0       0       0       0
Total ram usage:        0 bytes
 Hardware stack levels used:    1
 Hardware stack levels required when called:    1
 This function calls:
		Nothing
 This function is called by:
		_init_pines
 This function uses a non-reentrant model


 *************** function _init_pines_fil *****************
 Defined at:
		line 16 in file "init.c"
 Parameters:    Size  Location     Type
		None
 Auto vars:     Size  Location     Type
		None
 Return value:  Size  Location     Type
                  1    wreg      void 
 Registers used:
		None
 Tracked objects:
		On entry : 
		On exit  : 
		Unchanged: 
 Data sizes:     COMMON   BANK0   BANK1   BANK3   BANK2
      Params:         0       0       0       0       0
      Locals:         0       0       0       0       0
      Temps:          0       0       0       0       0
      Totals:         0       0       0       0       0
Total ram usage:        0 bytes
 Hardware stack levels used:    1
 Hardware stack levels required when called:    1
 This function calls:
		Nothing
 This function is called by:
		_init_pines
 This function uses a non-reentrant model


 *************** function _init_pines_col *****************
 Defined at:
		line 29 in file "init.c"
 Parameters:    Size  Location     Type
		None
 Auto vars:     Size  Location     Type
		None
 Return value:  Size  Location     Type
                  1    wreg      void 
 Registers used:
		None
 Tracked objects:
		On entry : 
		On exit  : 
		Unchanged: 
 Data sizes:     COMMON   BANK0   BANK1   BANK3   BANK2
      Params:         0       0       0       0       0
      Locals:         0       0       0       0       0
      Temps:          0       0       0       0       0
      Totals:         0       0       0       0       0
Total ram usage:        0 bytes
 Hardware stack levels used:    1
 Hardware stack levels required when called:    1
 This function calls:
		Nothing
 This function is called by:
		_init_pines
 This function uses a non-reentrant model


 *************** function _init_interrupt *****************
 Defined at:
		line 50 in file "init.c"
 Parameters:    Size  Location     Type
		None
 Auto vars:     Size  Location     Type
		None
 Return value:  Size  Location     Type
                  1    wreg      void 
 Registers used:
		None
 Tracked objects:
		On entry : 
		On exit  : 
		Unchanged: 
 Data sizes:     COMMON   BANK0   BANK1   BANK3   BANK2
      Params:         0       0       0       0       0
      Locals:         0       0       0       0       0
      Temps:          0       0       0       0       0
      Totals:         0       0       0       0       0
Total ram usage:        0 bytes
 Hardware stack levels used:    1
 Hardware stack levels required when called:    1
 This function calls:
		Nothing
 This function is called by:
		_main
 This function uses a non-reentrant model


 *************** function _checkCount *****************
 Defined at:
		line 67 in file "mainsource.c"
 Parameters:    Size  Location     Type
		None
 Auto vars:     Size  Location     Type
  i               2   29[BANK0 ] int 
  j               2   27[BANK0 ] int 
 Return value:  Size  Location     Type
                  1    wreg      void 
 Registers used:
		wreg, fsr0l, fsr0h, status,2, status,0, btemp+1, pclath, cstack
 Tracked objects:
		On entry : 
		On exit  : 
		Unchanged: 
 Data sizes:     COMMON   BANK0   BANK1   BANK3   BANK2
      Params:         0       0       0       0       0
      Locals:         0       4       0       0       0
      Temps:          0       9       0       0       0
      Totals:         0      13       0       0       0
Total ram usage:       13 bytes
 Hardware stack levels used:    1
 Hardware stack levels required when called:    3
 This function calls:
		___awmod
		_drawFigure
		_memset
		_rand
 This function is called by:
		_main
 This function uses a non-reentrant model


 *************** function _rand *****************
 Defined at:
		line 12 in file "C:\Program Files (x86)\Microchip\xc8\v2.10\pic\sources\c90\common\rand.c"
 Parameters:    Size  Location     Type
		None
 Auto vars:     Size  Location     Type
		None
 Return value:  Size  Location     Type
                  2    4[BANK0 ] int 
 Registers used:
		wreg, status,2, status,0, pclath, cstack
 Tracked objects:
		On entry : 
		On exit  : 
		Unchanged: 
 Data sizes:     COMMON   BANK0   BANK1   BANK3   BANK2
      Params:         0       2       0       0       0
      Locals:         0       0       0       0       0
      Temps:          0       5       0       0       0
      Totals:         0       7       0       0       0
Total ram usage:        7 bytes
 Hardware stack levels used:    1
 Hardware stack levels required when called:    2
 This function calls:
		___lmul
 This function is called by:
		_main
		_checkCount
 This function uses a non-reentrant model


 *************** function ___lmul *****************
 Defined at:
		line 15 in file "C:\Program Files (x86)\Microchip\xc8\v2.10\pic\sources\c90\common\Umul32.c"
 Parameters:    Size  Location     Type
  multiplier      4    2[COMMON] unsigned long 
  multiplicand    4    6[COMMON] unsigned long 
 Auto vars:     Size  Location     Type
  product         4    0[BANK0 ] unsigned long 
 Return value:  Size  Location     Type
                  4    2[COMMON] unsigned long 
 Registers used:
		wreg, status,2, status,0
 Tracked objects:
		On entry : 
		On exit  : 
		Unchanged: 
 Data sizes:     COMMON   BANK0   BANK1   BANK3   BANK2
      Params:         8       0       0       0       0
      Locals:         0       4       0       0       0
      Temps:          1       0       0       0       0
      Totals:         9       4       0       0       0
Total ram usage:       13 bytes
 Hardware stack levels used:    1
 Hardware stack levels required when called:    1
 This function calls:
		Nothing
 This function is called by:
		_rand
 This function uses a non-reentrant model


 *************** function _drawFigure *****************
 Defined at:
		line 36 in file "screen.c"
 Parameters:    Size  Location     Type
		None
 Auto vars:     Size  Location     Type
		None
 Return value:  Size  Location     Type
                  1    wreg      void 
 Registers used:
		wreg, fsr0l, fsr0h, status,2, status,0, pclath, cstack
 Tracked objects:
		On entry : 
		On exit  : 
		Unchanged: 
 Data sizes:     COMMON   BANK0   BANK1   BANK3   BANK2
      Params:         0       0       0       0       0
      Locals:         0       0       0       0       0
      Temps:          0       5       0       0       0
      Totals:         0       5       0       0       0
Total ram usage:        5 bytes
 Hardware stack levels used:    1
 Hardware stack levels required when called:    2
 This function calls:
		_memset
 This function is called by:
		_checkCount
 This function uses a non-reentrant model


 *************** function _memset *****************
 Defined at:
		line 8 in file "C:\Program Files (x86)\Microchip\xc8\v2.10\pic\sources\c90\common\memset.c"
 Parameters:    Size  Location     Type
  p1              1    wreg     PTR void 
		 -> ficha(16), fondo(16), 
  c               2    2[COMMON] int 
  n               2    4[COMMON] unsigned int 
 Auto vars:     Size  Location     Type
  p1              1    8[COMMON] PTR void 
		 -> ficha(16), fondo(16), 
  p               1    7[COMMON] PTR unsigned char 
		 -> ficha(16), fondo(16), 
 Return value:  Size  Location     Type
                  1    wreg      PTR void 
 Registers used:
		wreg, fsr0l, fsr0h, status,2, status,0
 Tracked objects:
		On entry : 
		On exit  : 
		Unchanged: 
 Data sizes:     COMMON   BANK0   BANK1   BANK3   BANK2
      Params:         4       0       0       0       0
      Locals:         2       0       0       0       0
      Temps:          1       0       0       0       0
      Totals:         7       0       0       0       0
Total ram usage:        7 bytes
 Hardware stack levels used:    1
 Hardware stack levels required when called:    1
 This function calls:
		Nothing
 This function is called by:
		_checkCount
		_drawFigure
 This function uses a non-reentrant model


 *************** function ___awmod *****************
 Defined at:
		line 5 in file "C:\Program Files (x86)\Microchip\xc8\v2.10\pic\sources\c90\common\awmod.c"
 Parameters:    Size  Location     Type
  divisor         2   11[BANK0 ] int 
  dividend        2   13[BANK0 ] int 
 Auto vars:     Size  Location     Type
  sign            1   17[BANK0 ] unsigned char 
  counter         1   16[BANK0 ] unsigned char 
 Return value:  Size  Location     Type
                  2   11[BANK0 ] int 
 Registers used:
		wreg, status,2, status,0
 Tracked objects:
		On entry : 
		On exit  : 
		Unchanged: 
 Data sizes:     COMMON   BANK0   BANK1   BANK3   BANK2
      Params:         0       4       0       0       0
      Locals:         0       2       0       0       0
      Temps:          0       1       0       0       0
      Totals:         0       7       0       0       0
Total ram usage:        7 bytes
 Hardware stack levels used:    1
 Hardware stack levels required when called:    1
 This function calls:
		Nothing
 This function is called by:
		_main
		_checkCount
 This function uses a non-reentrant model


 *************** function _Timer0_ISR *****************
 Defined at:
		line 144 in file "mainsource.c"
 Parameters:    Size  Location     Type
		None
 Auto vars:     Size  Location     Type
		None
 Return value:  Size  Location     Type
                  1    wreg      void 
 Registers used:
		wreg, status,2
 Tracked objects:
		On entry : 
		On exit  : 
		Unchanged: 
 Data sizes:     COMMON   BANK0   BANK1   BANK3   BANK2
      Params:         0       0       0       0       0
      Locals:         0       0       0       0       0
      Temps:          2       0       0       0       0
      Totals:         2       0       0       0       0
Total ram usage:        2 bytes
 Hardware stack levels used:    1
 This function calls:
		Nothing
 This function is called by:
		Interrupt level 1
 This function uses a non-reentrant model



MODULE INFORMATION

Module		Function		Class		Link	Load	Size
columnas.c
		_shiftBitColumna		CODE           	0247	0000	29
		_latchClock_Col		CODE           	01BB	0000	6
		_shiftClock_Col		CODE           	01CC	0000	7

columnas.c estimated size: 42

screen.c
		_drawFigure    		CODE           	04CF	0000	203
		_updateScreen  		CODE           	037D	0000	76

screen.c estimated size: 279

C:\Program Files (x86)\Microchip\xc8\v2.10\pic\sources\c90\common\Umul32.c
		___lmul        		CODE           	03C8	0000	77

C:\Program Files (x86)\Microchip\xc8\v2.10\pic\sources\c90\common\Umul32.c estimated size: 77

shared
		__initialization		CODE           	07D0	0000	45

shared estimated size: 45

C:\Program Files (x86)\Microchip\xc8\v2.10\pic\sources\c90\common\memset.c
		_memset        		CODE           	0263	0000	33

C:\Program Files (x86)\Microchip\xc8\v2.10\pic\sources\c90\common\memset.c estimated size: 33

C:\Program Files (x86)\Microchip\xc8\v2.10\pic\sources\c90\common\awmod.c
		___awmod       		CODE           	0414	0000	92

C:\Program Files (x86)\Microchip\xc8\v2.10\pic\sources\c90\common\awmod.c estimated size: 92

filas.c
		_latchClock_Fil		CODE           	01C6	0000	7
		_shiftClock_Fil		CODE           	01C0	0000	7
		_setFilas      		CODE           	0336	0000	72

filas.c estimated size: 86

init.c
		_init_pines    		CODE           	0211	0000	17
		_init_pines_in 		CODE           	01EB	0000	12
		_init_pines_fil		CODE           	01F6	0000	14
		_init_pines_col		CODE           	0221	0000	20
		_init_interrupt		CODE           	01D2	0000	9
		_init_timer    		CODE           	0203	0000	15

init.c estimated size: 87

mainsource.c
		_checkCount    		CODE           	0599	0000	568
		_Timer0_ISR    		CODE           	0283	0000	53
		_main          		CODE           	046F	0000	97

mainsource.c estimated size: 718

C:\Program Files (x86)\Microchip\xc8\v2.10\pic\sources\c90\common\rand.c
		_srand         		CODE           	01E2	0000	10
		_rand          		CODE           	02EF	0000	72

C:\Program Files (x86)\Microchip\xc8\v2.10\pic\sources\c90\common\rand.c estimated size: 82

