Microchip MPLAB XC8 Compiler V2.10 ()

Linker command line:

-W-3 --edf=C:\Program Files (x86)\Microchip\xc8\v2.10\pic\dat\en_msgs.txt \
  -cs -h+dist/default/production\Tetris.X.production.sym \
  --cmf=dist/default/production\Tetris.X.production.cmf -z -Q16F877A \
  -oC:\Users\ASUS\AppData\Local\Temp\saao.2 --defsym=__MPLAB_BUILD=1 \
  -Mdist/default/production/Tetris.X.production.map -E1 -ver=XC8 \
  --acfsm=1493 -ASTACK=0110h-016Fh -pstack=STACK -ACODE=00h-07FFhx4 \
  -ASTRCODE=00h-01FFFh -ASTRING=00h-0FFhx32 -ACONST=00h-0FFhx32 \
  -AENTRY=00h-0FFhx32 -ACOMMON=070h-07Fh -ABANK0=020h-06Fh \
  -ABANK1=0A0h-0EFh -ABANK2=0110h-016Fh -ABANK3=0190h-01EFh \
  -ARAM=020h-06Fh,0A0h-0EFh,0110h-016Fh,0190h-01EFh \
  -AABS1=020h-07Fh,0A0h-0EFh,0110h-016Fh,0190h-01EFh -ASFR0=00h-01Fh \
  -ASFR1=080h-09Fh -ASFR2=0100h-010Fh -ASFR3=0180h-018Fh \
  -preset_vec=00h,intentry,init,end_init -ppowerup=CODE -pcinit=CODE \
  -pfunctab=ENTRY -ACONFIG=02007h-02007h -pconfig=CONFIG -DCONFIG=2 \
  -AIDLOC=02000h-02003h -pidloc=IDLOC -DIDLOC=2 -AEEDATA=00h-0FFh/02100h \
  -peeprom_data=EEDATA -DEEDATA=2 -DCODE=2 -DSTRCODE=2 -DSTRING=2 -DCONST=2 \
  -DENTRY=2 -k C:\Users\ASUS\AppData\Local\Temp\saao.o \
  dist/default/production\Tetris.X.production.o 

Object code version is 3.11

Machine type is 16F877A



                Name                               Link     Load   Length Selector   Space Scale
C:\Users\ASUS\AppData\Local\Temp\saao.o
                end_init                              0        0        3        0       0
                config                             2007     2007        1     400E       0
dist/default/production\Tetris.X.production.o
                cinit                               7EA      7EA       16      FD4       0
                text9                               647      647       17      C8E       0
                text8                               60E      60E        5      C1C       0
                text7                               613      613        6      C26       0
                text6                               67A      67A       3F      CF4       0
                text5                               60A      60A        4      C14       0
                text4                               619      619        6      C32       0
                text3                               6B9      6B9       49      D72       0
                text2                               61F      61F        6      C3E       0
                text1                               65E      65E       1C      CBC       0
                maintext                            702      702       E8      E04       0
                cstackBANK0                          33       33        4       20       1
                cstackCOMMON                         70       70        C       70       1
                inittext                            634      634       13      C68       0
                dataBANK0                            20       20        F       20       1
                bssBANK0                             2F       2F        4       20       1
                idataBANK0                          625      625        F      C4A       0

TOTAL           Name                               Link     Load   Length     Space
        CLASS   STACK          

        CLASS   CODE           
                end_init                              0        0        3         0
                cinit                               7EA      7EA       16         0
                text9                               647      647       17         0
                text8                               60E      60E        5         0
                text7                               613      613        6         0
                text6                               67A      67A       3F         0
                text5                               60A      60A        4         0
                text4                               619      619        6         0
                text3                               6B9      6B9       49         0
                text2                               61F      61F        6         0
                text1                               65E      65E       1C         0
                maintext                            702      702       E8         0
                inittext                            634      634       13         0
                idataBANK0                          625      625        F         0

        CLASS   STRCODE        

        CLASS   STRING         

        CLASS   CONST          

        CLASS   ENTRY          

        CLASS   COMMON         
                cstackCOMMON                         70       70        C         1

        CLASS   BANK0          
                cstackBANK0                          33       33        4         1
                dataBANK0                            20       20        F         1
                bssBANK0                             2F       2F        4         1

        CLASS   BANK1          

        CLASS   BANK2          

        CLASS   BANK3          

        CLASS   RAM            

        CLASS   ABS1           
                abs_s1                               7E       7E        2         1

        CLASS   SFR0           

        CLASS   SFR1           

        CLASS   SFR2           

        CLASS   SFR3           

        CLASS   CONFIG         
                config                             2007     2007        1         0

        CLASS   IDLOC          

        CLASS   EEDATA         



SEGMENTS        Name                           Load    Length   Top    Selector   Space  Class     Delta

                reset_vec                      000000  000003  000003         0       0  CODE        2
                dataBANK0                      000020  000017  000037        20       1  BANK0       1
                cstackCOMMON                   000070  00000C  00007C        70       1  COMMON      1
                text5                          00060A  000004  00060E       C14       0  CODE        2
                text8                          00060E  000005  000613       C1C       0  CODE        2
                text7                          000613  000006  000619       C26       0  CODE        2
                text4                          000619  000006  00061F       C32       0  CODE        2
                text2                          00061F  000006  000625       C3E       0  CODE        2
                idataBANK0                     000625  00000F  000634       C4A       0  CODE        2
                inittext                       000634  000013  000647       C68       0  CODE        2
                text9                          000647  000017  00065E       C8E       0  CODE        2
                text1                          00065E  00001C  00067A       CBC       0  CODE        2
                text6                          00067A  00003F  0006B9       CF4       0  CODE        2
                text3                          0006B9  000049  000702       D72       0  CODE        2
                maintext                       000702  0000E8  0007EA       E04       0  CODE        2
                cinit                          0007EA  000016  000800       FD4       0  CODE        2
                config                         002007  000001  002008      400E       0  CONFIG      2


UNUSED ADDRESS RANGES

        Name                Unused          Largest block    Delta
        BANK0            0037-006F             39           1
        BANK1            00A0-00EF             50           1
        BANK2            0110-016F             60           1
        BANK3            0190-01EF             60           1
        CODE             0003-0609            607           2
                         0800-1FFF            800
        COMMON           007C-007D              2           1
        CONST            0003-0609            100           2
                         0800-1FFF            100
        EEDATA           2100-21FF            100           2
        ENTRY            0003-0609            100           2
                         0800-1FFF            100
        IDLOC            2000-2003              4           2
        RAM              0037-006F             39           1
                         00A0-00EF             50
                         0110-016F             60
                         0190-01EF             60
        SFR0             0000-001F             20           1
        SFR1             0080-009F             20           1
        SFR2             0100-010F             10           1
        SFR3             0180-018F             10           1
        STACK            0110-016F             60           1
        STRCODE          0003-0609            607           2
                         0800-1FFF           1800
        STRING           0003-0609            100           2
                         0800-1FFF            100

                                  Symbol Table

_PORTBbits                (abs)        0006
_PORTDbits                (abs)        0008
_TRISBbits                (abs)        0086
_TRISDbits                (abs)        0088
__CFG_BOREN$ON            (abs)        0000
__CFG_CP$OFF              (abs)        0000
__CFG_CPD$OFF             (abs)        0000
__CFG_FOSC$XT             (abs)        0000
__CFG_LVP$OFF             (abs)        0000
__CFG_PWRTE$OFF           (abs)        0000
__CFG_WDTE$OFF            (abs)        0000
__CFG_WRT$OFF             (abs)        0000
__Habs1                   abs1         0000
__Hbank0                  bank0        0000
__Hbank1                  bank1        0000
__Hbank2                  bank2        0000
__Hbank3                  bank3        0000
__HbssBANK0               bssBANK0     0000
__Hcinit                  cinit        0800
__Hclrtext                clrtext      0000
__Hcode                   code         0000
__Hcommon                 common       0000
__Hconfig                 config       2008
__HcstackBANK0            cstackBANK0  0000
__HcstackCOMMON           cstackCOMMON 0000
__HdataBANK0              dataBANK0    0000
__Heeprom_data            eeprom_data  0000
__Hend_init               end_init     0003
__Hfunctab                functab      0000
__HidataBANK0             idataBANK0   0000
__Hidloc                  idloc        0000
__Hinit                   init         0000
__Hinittext               inittext     0000
__Hintentry               intentry     0000
__Hmaintext               maintext     0000
__Hpowerup                powerup      0000
__Hram                    ram          0000
__Hreset_vec              reset_vec    0000
__Hsfr0                   sfr0         0000
__Hsfr1                   sfr1         0000
__Hsfr2                   sfr2         0000
__Hsfr3                   sfr3         0000
__Hspace_0                (abs)        2008
__Hspace_1                (abs)        007C
__Hspace_2                (abs)        0000
__Hspace_3                (abs)        0000
__Hstack                  stack        0000
__Hstrings                strings      0000
__Htext                   text         0000
__Labs1                   abs1         0000
__Lbank0                  bank0        0000
__Lbank1                  bank1        0000
__Lbank2                  bank2        0000
__Lbank3                  bank3        0000
__LbssBANK0               bssBANK0     0000
__Lcinit                  cinit        07EA
__Lclrtext                clrtext      0000
__Lcode                   code         0000
__Lcommon                 common       0000
__Lconfig                 config       2007
__LcstackBANK0            cstackBANK0  0000
__LcstackCOMMON           cstackCOMMON 0000
__LdataBANK0              dataBANK0    0000
__Leeprom_data            eeprom_data  0000
__Lend_init               end_init     0000
__Lfunctab                functab      0000
__LidataBANK0             idataBANK0   0000
__Lidloc                  idloc        0000
__Linit                   init         0000
__Linittext               inittext     0000
__Lintentry               intentry     0000
__Lmaintext               maintext     0000
__Lpowerup                powerup      0000
__Lram                    ram          0000
__Lreset_vec              reset_vec    0000
__Lsfr0                   sfr0         0000
__Lsfr1                   sfr1         0000
__Lsfr2                   sfr2         0000
__Lsfr3                   sfr3         0000
__Lspace_0                (abs)        0000
__Lspace_1                (abs)        0000
__Lspace_2                (abs)        0000
__Lspace_3                (abs)        0000
__Lstack                  stack        0000
__Lstrings                strings      0000
__Ltext                   text         0000
__S0                      (abs)        2008
__S1                      (abs)        007C
__S2                      (abs)        0000
__S3                      (abs)        0000
___int_sp                 stack        0000
___latbits                (abs)        0002
___sp                     stack        0000
___stackhi                (abs)        0000
___stacklo                (abs)        0000
__end_of__initialization  cinit        07FC
__end_of_enableFilas      text5        060E
__end_of_init_pines       text9        065E
__end_of_latchClock_Col   text8        0613
__end_of_latchClock_Fil   text2        0625
__end_of_main             maintext     07EA
__end_of_setColumnas      text6        06B9
__end_of_setFilas         text3        0702
__end_of_shiftBitColumna  text1        067A
__end_of_shiftClock_Col   text7        0619
__end_of_shiftClock_Fil   text4        061F
__initialization          cinit        07EA
__pbssBANK0               bssBANK0     002F
__pcstackBANK0            cstackBANK0  0033
__pcstackCOMMON           cstackCOMMON 0070
__pdataBANK0              dataBANK0    0020
__pidataBANK0             idataBANK0   0625
__pmaintext               maintext     0702
__ptext1                  text1        065E
__ptext2                  text2        061F
__ptext3                  text3        06B9
__ptext4                  text4        0619
__ptext5                  text5        060A
__ptext6                  text6        067A
__ptext7                  text7        0613
__ptext8                  text8        060E
__ptext9                  text9        0647
__size_of_enableFilas     (abs)        0000
__size_of_init_pines      (abs)        0000
__size_of_latchClock_Col  (abs)        0000
__size_of_latchClock_Fil  (abs)        0000
__size_of_main            (abs)        0000
__size_of_setColumnas     (abs)        0000
__size_of_setFilas        (abs)        0000
__size_of_shiftBitColumna (abs)        0000
__size_of_shiftClock_Col  (abs)        0000
__size_of_shiftClock_Fil  (abs)        0000
_columna                  dataBANK0    0028
_enableFilas              text5        060A
_init_pines               text9        0647
_latchClock_Col           text8        060E
_latchClock_Fil           text2        061F
_main                     maintext     0702
_setColumnas              text6        067A
_setFilas                 text3        06B9
_shiftBitColumna          text1        065E
_shiftClock_Col           text7        0613
_shiftClock_Fil           text4        0619
btemp                     (abs)        007E
end_of_initialization     cinit        07FC
init_fetch0               inittext     0634
init_ram0                 inittext     0638
intlevel0                 functab      0000
intlevel1                 functab      0000
intlevel2                 functab      0000
intlevel3                 functab      0000
intlevel4                 functab      0000
intlevel5                 functab      0000
reset_vec                 reset_vec    0000
setColumnas@i             cstackCOMMON 0076
setColumnas@reg_value     cstackCOMMON 0075
setColumnas@valor         cstackCOMMON 0074
setFilas@i                cstackCOMMON 007A
setFilas@reg_value        cstackCOMMON 0070
shiftBitColumna@bit       cstackCOMMON 0071
start                     init         0000
start_initialization      cinit        07EA
wait_ms@timel             bssBANK0     002F
wtemp0                    (abs)        007E


FUNCTION INFORMATION:

 *************** function _main *****************
 Defined at:
		line 43 in file "mainsource.c"
 Parameters:    Size  Location     Type
  argc            2    0[BANK0 ] int 
  argv            2    2[BANK0 ] PTR PTR unsigned char 
 Auto vars:     Size  Location     Type
  i               2    0        int 
 Return value:  Size  Location     Type
                  2    0[BANK0 ] int 
 Registers used:
		wreg, fsr0l, fsr0h, status,2, status,0, btemp+1, pclath, cstack
 Tracked objects:
		On entry : 
		On exit  : 
		Unchanged: 
 Data sizes:     COMMON   BANK0   BANK1   BANK3   BANK2
      Params:         0       4       0       0       0
      Locals:         2       0       0       0       0
      Temps:          0       0       0       0       0
      Totals:         2       4       0       0       0
Total ram usage:        6 bytes
 Hardware stack levels required when called:    2
 This function calls:
		_init_pines
		_setColumnas
		_setFilas
		_shiftBitColumna
 This function is called by:
		Startup code after reset
 This function uses a non-reentrant model


 *************** function _shiftBitColumna *****************
 Defined at:
		line 82 in file "matriz_leds.c"
 Parameters:    Size  Location     Type
  bit             1    wreg     unsigned char 
 Auto vars:     Size  Location     Type
  bit             1    1[COMMON] unsigned char 
 Return value:  Size  Location     Type
                  1    wreg      void 
 Registers used:
		wreg, status,2, status,0, pclath, cstack
 Tracked objects:
		On entry : 
		On exit  : 
		Unchanged: 
 Data sizes:     COMMON   BANK0   BANK1   BANK3   BANK2
      Params:         0       0       0       0       0
      Locals:         1       0       0       0       0
      Temps:          1       0       0       0       0
      Totals:         2       0       0       0       0
Total ram usage:        2 bytes
 Hardware stack levels used:    1
 Hardware stack levels required when called:    1
 This function calls:
		_latchClock_Col
		_latchClock_Fil
		_shiftClock_Col
 This function is called by:
		_main
 This function uses a non-reentrant model


 *************** function _latchClock_Fil *****************
 Defined at:
		line 28 in file "matriz_leds.c"
 Parameters:    Size  Location     Type
		None
 Auto vars:     Size  Location     Type
		None
 Return value:  Size  Location     Type
                  1    wreg      void 
 Registers used:
		None
 Tracked objects:
		On entry : 
		On exit  : 
		Unchanged: 
 Data sizes:     COMMON   BANK0   BANK1   BANK3   BANK2
      Params:         0       0       0       0       0
      Locals:         0       0       0       0       0
      Temps:          0       0       0       0       0
      Totals:         0       0       0       0       0
Total ram usage:        0 bytes
 Hardware stack levels used:    1
 This function calls:
		Nothing
 This function is called by:
		_shiftBitColumna
 This function uses a non-reentrant model


 *************** function _setFilas *****************
 Defined at:
		line 59 in file "matriz_leds.c"
 Parameters:    Size  Location     Type
  reg_value       2    0[COMMON] unsigned int 
 Auto vars:     Size  Location     Type
  i               2   10[COMMON] int 
  valor           2    0        unsigned int 
 Return value:  Size  Location     Type
                  1    wreg      void 
 Registers used:
		wreg, status,2, status,0, btemp+1, pclath, cstack
 Tracked objects:
		On entry : 
		On exit  : 
		Unchanged: 
 Data sizes:     COMMON   BANK0   BANK1   BANK3   BANK2
      Params:         2       0       0       0       0
      Locals:         4       0       0       0       0
      Temps:          6       0       0       0       0
      Totals:        12       0       0       0       0
Total ram usage:       12 bytes
 Hardware stack levels used:    1
 Hardware stack levels required when called:    1
 This function calls:
		_enableFilas
		_shiftClock_Fil
 This function is called by:
		_main
 This function uses a non-reentrant model


 *************** function _shiftClock_Fil *****************
 Defined at:
		line 36 in file "matriz_leds.c"
 Parameters:    Size  Location     Type
		None
 Auto vars:     Size  Location     Type
		None
 Return value:  Size  Location     Type
                  1    wreg      void 
 Registers used:
		None
 Tracked objects:
		On entry : 
		On exit  : 
		Unchanged: 
 Data sizes:     COMMON   BANK0   BANK1   BANK3   BANK2
      Params:         0       0       0       0       0
      Locals:         0       0       0       0       0
      Temps:          0       0       0       0       0
      Totals:         0       0       0       0       0
Total ram usage:        0 bytes
 Hardware stack levels used:    1
 This function calls:
		Nothing
 This function is called by:
		_setFilas
 This function uses a non-reentrant model


 *************** function _enableFilas *****************
 Defined at:
		line 20 in file "matriz_leds.c"
 Parameters:    Size  Location     Type
		None
 Auto vars:     Size  Location     Type
		None
 Return value:  Size  Location     Type
                  1    wreg      void 
 Registers used:
		None
 Tracked objects:
		On entry : 
		On exit  : 
		Unchanged: 
 Data sizes:     COMMON   BANK0   BANK1   BANK3   BANK2
      Params:         0       0       0       0       0
      Locals:         0       0       0       0       0
      Temps:          0       0       0       0       0
      Totals:         0       0       0       0       0
Total ram usage:        0 bytes
 Hardware stack levels used:    1
 This function calls:
		Nothing
 This function is called by:
		_setFilas
 This function uses a non-reentrant model


 *************** function _setColumnas *****************
 Defined at:
		line 44 in file "matriz_leds.c"
 Parameters:    Size  Location     Type
  reg_value       1    wreg     unsigned char 
 Auto vars:     Size  Location     Type
  reg_value       1    5[COMMON] unsigned char 
  i               2    6[COMMON] int 
  valor           1    4[COMMON] unsigned char 
  indice          1    0        unsigned char 
 Return value:  Size  Location     Type
                  1    wreg      void 
 Registers used:
		wreg, status,2, status,0, btemp+1, pclath, cstack
 Tracked objects:
		On entry : 
		On exit  : 
		Unchanged: 
 Data sizes:     COMMON   BANK0   BANK1   BANK3   BANK2
      Params:         0       0       0       0       0
      Locals:         5       0       0       0       0
      Temps:          3       0       0       0       0
      Totals:         8       0       0       0       0
Total ram usage:        8 bytes
 Hardware stack levels used:    1
 Hardware stack levels required when called:    1
 This function calls:
		_latchClock_Col
		_shiftClock_Col
 This function is called by:
		_main
 This function uses a non-reentrant model


 *************** function _shiftClock_Col *****************
 Defined at:
		line 13 in file "matriz_leds.c"
 Parameters:    Size  Location     Type
		None
 Auto vars:     Size  Location     Type
		None
 Return value:  Size  Location     Type
                  1    wreg      void 
 Registers used:
		None
 Tracked objects:
		On entry : 
		On exit  : 
		Unchanged: 
 Data sizes:     COMMON   BANK0   BANK1   BANK3   BANK2
      Params:         0       0       0       0       0
      Locals:         0       0       0       0       0
      Temps:          0       0       0       0       0
      Totals:         0       0       0       0       0
Total ram usage:        0 bytes
 Hardware stack levels used:    1
 This function calls:
		Nothing
 This function is called by:
		_setColumnas
		_shiftBitColumna
 This function uses a non-reentrant model


 *************** function _latchClock_Col *****************
 Defined at:
		line 7 in file "matriz_leds.c"
 Parameters:    Size  Location     Type
		None
 Auto vars:     Size  Location     Type
		None
 Return value:  Size  Location     Type
                  1    wreg      void 
 Registers used:
		None
 Tracked objects:
		On entry : 
		On exit  : 
		Unchanged: 
 Data sizes:     COMMON   BANK0   BANK1   BANK3   BANK2
      Params:         0       0       0       0       0
      Locals:         0       0       0       0       0
      Temps:          0       0       0       0       0
      Totals:         0       0       0       0       0
Total ram usage:        0 bytes
 Hardware stack levels used:    1
 This function calls:
		Nothing
 This function is called by:
		_setColumnas
		_shiftBitColumna
 This function uses a non-reentrant model


 *************** function _init_pines *****************
 Defined at:
		line 4 in file "init.c"
 Parameters:    Size  Location     Type
		None
 Auto vars:     Size  Location     Type
		None
 Return value:  Size  Location     Type
                  1    wreg      void 
 Registers used:
		None
 Tracked objects:
		On entry : 
		On exit  : 
		Unchanged: 
 Data sizes:     COMMON   BANK0   BANK1   BANK3   BANK2
      Params:         0       0       0       0       0
      Locals:         0       0       0       0       0
      Temps:          0       0       0       0       0
      Totals:         0       0       0       0       0
Total ram usage:        0 bytes
 Hardware stack levels used:    1
 This function calls:
		Nothing
 This function is called by:
		_main
 This function uses a non-reentrant model



MODULE INFORMATION

Module		Function		Class		Link	Load	Size
shared
		__initialization		CODE           	07EA	0000	19

shared estimated size: 19

init.c
		_init_pines    		CODE           	0647	0000	24

init.c estimated size: 24

mainsource.c
		_main          		CODE           	0702	0000	233

mainsource.c estimated size: 233

matriz_leds.c
		_shiftBitColumna		CODE           	065E	0000	29
		_latchClock_Fil		CODE           	061F	0000	7
		_latchClock_Col		CODE           	060E	0000	6
		_shiftClock_Fil		CODE           	0619	0000	7
		_shiftClock_Col		CODE           	0613	0000	7
		_setFilas      		CODE           	06B9	0000	74
		_enableFilas   		CODE           	060A	0000	5
		_setColumnas   		CODE           	067A	0000	64

matriz_leds.c estimated size: 199

