Microchip MPLAB XC8 Compiler V2.10 ()

Linker command line:

-W-3 --edf=C:\Program Files (x86)\Microchip\xc8\v2.10\pic\dat\en_msgs.txt \
  -cs -h+dist/default/production\Tetris.X.production.sym \
  --cmf=dist/default/production\Tetris.X.production.cmf -z -Q16F877A \
  -oC:\Users\ASUS\AppData\Local\Temp\s57g.2 --defsym=__MPLAB_BUILD=1 \
  -Mdist/default/production/Tetris.X.production.map -E1 -ver=XC8 \
  --acfsm=1493 -ASTACK=0110h-016Fh -pstack=STACK -ACODE=00h-07FFhx4 \
  -ASTRCODE=00h-01FFFh -ASTRING=00h-0FFhx32 -ACONST=00h-0FFhx32 \
  -AENTRY=00h-0FFhx32 -ACOMMON=070h-07Fh -ABANK0=020h-06Fh \
  -ABANK1=0A0h-0EFh -ABANK2=0110h-016Fh -ABANK3=0190h-01EFh \
  -ARAM=020h-06Fh,0A0h-0EFh,0110h-016Fh,0190h-01EFh \
  -AABS1=020h-07Fh,0A0h-0EFh,0110h-016Fh,0190h-01EFh -ASFR0=00h-01Fh \
  -ASFR1=080h-09Fh -ASFR2=0100h-010Fh -ASFR3=0180h-018Fh \
  -preset_vec=00h,intentry=04h,init,end_init -ppowerup=CODE -pcinit=CODE \
  -pfunctab=ENTRY -ACONFIG=02007h-02007h -pconfig=CONFIG -DCONFIG=2 \
  -AIDLOC=02000h-02003h -pidloc=IDLOC -DIDLOC=2 -AEEDATA=00h-0FFh/02100h \
  -peeprom_data=EEDATA -DEEDATA=2 -DCODE=2 -DSTRCODE=2 -DSTRING=2 -DCONST=2 \
  -DENTRY=2 -k C:\Users\ASUS\AppData\Local\Temp\s57g.o \
  dist/default/production\Tetris.X.production.o 

Object code version is 3.11

Machine type is 16F877A



                Name                               Link     Load   Length Selector   Space Scale
C:\Users\ASUS\AppData\Local\Temp\s57g.o
                end_init                              C        C        3        8       0
                reset_vec                             0        0        3        0       0
                config                             2007     2007        1     400E       0
dist/default/production\Tetris.X.production.o
                cinit                                 F        F       2F        8       0
                intentry                              4        4        8        8       0
                text41                              F4A      F4A       34     1E94       0
                text40                              43C      43C       5B        8       0
                text39                              F7E      F7E       41     1EFC       0
                text38                              5D1      5D1       4C        8       0
                text37                              6F5      6F5       47        8       0
                text36                              F19      F19       31     1E32       0
                text35                              2FD      2FD       76        8       0
                text34                              585      585       4C        8       0
                text33                              73C      73C       44        8       0
                text32                              E0E      E0E        C     1C1C       0
                text31                              EF9      EF9       20     1DF2       0
                text30                              15E      15E       9D        8       0
                text29                               3E       3E      120        8       0
                text28                              536      536       4F        8       0
                text27                              373      373       66        8       0
                text26                              6AE      6AE       47        8       0
                text25                              4E7      4E7       4F        8       0
                text24                              DDA      DDA        4     1BB4       0
                text23                              DDE      DDE        4     1BBC       0
                text22                              27C      27C       81        8       0
                text21                              E70      E70       1A     1CE0       0
                text20                              61D      61D       4A        8       0
                text19                              7C3      7C3       37        8       0
                text18                              667      667       47        8       0
                text17                              E8A      E8A       1A     1D14       0
                text16                              1FB      1FB       81        8       0
                text15                              EDC      EDC       1D     1DB8       0
                text14                              E35      E35       13     1C6A       0
                text13                              E1A      E1A        D     1C34       0
                text12                              DEB      DEB        6     1BD6       0
                text11                              E5B      E5B       15     1CB6       0
                text10                              E27      E27        E     1C4E       0
                text9                               E05      E05        9     1C0A       0
                text8                               FBF      FBF       41     1F7E       0
                text7                               DF1      DF1        6     1BE2       0
                text6                               780      780       43        8       0
                text5                               DE6      DE6        5     1BCC       0
                text4                               DF7      DF7        6     1BEE       0
                text3                               7FA      7FA        6        8       0
                text2                               EA4      EA4       1C     1D48       0
                text1                               3D9      3D9       63        8       0
                maintext                            497      497       50        8       0
                cstackBANK0                          20       20       25       20       1
                cstackCOMMON                         70       70        C       70       1
                clrtext                             DFD      DFD        8     1BFA       0
                inittext                            E48      E48       13     1C90       0
                dataBANK1                            C0       C0       1C       A0       1
                bssBANK1                             A0       A0       20       A0       1
                dataBANK0                            67       67        4       20       1
                bssBANK0                             45       45       22       20       1
                idataBANK1                          EC0      EC0       1C     1D80       0
                idataBANK0                          DE2      DE2        4     1BC4       0

TOTAL           Name                               Link     Load   Length     Space
        CLASS   STACK          

        CLASS   CODE           
                end_init                              C        C        3         0
                cinit                                 F        F       2F         0
                intentry                              4        4        8         0
                reset_vec                             0        0        3         0
                text41                              F4A      F4A       34         0
                text40                              43C      43C       5B         0
                text39                              F7E      F7E       41         0
                text38                              5D1      5D1       4C         0
                text37                              6F5      6F5       47         0
                text36                              F19      F19       31         0
                text35                              2FD      2FD       76         0
                text34                              585      585       4C         0
                text33                              73C      73C       44         0
                text32                              E0E      E0E        C         0
                text31                              EF9      EF9       20         0
                text30                              15E      15E       9D         0
                text29                               3E       3E      120         0
                text28                              536      536       4F         0
                text27                              373      373       66         0
                text26                              6AE      6AE       47         0
                text25                              4E7      4E7       4F         0
                text24                              DDA      DDA        4         0
                text23                              DDE      DDE        4         0
                text22                              27C      27C       81         0
                text21                              E70      E70       1A         0
                text20                              61D      61D       4A         0
                text19                              7C3      7C3       37         0
                text18                              667      667       47         0
                text17                              E8A      E8A       1A         0
                text16                              1FB      1FB       81         0
                text15                              EDC      EDC       1D         0
                text14                              E35      E35       13         0
                text13                              E1A      E1A        D         0
                text12                              DEB      DEB        6         0
                text11                              E5B      E5B       15         0
                text10                              E27      E27        E         0
                text9                               E05      E05        9         0
                text8                               FBF      FBF       41         0
                text7                               DF1      DF1        6         0
                text6                               780      780       43         0
                text5                               DE6      DE6        5         0
                text4                               DF7      DF7        6         0
                text3                               7FA      7FA        6         0
                text2                               EA4      EA4       1C         0
                text1                               3D9      3D9       63         0
                maintext                            497      497       50         0
                clrtext                             DFD      DFD        8         0
                inittext                            E48      E48       13         0
                idataBANK1                          EC0      EC0       1C         0
                idataBANK0                          DE2      DE2        4         0

        CLASS   STRCODE        

        CLASS   STRING         

        CLASS   CONST          

        CLASS   ENTRY          

        CLASS   COMMON         
                cstackCOMMON                         70       70        C         1

        CLASS   BANK0          
                cstackBANK0                          20       20       25         1
                dataBANK0                            67       67        4         1
                bssBANK0                             45       45       22         1

        CLASS   BANK1          
                dataBANK1                            C0       C0       1C         1
                bssBANK1                             A0       A0       20         1

        CLASS   BANK2          

        CLASS   BANK3          

        CLASS   RAM            

        CLASS   ABS1           
                abs_s1                               7E       7E        2         1

        CLASS   SFR0           

        CLASS   SFR1           

        CLASS   SFR2           

        CLASS   SFR3           

        CLASS   CONFIG         
                config                             2007     2007        1         0

        CLASS   IDLOC          

        CLASS   EEDATA         



SEGMENTS        Name                           Load    Length   Top    Selector   Space  Class     Delta

                reset_vec                      000000  000003  000003         0       0  CODE        2
                intentry                       000004  0007FC  000800         8       0  CODE        2
                cstackBANK0                    000020  00004B  00006B        20       1  BANK0       1
                cstackCOMMON                   000070  00000C  00007C        70       1  COMMON      1
                bssBANK1                       0000A0  00003C  0000DC        A0       1  BANK1       1
                text24                         000DDA  000004  000DDE      1BB4       0  CODE        2
                text23                         000DDE  000004  000DE2      1BBC       0  CODE        2
                idataBANK0                     000DE2  000004  000DE6      1BC4       0  CODE        2
                text5                          000DE6  000005  000DEB      1BCC       0  CODE        2
                text12                         000DEB  000006  000DF1      1BD6       0  CODE        2
                text7                          000DF1  000006  000DF7      1BE2       0  CODE        2
                text4                          000DF7  000006  000DFD      1BEE       0  CODE        2
                clrtext                        000DFD  000008  000E05      1BFA       0  CODE        2
                text9                          000E05  000009  000E0E      1C0A       0  CODE        2
                text32                         000E0E  00000C  000E1A      1C1C       0  CODE        2
                text13                         000E1A  00000D  000E27      1C34       0  CODE        2
                text10                         000E27  00000E  000E35      1C4E       0  CODE        2
                text14                         000E35  000013  000E48      1C6A       0  CODE        2
                inittext                       000E48  000013  000E5B      1C90       0  CODE        2
                text11                         000E5B  000015  000E70      1CB6       0  CODE        2
                text21                         000E70  00001A  000E8A      1CE0       0  CODE        2
                text17                         000E8A  00001A  000EA4      1D14       0  CODE        2
                text2                          000EA4  00001C  000EC0      1D48       0  CODE        2
                idataBANK1                     000EC0  00001C  000EDC      1D80       0  CODE        2
                text15                         000EDC  00001D  000EF9      1DB8       0  CODE        2
                text31                         000EF9  000020  000F19      1DF2       0  CODE        2
                text36                         000F19  000031  000F4A      1E32       0  CODE        2
                text41                         000F4A  000034  000F7E      1E94       0  CODE        2
                text39                         000F7E  000041  000FBF      1EFC       0  CODE        2
                text8                          000FBF  000041  001000      1F7E       0  CODE        2
                config                         002007  000001  002008      400E       0  CONFIG      2


UNUSED ADDRESS RANGES

        Name                Unused          Largest block    Delta
        BANK0            006B-006F              5           1
        BANK1            00DC-00EF             14           1
        BANK2            0110-016F             60           1
        BANK3            0190-01EF             60           1
        CODE             0003-0003              1           2
                         0800-0DD9            5DA
                         1000-1FFF            800
        COMMON           007C-007D              2           1
        CONST            0003-0003              1           2
                         0800-0DD9            100
                         1000-1FFF            100
        EEDATA           2100-21FF            100           2
        ENTRY            0003-0003              1           2
                         0800-0DD9            100
                         1000-1FFF            100
        IDLOC            2000-2003              4           2
        RAM              006B-006F              5           1
                         00DC-00EF             14
                         0110-016F             60
                         0190-01EF             60
        SFR0             0000-001F             20           1
        SFR1             0080-009F             20           1
        SFR2             0100-010F             10           1
        SFR3             0180-018F             10           1
        STACK            0110-016F             60           1
        STRCODE          0003-0003              1           2
                         0800-0DD9            5DA
                         1000-1FFF           1000
        STRING           0003-0003              1           2
                         0800-0DD9            100
                         1000-1FFF            100

                                  Symbol Table

?___awmod                  cstackBANK0  002B
?___lmul                   cstackCOMMON 0072
?_rand                     cstackBANK0  0024
_ADCON1                    (abs)        009F
_INTCONbits                (abs)        000B
_OPTION_REGbits            (abs)        0081
_PORTAbits                 (abs)        0005
_PORTBbits                 (abs)        0006
_PORTCbits                 (abs)        0007
_PORTDbits                 (abs)        0008
_PORTEbits                 (abs)        0009
_TMR0                      (abs)        0001
_TRISAbits                 (abs)        0085
_TRISBbits                 (abs)        0086
_TRISCbits                 (abs)        0087
_TRISDbits                 (abs)        0088
_TRISEbits                 (abs)        0089
_Timer0_ISR                text41       0F4A
__CFG_BOREN$ON             (abs)        0000
__CFG_CP$OFF               (abs)        0000
__CFG_CPD$OFF              (abs)        0000
__CFG_FOSC$XT              (abs)        0000
__CFG_LVP$OFF              (abs)        0000
__CFG_PWRTE$OFF            (abs)        0000
__CFG_WDTE$OFF             (abs)        0000
__CFG_WRT$OFF              (abs)        0000
__Habs1                    abs1         0000
__Hbank0                   bank0        0000
__Hbank1                   bank1        0000
__Hbank2                   bank2        0000
__Hbank3                   bank3        0000
__HbssBANK0                bssBANK0     0000
__HbssBANK1                bssBANK1     0000
__Hcinit                   cinit        003E
__Hclrtext                 clrtext      0000
__Hcode                    code         0000
__Hcommon                  common       0000
__Hconfig                  config       2008
__HcstackBANK0             cstackBANK0  0000
__HcstackCOMMON            cstackCOMMON 0000
__HdataBANK0               dataBANK0    0000
__HdataBANK1               dataBANK1    0000
__Heeprom_data             eeprom_data  0000
__Hend_init                end_init     000F
__Hfunctab                 functab      0000
__HidataBANK0              idataBANK0   0000
__HidataBANK1              idataBANK1   0000
__Hidloc                   idloc        0000
__Hinit                    init         000C
__Hinittext                inittext     0000
__Hintentry                intentry     000C
__Hmaintext                maintext     0000
__Hpowerup                 powerup      0000
__Hram                     ram          0000
__Hreset_vec               reset_vec    0003
__Hsfr0                    sfr0         0000
__Hsfr1                    sfr1         0000
__Hsfr2                    sfr2         0000
__Hsfr3                    sfr3         0000
__Hspace_0                 (abs)        2008
__Hspace_1                 (abs)        00DC
__Hspace_2                 (abs)        0000
__Hspace_3                 (abs)        0000
__Hstack                   stack        0000
__Hstrings                 strings      0000
__Htext                    text         0000
__Labs1                    abs1         0000
__Lbank0                   bank0        0000
__Lbank1                   bank1        0000
__Lbank2                   bank2        0000
__Lbank3                   bank3        0000
__LbssBANK0                bssBANK0     0000
__LbssBANK1                bssBANK1     0000
__Lcinit                   cinit        000F
__Lclrtext                 clrtext      0000
__Lcode                    code         0000
__Lcommon                  common       0000
__Lconfig                  config       2007
__LcstackBANK0             cstackBANK0  0000
__LcstackCOMMON            cstackCOMMON 0000
__LdataBANK0               dataBANK0    0000
__LdataBANK1               dataBANK1    0000
__Leeprom_data             eeprom_data  0000
__Lend_init                end_init     000C
__Lfunctab                 functab      0000
__LidataBANK0              idataBANK0   0000
__LidataBANK1              idataBANK1   0000
__Lidloc                   idloc        0000
__Linit                    init         000C
__Linittext                inittext     0000
__Lintentry                intentry     0004
__Lmaintext                maintext     0000
__Lpowerup                 powerup      0000
__Lram                     ram          0000
__Lreset_vec               reset_vec    0000
__Lsfr0                    sfr0         0000
__Lsfr1                    sfr1         0000
__Lsfr2                    sfr2         0000
__Lsfr3                    sfr3         0000
__Lspace_0                 (abs)        0000
__Lspace_1                 (abs)        0000
__Lspace_2                 (abs)        0000
__Lspace_3                 (abs)        0000
__Lstack                   stack        0000
__Lstrings                 strings      0000
__Ltext                    text         0000
__S0                       (abs)        2008
__S1                       (abs)        00DC
__S2                       (abs)        0000
__S3                       (abs)        0000
___awmod                   text40       043C
___awmod@counter           cstackBANK0  002F
___awmod@dividend          cstackBANK0  002D
___awmod@divisor           cstackBANK0  002B
___awmod@sign              cstackBANK0  0030
___int_sp                  stack        0000
___latbits                 (abs)        0002
___lmul                    text38       05D1
___lmul@multiplicand       cstackCOMMON 0076
___lmul@multiplier         cstackCOMMON 0072
___lmul@product            cstackBANK0  0020
___sp                      stack        0000
___stackhi                 (abs)        0000
___stacklo                 (abs)        0000
__end_of_Timer0_ISR        text41       0F7E
__end_of___awmod           text40       0497
__end_of___lmul            text38       061D
__end_of__initialization   cinit        003A
__end_of_addToScreen       text8        1000
__end_of_checkBottom       text36       0F4A
__end_of_checkColission_D  text35       0373
__end_of_checkColission_L  text34       05D1
__end_of_checkColission_R  text33       0780
__end_of_checkCount        text25       0536
__end_of_checkRight        text32       0E1A
__end_of_clearDisplay      text21       0E8A
__end_of_clearRS           text24       0DDE
__end_of_clearRW           text23       0DE2
__end_of_displayONOFF      text20       0667
__end_of_drawBground       text39       0FBF
__end_of_drawFigure        text30       01FB
__end_of_entryModeSet      text19       07FA
__end_of_functionSet       text18       06AE
__end_of_gire              text29       015E
__end_of_init_LCD          text16       027C
__end_of_init_pines        text11       0E70
__end_of_init_pines_LCD    text15       0EF9
__end_of_init_pines_col    text14       0E48
__end_of_init_pines_fil    text13       0E27
__end_of_init_pines_in     text12       0DF1
__end_of_init_timer        text10       0E35
__end_of_latchClock_Col    text5        0DEB
__end_of_latchClock_Fil    text4        0DFD
__end_of_leerEntradas      text28       0585
__end_of_main              maintext     04E7
__end_of_memset            text31       0F19
__end_of_perdio            text27       03D9
__end_of_rand              text37       073C
__end_of_returnHome        text17       0EA4
__end_of_setData           text22       02FD
__end_of_setFilas          text6        07C3
__end_of_shiftBitColumna   text2        0EC0
__end_of_shiftClock_Col    text3        0800
__end_of_shiftClock_Fil    text7        0DF7
__end_of_srand             text9        0E0E
__end_of_sumaPuntos        text26       06F5
__end_of_updateScreen      text1        043C
__initialization           cinit        000F
__pbssBANK0                bssBANK0     0045
__pbssBANK1                bssBANK1     00A0
__pcstackBANK0             cstackBANK0  0020
__pcstackCOMMON            cstackCOMMON 0070
__pdataBANK0               dataBANK0    0067
__pdataBANK1               dataBANK1    00C0
__pidataBANK0              idataBANK0   0DE2
__pidataBANK1              idataBANK1   0EC0
__pintentry                intentry     0004
__pmaintext                maintext     0497
__ptext1                   text1        03D9
__ptext10                  text10       0E27
__ptext11                  text11       0E5B
__ptext12                  text12       0DEB
__ptext13                  text13       0E1A
__ptext14                  text14       0E35
__ptext15                  text15       0EDC
__ptext16                  text16       01FB
__ptext17                  text17       0E8A
__ptext18                  text18       0667
__ptext19                  text19       07C3
__ptext2                   text2        0EA4
__ptext20                  text20       061D
__ptext21                  text21       0E70
__ptext22                  text22       027C
__ptext23                  text23       0DDE
__ptext24                  text24       0DDA
__ptext25                  text25       04E7
__ptext26                  text26       06AE
__ptext27                  text27       0373
__ptext28                  text28       0536
__ptext29                  text29       003E
__ptext3                   text3        07FA
__ptext30                  text30       015E
__ptext31                  text31       0EF9
__ptext32                  text32       0E0E
__ptext33                  text33       073C
__ptext34                  text34       0585
__ptext35                  text35       02FD
__ptext36                  text36       0F19
__ptext37                  text37       06F5
__ptext38                  text38       05D1
__ptext39                  text39       0F7E
__ptext4                   text4        0DF7
__ptext40                  text40       043C
__ptext41                  text41       0F4A
__ptext5                   text5        0DE6
__ptext6                   text6        0780
__ptext7                   text7        0DF1
__ptext8                   text8        0FBF
__ptext9                   text9        0E05
__size_of_Timer0_ISR       (abs)        0000
__size_of___awmod          (abs)        0000
__size_of___lmul           (abs)        0000
__size_of_addToScreen      (abs)        0000
__size_of_checkBottom      (abs)        0000
__size_of_checkColission_D (abs)        0000
__size_of_checkColission_L (abs)        0000
__size_of_checkColission_R (abs)        0000
__size_of_checkCount       (abs)        0000
__size_of_checkRight       (abs)        0000
__size_of_clearDisplay     (abs)        0000
__size_of_clearRS          (abs)        0000
__size_of_clearRW          (abs)        0000
__size_of_displayONOFF     (abs)        0000
__size_of_drawBground      (abs)        0000
__size_of_drawFigure       (abs)        0000
__size_of_entryModeSet     (abs)        0000
__size_of_functionSet      (abs)        0000
__size_of_gire             (abs)        0000
__size_of_init_LCD         (abs)        0000
__size_of_init_pines       (abs)        0000
__size_of_init_pines_LCD   (abs)        0000
__size_of_init_pines_col   (abs)        0000
__size_of_init_pines_fil   (abs)        0000
__size_of_init_pines_in    (abs)        0000
__size_of_init_timer       (abs)        0000
__size_of_latchClock_Col   (abs)        0000
__size_of_latchClock_Fil   (abs)        0000
__size_of_leerEntradas     (abs)        0000
__size_of_main             (abs)        0000
__size_of_memset           (abs)        0000
__size_of_perdio           (abs)        0000
__size_of_rand             (abs)        0000
__size_of_returnHome       (abs)        0000
__size_of_setData          (abs)        0000
__size_of_setFilas         (abs)        0000
__size_of_shiftBitColumna  (abs)        0000
__size_of_shiftClock_Col   (abs)        0000
__size_of_shiftClock_Fil   (abs)        0000
__size_of_srand            (abs)        0000
__size_of_sumaPuntos       (abs)        0000
__size_of_updateScreen     (abs)        0000
_addToScreen               text8        0FBF
_checkBottom               text36       0F19
_checkColission_D          text35       02FD
_checkColission_L          text34       0585
_checkColission_R          text33       073C
_checkCount                text25       04E7
_checkRight                text32       0E0E
_clearDisplay              text21       0E70
_clearRS                   text24       0DDA
_clearRW                   text23       0DDE
_con                       bssBANK0     0045
_displayONOFF              text20       061D
_displayONOFF$759          cstackBANK0  0021
_displayONOFF$760          cstackBANK0  0023
_drawBground               text39       0F7E
_drawFigure                text30       015E
_entryModeSet              text19       07C3
_entryModeSet$753          cstackCOMMON 0079
_ficha                     bssBANK0     0057
_figuras                   dataBANK1    00C0
_fondo                     bssBANK1     00A0
_functionSet               text18       0667
_functionSet$766           cstackBANK0  0021
_functionSet$767           cstackBANK0  0023
_functionSet$768           cstackBANK0  0025
_gire                      text29       003E
_init_LCD                  text16       01FB
_init_pines                text11       0E5B
_init_pines_LCD            text15       0EDC
_init_pines_col            text14       0E35
_init_pines_fil            text13       0E1A
_init_pines_in             text12       0DEB
_init_timer                text10       0E27
_latchClock_Col            text5        0DE6
_latchClock_Fil            text4        0DF7
_leerEntradas              text28       0536
_main                      maintext     0497
_memset                    text31       0EF9
_pantalla                  bssBANK1     00B0
_perdio                    text27       0373
_rand                      text37       06F5
_randx                     dataBANK0    0067
_returnHome                text17       0E8A
_setData                   text22       027C
_setFilas                  text6        0780
_shiftBitColumna           text2        0EA4
_shiftClock_Col            text3        07FA
_shiftClock_Fil            text7        0DF1
_srand                     text9        0E05
_sumaPuntos                text26       06AE
_timerCount                bssBANK0     0053
_updateScreen              text1        03D9
addToScreen@i              cstackBANK0  0020
btemp                      (abs)        007E
checkColission_D@i         cstackBANK0  0039
checkColission_L@i         cstackCOMMON 007A
checkColission_R@i         cstackCOMMON 007A
checkCount@j               cstackBANK0  003E
clear_ram0                 clrtext      0DFD
displayONOFF@B             cstackCOMMON 0076
displayONOFF@C             cstackCOMMON 0075
displayONOFF@D             cstackBANK0  0020
displayONOFF@data          cstackBANK0  0025
drawBground@i              cstackBANK0  0020
end_of_initialization      cinit        003A
entryModeSet@ID            cstackCOMMON 0078
entryModeSet@SH            cstackCOMMON 0075
entryModeSet@data          cstackCOMMON 007B
functionSet@DL             cstackBANK0  0020
functionSet@F              cstackCOMMON 0076
functionSet@N              cstackCOMMON 0075
functionSet@data           cstackBANK0  0027
gire@aux                   cstackBANK0  0023
gire@i                     cstackBANK0  0029
gire@j                     cstackBANK0  0027
gire@k                     cstackBANK0  0020
gire@mask                  cstackBANK0  0022
init_LCD@N                 cstackBANK0  002C
init_LCD@S                 cstackBANK0  002F
init_fetch0                inittext     0E48
init_ram0                  inittext     0E4C
interrupt_function         intentry     0004
intlevel0                  functab      0000
intlevel1                  functab      0000
intlevel2                  functab      0000
intlevel3                  functab      0000
intlevel4                  functab      0000
intlevel5                  functab      0000
memset@c                   cstackCOMMON 0072
memset@n                   cstackCOMMON 0074
memset@p                   cstackCOMMON 0077
memset@p1                  cstackCOMMON 0078
perdio@i                   cstackBANK0  0034
reset_vec                  reset_vec    0000
saved_w                    (abs)        007E
setData@data               cstackCOMMON 0074
setFilas@i                 cstackCOMMON 007A
setFilas@reg_value         cstackCOMMON 0072
shiftBitColumna@bit        cstackCOMMON 0073
srand@x                    cstackCOMMON 0072
start                      init         000C
start_initialization       cinit        000F
sumaPuntos@aux             cstackCOMMON 0076
sumaPuntos@i               cstackCOMMON 0077
sumaPuntos@j               cstackCOMMON 0079
updateScreen@i             cstackBANK0  0027
updateScreen@screen        cstackBANK0  0026
wtemp0                     (abs)        007E


FUNCTION INFORMATION:

 *************** function _main *****************
 Defined at:
		line 45 in file "mainsource.c"
 Parameters:    Size  Location     Type
  argc            2   32[BANK0 ] int 
  argv            2   34[BANK0 ] PTR PTR unsigned char 
 Auto vars:     Size  Location     Type
  j               2    0        int 
  i               2    0        int 
 Return value:  Size  Location     Type
                  2   32[BANK0 ] int 
 Registers used:
		wreg, fsr0l, fsr0h, status,2, status,0, btemp+1, pclath, cstack
 Tracked objects:
		On entry : 
		On exit  : 
		Unchanged: 
 Data sizes:     COMMON   BANK0   BANK1   BANK3   BANK2
      Params:         0       4       0       0       0
      Locals:         0       4       0       0       0
      Temps:          0       1       0       0       0
      Totals:         0       9       0       0       0
Total ram usage:        9 bytes
 Hardware stack levels required when called:    5
 This function calls:
		___awmod
		_checkCount
		_init_LCD
		_init_pines
		_init_timer
		_rand
		_srand
		_updateScreen
 This function is called by:
		Startup code after reset
 This function uses a non-reentrant model


 *************** function _updateScreen *****************
 Defined at:
		line 17 in file "screen.c"
 Parameters:    Size  Location     Type
  screen          1    wreg     PTR unsigned int 
		 -> pantalla(16), 
 Auto vars:     Size  Location     Type
  screen          1    6[BANK0 ] PTR unsigned int 
		 -> pantalla(16), 
  i               2    7[BANK0 ] int 
 Return value:  Size  Location     Type
                  1    wreg      void 
 Registers used:
		wreg, fsr0l, fsr0h, status,2, status,0, btemp+1, pclath, cstack
 Tracked objects:
		On entry : 
		On exit  : 
		Unchanged: 
 Data sizes:     COMMON   BANK0   BANK1   BANK3   BANK2
      Params:         0       0       0       0       0
      Locals:         0       3       0       0       0
      Temps:          0       4       0       0       0
      Totals:         0       7       0       0       0
Total ram usage:        7 bytes
 Hardware stack levels used:    1
 Hardware stack levels required when called:    3
 This function calls:
		_addToScreen
		_setFilas
		_shiftBitColumna
 This function is called by:
		_main
 This function uses a non-reentrant model


 *************** function _shiftBitColumna *****************
 Defined at:
		line 33 in file "columnas.c"
 Parameters:    Size  Location     Type
  bit             1    wreg     unsigned char 
 Auto vars:     Size  Location     Type
  bit             1    3[COMMON] unsigned char 
 Return value:  Size  Location     Type
                  1    wreg      void 
 Registers used:
		wreg, status,2, status,0, pclath, cstack
 Tracked objects:
		On entry : 
		On exit  : 
		Unchanged: 
 Data sizes:     COMMON   BANK0   BANK1   BANK3   BANK2
      Params:         0       0       0       0       0
      Locals:         1       0       0       0       0
      Temps:          1       0       0       0       0
      Totals:         2       0       0       0       0
Total ram usage:        2 bytes
 Hardware stack levels used:    1
 Hardware stack levels required when called:    2
 This function calls:
		_latchClock_Col
		_latchClock_Fil
		_shiftClock_Col
 This function is called by:
		_updateScreen
 This function uses a non-reentrant model


 *************** function _shiftClock_Col *****************
 Defined at:
		line 13 in file "columnas.c"
 Parameters:    Size  Location     Type
		None
 Auto vars:     Size  Location     Type
		None
 Return value:  Size  Location     Type
                  1    wreg      void 
 Registers used:
		None
 Tracked objects:
		On entry : 
		On exit  : 
		Unchanged: 
 Data sizes:     COMMON   BANK0   BANK1   BANK3   BANK2
      Params:         0       0       0       0       0
      Locals:         0       0       0       0       0
      Temps:          0       0       0       0       0
      Totals:         0       0       0       0       0
Total ram usage:        0 bytes
 Hardware stack levels used:    1
 Hardware stack levels required when called:    1
 This function calls:
		Nothing
 This function is called by:
		_shiftBitColumna
		_setColumnas
 This function uses a non-reentrant model


 *************** function _latchClock_Fil *****************
 Defined at:
		line 7 in file "filas.c"
 Parameters:    Size  Location     Type
		None
 Auto vars:     Size  Location     Type
		None
 Return value:  Size  Location     Type
                  1    wreg      void 
 Registers used:
		None
 Tracked objects:
		On entry : 
		On exit  : 
		Unchanged: 
 Data sizes:     COMMON   BANK0   BANK1   BANK3   BANK2
      Params:         0       0       0       0       0
      Locals:         0       0       0       0       0
      Temps:          0       0       0       0       0
      Totals:         0       0       0       0       0
Total ram usage:        0 bytes
 Hardware stack levels used:    1
 Hardware stack levels required when called:    1
 This function calls:
		Nothing
 This function is called by:
		_shiftBitColumna
 This function uses a non-reentrant model


 *************** function _latchClock_Col *****************
 Defined at:
		line 8 in file "columnas.c"
 Parameters:    Size  Location     Type
		None
 Auto vars:     Size  Location     Type
		None
 Return value:  Size  Location     Type
                  1    wreg      void 
 Registers used:
		None
 Tracked objects:
		On entry : 
		On exit  : 
		Unchanged: 
 Data sizes:     COMMON   BANK0   BANK1   BANK3   BANK2
      Params:         0       0       0       0       0
      Locals:         0       0       0       0       0
      Temps:          0       0       0       0       0
      Totals:         0       0       0       0       0
Total ram usage:        0 bytes
 Hardware stack levels used:    1
 Hardware stack levels required when called:    1
 This function calls:
		Nothing
 This function is called by:
		_shiftBitColumna
		_setColumnas
 This function uses a non-reentrant model


 *************** function _setFilas *****************
 Defined at:
		line 19 in file "filas.c"
 Parameters:    Size  Location     Type
  reg_value       2    2[COMMON] unsigned int 
 Auto vars:     Size  Location     Type
  i               2   10[COMMON] int 
 Return value:  Size  Location     Type
                  1    wreg      void 
 Registers used:
		wreg, status,2, status,0, btemp+1, pclath, cstack
 Tracked objects:
		On entry : 
		On exit  : 
		Unchanged: 
 Data sizes:     COMMON   BANK0   BANK1   BANK3   BANK2
      Params:         2       0       0       0       0
      Locals:         2       0       0       0       0
      Temps:          6       0       0       0       0
      Totals:        10       0       0       0       0
Total ram usage:       10 bytes
 Hardware stack levels used:    1
 Hardware stack levels required when called:    2
 This function calls:
		_shiftClock_Fil
 This function is called by:
		_updateScreen
 This function uses a non-reentrant model


 *************** function _shiftClock_Fil *****************
 Defined at:
		line 13 in file "filas.c"
 Parameters:    Size  Location     Type
		None
 Auto vars:     Size  Location     Type
		None
 Return value:  Size  Location     Type
                  1    wreg      void 
 Registers used:
		None
 Tracked objects:
		On entry : 
		On exit  : 
		Unchanged: 
 Data sizes:     COMMON   BANK0   BANK1   BANK3   BANK2
      Params:         0       0       0       0       0
      Locals:         0       0       0       0       0
      Temps:          0       0       0       0       0
      Totals:         0       0       0       0       0
Total ram usage:        0 bytes
 Hardware stack levels used:    1
 Hardware stack levels required when called:    1
 This function calls:
		Nothing
 This function is called by:
		_setFilas
 This function uses a non-reentrant model


 *************** function _addToScreen *****************
 Defined at:
		line 39 in file "screen.c"
 Parameters:    Size  Location     Type
		None
 Auto vars:     Size  Location     Type
  i               2    0[BANK0 ] int 
 Return value:  Size  Location     Type
                  1    wreg      void 
 Registers used:
		wreg, fsr0l, fsr0h, status,2, status,0, btemp+1
 Tracked objects:
		On entry : 
		On exit  : 
		Unchanged: 
 Data sizes:     COMMON   BANK0   BANK1   BANK3   BANK2
      Params:         0       0       0       0       0
      Locals:         0       2       0       0       0
      Temps:          9       0       0       0       0
      Totals:         9       2       0       0       0
Total ram usage:       11 bytes
 Hardware stack levels used:    1
 Hardware stack levels required when called:    1
 This function calls:
		Nothing
 This function is called by:
		_updateScreen
 This function uses a non-reentrant model


 *************** function _srand *****************
 Defined at:
		line 6 in file "C:\Program Files (x86)\Microchip\xc8\v2.10\pic\sources\c90\common\rand.c"
 Parameters:    Size  Location     Type
  x               2    2[COMMON] unsigned int 
 Auto vars:     Size  Location     Type
		None
 Return value:  Size  Location     Type
                  1    wreg      void 
 Registers used:
		wreg
 Tracked objects:
		On entry : 
		On exit  : 
		Unchanged: 
 Data sizes:     COMMON   BANK0   BANK1   BANK3   BANK2
      Params:         2       0       0       0       0
      Locals:         0       0       0       0       0
      Temps:          0       0       0       0       0
      Totals:         2       0       0       0       0
Total ram usage:        2 bytes
 Hardware stack levels used:    1
 Hardware stack levels required when called:    1
 This function calls:
		Nothing
 This function is called by:
		_main
 This function uses a non-reentrant model


 *************** function _init_timer *****************
 Defined at:
		line 86 in file "init.c"
 Parameters:    Size  Location     Type
		None
 Auto vars:     Size  Location     Type
		None
 Return value:  Size  Location     Type
                  1    wreg      void 
 Registers used:
		status,2
 Tracked objects:
		On entry : 
		On exit  : 
		Unchanged: 
 Data sizes:     COMMON   BANK0   BANK1   BANK3   BANK2
      Params:         0       0       0       0       0
      Locals:         0       0       0       0       0
      Temps:          0       0       0       0       0
      Totals:         0       0       0       0       0
Total ram usage:        0 bytes
 Hardware stack levels used:    1
 Hardware stack levels required when called:    1
 This function calls:
		Nothing
 This function is called by:
		_main
 This function uses a non-reentrant model


 *************** function _init_pines *****************
 Defined at:
		line 5 in file "init.c"
 Parameters:    Size  Location     Type
		None
 Auto vars:     Size  Location     Type
		None
 Return value:  Size  Location     Type
                  1    wreg      void 
 Registers used:
		wreg, status,2, status,0, pclath, cstack
 Tracked objects:
		On entry : 
		On exit  : 
		Unchanged: 
 Data sizes:     COMMON   BANK0   BANK1   BANK3   BANK2
      Params:         0       0       0       0       0
      Locals:         0       0       0       0       0
      Temps:          0       0       0       0       0
      Totals:         0       0       0       0       0
Total ram usage:        0 bytes
 Hardware stack levels used:    1
 Hardware stack levels required when called:    2
 This function calls:
		_init_pines_LCD
		_init_pines_col
		_init_pines_fil
		_init_pines_in
 This function is called by:
		_main
 This function uses a non-reentrant model


 *************** function _init_pines_in *****************
 Defined at:
		line 12 in file "init.c"
 Parameters:    Size  Location     Type
		None
 Auto vars:     Size  Location     Type
		None
 Return value:  Size  Location     Type
                  1    wreg      void 
 Registers used:
		None
 Tracked objects:
		On entry : 
		On exit  : 
		Unchanged: 
 Data sizes:     COMMON   BANK0   BANK1   BANK3   BANK2
      Params:         0       0       0       0       0
      Locals:         0       0       0       0       0
      Temps:          0       0       0       0       0
      Totals:         0       0       0       0       0
Total ram usage:        0 bytes
 Hardware stack levels used:    1
 Hardware stack levels required when called:    1
 This function calls:
		Nothing
 This function is called by:
		_init_pines
 This function uses a non-reentrant model


 *************** function _init_pines_fil *****************
 Defined at:
		line 49 in file "init.c"
 Parameters:    Size  Location     Type
		None
 Auto vars:     Size  Location     Type
		None
 Return value:  Size  Location     Type
                  1    wreg      void 
 Registers used:
		None
 Tracked objects:
		On entry : 
		On exit  : 
		Unchanged: 
 Data sizes:     COMMON   BANK0   BANK1   BANK3   BANK2
      Params:         0       0       0       0       0
      Locals:         0       0       0       0       0
      Temps:          0       0       0       0       0
      Totals:         0       0       0       0       0
Total ram usage:        0 bytes
 Hardware stack levels used:    1
 Hardware stack levels required when called:    1
 This function calls:
		Nothing
 This function is called by:
		_init_pines
 This function uses a non-reentrant model


 *************** function _init_pines_col *****************
 Defined at:
		line 62 in file "init.c"
 Parameters:    Size  Location     Type
		None
 Auto vars:     Size  Location     Type
		None
 Return value:  Size  Location     Type
                  1    wreg      void 
 Registers used:
		None
 Tracked objects:
		On entry : 
		On exit  : 
		Unchanged: 
 Data sizes:     COMMON   BANK0   BANK1   BANK3   BANK2
      Params:         0       0       0       0       0
      Locals:         0       0       0       0       0
      Temps:          0       0       0       0       0
      Totals:         0       0       0       0       0
Total ram usage:        0 bytes
 Hardware stack levels used:    1
 Hardware stack levels required when called:    1
 This function calls:
		Nothing
 This function is called by:
		_init_pines
 This function uses a non-reentrant model


 *************** function _init_pines_LCD *****************
 Defined at:
		line 18 in file "init.c"
 Parameters:    Size  Location     Type
		None
 Auto vars:     Size  Location     Type
		None
 Return value:  Size  Location     Type
                  1    wreg      void 
 Registers used:
		wreg
 Tracked objects:
		On entry : 
		On exit  : 
		Unchanged: 
 Data sizes:     COMMON   BANK0   BANK1   BANK3   BANK2
      Params:         0       0       0       0       0
      Locals:         0       0       0       0       0
      Temps:          0       0       0       0       0
      Totals:         0       0       0       0       0
Total ram usage:        0 bytes
 Hardware stack levels used:    1
 Hardware stack levels required when called:    1
 This function calls:
		Nothing
 This function is called by:
		_init_pines
 This function uses a non-reentrant model


 *************** function _init_LCD *****************
 Defined at:
		line 12 in file "LCD.c"
 Parameters:    Size  Location     Type
		None
 Auto vars:     Size  Location     Type
  B               1    0        _Bool 
  C               1    0        _Bool 
  D               1    0        _Bool 
  S               1   15[BANK0 ] _Bool 
  ID              1    0        _Bool 
  F               1    0        _Bool 
  N               1   12[BANK0 ] _Bool 
  DL              1    0        _Bool 
 Return value:  Size  Location     Type
                  1    wreg      void 
 Registers used:
		wreg, status,2, status,0, pclath, cstack
 Tracked objects:
		On entry : 
		On exit  : 
		Unchanged: 
 Data sizes:     COMMON   BANK0   BANK1   BANK3   BANK2
      Params:         0       0       0       0       0
      Locals:         0       8       0       0       0
      Temps:          0       3       0       0       0
      Totals:         0      11       0       0       0
Total ram usage:       11 bytes
 Hardware stack levels used:    1
 Hardware stack levels required when called:    3
 This function calls:
		_clearDisplay
		_displayONOFF
		_entryModeSet
		_functionSet
		_returnHome
 This function is called by:
		_main
 This function uses a non-reentrant model


 *************** function _returnHome *****************
 Defined at:
		line 47 in file "LCD.c"
 Parameters:    Size  Location     Type
		None
 Auto vars:     Size  Location     Type
		None
 Return value:  Size  Location     Type
                  1    wreg      void 
 Registers used:
		wreg, status,2, status,0, pclath, cstack
 Tracked objects:
		On entry : 
		On exit  : 
		Unchanged: 
 Data sizes:     COMMON   BANK0   BANK1   BANK3   BANK2
      Params:         0       0       0       0       0
      Locals:         0       0       0       0       0
      Temps:          2       0       0       0       0
      Totals:         2       0       0       0       0
Total ram usage:        2 bytes
 Hardware stack levels used:    1
 Hardware stack levels required when called:    2
 This function calls:
		_clearRS
		_clearRW
		_setData
 This function is called by:
		_init_LCD
 This function uses a non-reentrant model


 *************** function _functionSet *****************
 Defined at:
		line 72 in file "LCD.c"
 Parameters:    Size  Location     Type
  DL              1    wreg     _Bool 
  N               1    5[COMMON] _Bool 
  F               1    6[COMMON] _Bool 
 Auto vars:     Size  Location     Type
  DL              1    0[BANK0 ] _Bool 
  data            1    7[BANK0 ] unsigned char 
 Return value:  Size  Location     Type
                  1    wreg      void 
 Registers used:
		wreg, status,2, status,0, pclath, cstack
 Tracked objects:
		On entry : 
		On exit  : 
		Unchanged: 
 Data sizes:     COMMON   BANK0   BANK1   BANK3   BANK2
      Params:         2       0       0       0       0
      Locals:         0       8       0       0       0
      Temps:          1       0       0       0       0
      Totals:         3       8       0       0       0
Total ram usage:       11 bytes
 Hardware stack levels used:    1
 Hardware stack levels required when called:    2
 This function calls:
		_clearRS
		_clearRW
		_setData
 This function is called by:
		_init_LCD
 This function uses a non-reentrant model


 *************** function _entryModeSet *****************
 Defined at:
		line 54 in file "LCD.c"
 Parameters:    Size  Location     Type
  ID              1    wreg     _Bool 
  SH              1    5[COMMON] _Bool 
 Auto vars:     Size  Location     Type
  ID              1    8[COMMON] _Bool 
  data            1   11[COMMON] unsigned char 
 Return value:  Size  Location     Type
                  1    wreg      void 
 Registers used:
		wreg, status,2, status,0, pclath, cstack
 Tracked objects:
		On entry : 
		On exit  : 
		Unchanged: 
 Data sizes:     COMMON   BANK0   BANK1   BANK3   BANK2
      Params:         1       0       0       0       0
      Locals:         4       0       0       0       0
      Temps:          2       0       0       0       0
      Totals:         7       0       0       0       0
Total ram usage:        7 bytes
 Hardware stack levels used:    1
 Hardware stack levels required when called:    2
 This function calls:
		_clearRS
		_clearRW
		_setData
 This function is called by:
		_init_LCD
 This function uses a non-reentrant model


 *************** function _displayONOFF *****************
 Defined at:
		line 63 in file "LCD.c"
 Parameters:    Size  Location     Type
  D               1    wreg     _Bool 
  C               1    5[COMMON] _Bool 
  B               1    6[COMMON] _Bool 
 Auto vars:     Size  Location     Type
  D               1    0[BANK0 ] _Bool 
  data            1    5[BANK0 ] unsigned char 
 Return value:  Size  Location     Type
                  1    wreg      void 
 Registers used:
		wreg, status,2, status,0, pclath, cstack
 Tracked objects:
		On entry : 
		On exit  : 
		Unchanged: 
 Data sizes:     COMMON   BANK0   BANK1   BANK3   BANK2
      Params:         2       0       0       0       0
      Locals:         0       6       0       0       0
      Temps:          2       0       0       0       0
      Totals:         4       6       0       0       0
Total ram usage:       10 bytes
 Hardware stack levels used:    1
 Hardware stack levels required when called:    2
 This function calls:
		_clearRS
		_clearRW
		_setData
 This function is called by:
		_init_LCD
 This function uses a non-reentrant model


 *************** function _clearDisplay *****************
 Defined at:
		line 40 in file "LCD.c"
 Parameters:    Size  Location     Type
		None
 Auto vars:     Size  Location     Type
		None
 Return value:  Size  Location     Type
                  1    wreg      void 
 Registers used:
		wreg, status,2, status,0, pclath, cstack
 Tracked objects:
		On entry : 
		On exit  : 
		Unchanged: 
 Data sizes:     COMMON   BANK0   BANK1   BANK3   BANK2
      Params:         0       0       0       0       0
      Locals:         0       0       0       0       0
      Temps:          2       0       0       0       0
      Totals:         2       0       0       0       0
Total ram usage:        2 bytes
 Hardware stack levels used:    1
 Hardware stack levels required when called:    2
 This function calls:
		_clearRS
		_clearRW
		_setData
 This function is called by:
		_init_LCD
 This function uses a non-reentrant model


 *************** function _setData *****************
 Defined at:
		line 104 in file "LCD.c"
 Parameters:    Size  Location     Type
  data            1    wreg     unsigned char 
 Auto vars:     Size  Location     Type
  data            1    4[COMMON] unsigned char 
 Return value:  Size  Location     Type
                  1    wreg      void 
 Registers used:
		wreg, status,2, status,0
 Tracked objects:
		On entry : 
		On exit  : 
		Unchanged: 
 Data sizes:     COMMON   BANK0   BANK1   BANK3   BANK2
      Params:         0       0       0       0       0
      Locals:         1       0       0       0       0
      Temps:          2       0       0       0       0
      Totals:         3       0       0       0       0
Total ram usage:        3 bytes
 Hardware stack levels used:    1
 Hardware stack levels required when called:    1
 This function calls:
		Nothing
 This function is called by:
		_clearDisplay
		_returnHome
		_entryModeSet
		_displayONOFF
		_functionSet
 This function uses a non-reentrant model


 *************** function _clearRW *****************
 Defined at:
		line 92 in file "LCD.c"
 Parameters:    Size  Location     Type
		None
 Auto vars:     Size  Location     Type
		None
 Return value:  Size  Location     Type
                  1    wreg      void 
 Registers used:
		None
 Tracked objects:
		On entry : 
		On exit  : 
		Unchanged: 
 Data sizes:     COMMON   BANK0   BANK1   BANK3   BANK2
      Params:         0       0       0       0       0
      Locals:         0       0       0       0       0
      Temps:          0       0       0       0       0
      Totals:         0       0       0       0       0
Total ram usage:        0 bytes
 Hardware stack levels used:    1
 Hardware stack levels required when called:    1
 This function calls:
		Nothing
 This function is called by:
		_clearDisplay
		_returnHome
		_entryModeSet
		_displayONOFF
		_functionSet
 This function uses a non-reentrant model


 *************** function _clearRS *****************
 Defined at:
		line 84 in file "LCD.c"
 Parameters:    Size  Location     Type
		None
 Auto vars:     Size  Location     Type
		None
 Return value:  Size  Location     Type
                  1    wreg      void 
 Registers used:
		None
 Tracked objects:
		On entry : 
		On exit  : 
		Unchanged: 
 Data sizes:     COMMON   BANK0   BANK1   BANK3   BANK2
      Params:         0       0       0       0       0
      Locals:         0       0       0       0       0
      Temps:          0       0       0       0       0
      Totals:         0       0       0       0       0
Total ram usage:        0 bytes
 Hardware stack levels used:    1
 Hardware stack levels required when called:    1
 This function calls:
		Nothing
 This function is called by:
		_clearDisplay
		_returnHome
		_entryModeSet
		_displayONOFF
		_functionSet
 This function uses a non-reentrant model


 *************** function _checkCount *****************
 Defined at:
		line 137 in file "mainsource.c"
 Parameters:    Size  Location     Type
		None
 Auto vars:     Size  Location     Type
  j               2   30[BANK0 ] int 
  i               2    0        int 
 Return value:  Size  Location     Type
                  1    wreg      void 
 Registers used:
		wreg, fsr0l, fsr0h, status,2, status,0, btemp+1, pclath, cstack
 Tracked objects:
		On entry : 
		On exit  : 
		Unchanged: 
 Data sizes:     COMMON   BANK0   BANK1   BANK3   BANK2
      Params:         0       0       0       0       0
      Locals:         0       4       0       0       0
      Temps:          0       1       0       0       0
      Totals:         0       5       0       0       0
Total ram usage:        5 bytes
 Hardware stack levels used:    1
 Hardware stack levels required when called:    4
 This function calls:
		_checkBottom
		_checkColission_D
		_drawFigure
		_leerEntradas
		_perdio
		_sumaPuntos
 This function is called by:
		_main
 This function uses a non-reentrant model


 *************** function _sumaPuntos *****************
 Defined at:
		line 30 in file "puntuacion.c"
 Parameters:    Size  Location     Type
		None
 Auto vars:     Size  Location     Type
  j               2    9[COMMON] int 
  i               2    7[COMMON] int 
  aux             1    6[COMMON] unsigned char 
 Return value:  Size  Location     Type
                  1    wreg      void 
 Registers used:
		wreg, fsr0l, fsr0h, status,2, status,0, btemp+1
 Tracked objects:
		On entry : 
		On exit  : 
		Unchanged: 
 Data sizes:     COMMON   BANK0   BANK1   BANK3   BANK2
      Params:         0       0       0       0       0
      Locals:         5       0       0       0       0
      Temps:          4       0       0       0       0
      Totals:         9       0       0       0       0
Total ram usage:        9 bytes
 Hardware stack levels used:    1
 Hardware stack levels required when called:    1
 This function calls:
		Nothing
 This function is called by:
		_checkCount
 This function uses a non-reentrant model


 *************** function _perdio *****************
 Defined at:
		line 13 in file "puntuacion.c"
 Parameters:    Size  Location     Type
		None
 Auto vars:     Size  Location     Type
  i               2   20[BANK0 ] int 
 Return value:  Size  Location     Type
                  1    wreg      void 
 Registers used:
		wreg, fsr0l, fsr0h, status,2, status,0, btemp+1, pclath, cstack
 Tracked objects:
		On entry : 
		On exit  : 
		Unchanged: 
 Data sizes:     COMMON   BANK0   BANK1   BANK3   BANK2
      Params:         0       0       0       0       0
      Locals:         0       2       0       0       0
      Temps:          0       3       0       0       0
      Totals:         0       5       0       0       0
Total ram usage:        5 bytes
 Hardware stack levels used:    1
 Hardware stack levels required when called:    3
 This function calls:
		___awmod
		_memset
		_rand
 This function is called by:
		_checkCount
 This function uses a non-reentrant model


 *************** function _leerEntradas *****************
 Defined at:
		line 108 in file "mainsource.c"
 Parameters:    Size  Location     Type
		None
 Auto vars:     Size  Location     Type
		None
 Return value:  Size  Location     Type
                  1    wreg      void 
 Registers used:
		wreg, fsr0l, fsr0h, status,2, status,0, btemp+1, pclath, cstack
 Tracked objects:
		On entry : 
		On exit  : 
		Unchanged: 
 Data sizes:     COMMON   BANK0   BANK1   BANK3   BANK2
      Params:         0       0       0       0       0
      Locals:         0       0       0       0       0
      Temps:          0       1       0       0       0
      Totals:         0       1       0       0       0
Total ram usage:        1 bytes
 Hardware stack levels used:    1
 Hardware stack levels required when called:    3
 This function calls:
		_checkColission_L
		_checkColission_R
		_checkRight
		_drawFigure
		_gire
 This function is called by:
		_checkCount
 This function uses a non-reentrant model


 *************** function _gire *****************
 Defined at:
		line 68 in file "mainsource.c"
 Parameters:    Size  Location     Type
		None
 Auto vars:     Size  Location     Type
  aux             4    3[BANK0 ] unsigned char [4]
  i               2    9[BANK0 ] int 
  j               2    7[BANK0 ] int 
  k               2    0[BANK0 ] int 
  mask            1    2[BANK0 ] unsigned char 
 Return value:  Size  Location     Type
                  1    wreg      void 
 Registers used:
		wreg, fsr0l, fsr0h, status,2, status,0, btemp+1
 Tracked objects:
		On entry : 
		On exit  : 
		Unchanged: 
 Data sizes:     COMMON   BANK0   BANK1   BANK3   BANK2
      Params:         0       0       0       0       0
      Locals:         0      11       0       0       0
      Temps:          5       0       0       0       0
      Totals:         5      11       0       0       0
Total ram usage:       16 bytes
 Hardware stack levels used:    1
 Hardware stack levels required when called:    1
 This function calls:
		Nothing
 This function is called by:
		_leerEntradas
 This function uses a non-reentrant model


 *************** function _drawFigure *****************
 Defined at:
		line 57 in file "screen.c"
 Parameters:    Size  Location     Type
		None
 Auto vars:     Size  Location     Type
		None
 Return value:  Size  Location     Type
                  1    wreg      void 
 Registers used:
		wreg, fsr0l, fsr0h, status,2, status,0, pclath, cstack
 Tracked objects:
		On entry : 
		On exit  : 
		Unchanged: 
 Data sizes:     COMMON   BANK0   BANK1   BANK3   BANK2
      Params:         0       0       0       0       0
      Locals:         0       0       0       0       0
      Temps:          0       5       0       0       0
      Totals:         0       5       0       0       0
Total ram usage:        5 bytes
 Hardware stack levels used:    1
 Hardware stack levels required when called:    2
 This function calls:
		_memset
 This function is called by:
		_leerEntradas
		_checkCount
 This function uses a non-reentrant model


 *************** function _memset *****************
 Defined at:
		line 8 in file "C:\Program Files (x86)\Microchip\xc8\v2.10\pic\sources\c90\common\memset.c"
 Parameters:    Size  Location     Type
  p1              1    wreg     PTR void 
		 -> fondo(16), ficha(16), 
  c               2    2[COMMON] int 
  n               2    4[COMMON] unsigned int 
 Auto vars:     Size  Location     Type
  p1              1    8[COMMON] PTR void 
		 -> fondo(16), ficha(16), 
  p               1    7[COMMON] PTR unsigned char 
		 -> fondo(16), ficha(16), 
 Return value:  Size  Location     Type
                  1    wreg      PTR void 
 Registers used:
		wreg, fsr0l, fsr0h, status,2, status,0
 Tracked objects:
		On entry : 
		On exit  : 
		Unchanged: 
 Data sizes:     COMMON   BANK0   BANK1   BANK3   BANK2
      Params:         4       0       0       0       0
      Locals:         2       0       0       0       0
      Temps:          1       0       0       0       0
      Totals:         7       0       0       0       0
Total ram usage:        7 bytes
 Hardware stack levels used:    1
 Hardware stack levels required when called:    1
 This function calls:
		Nothing
 This function is called by:
		_drawFigure
		_perdio
 This function uses a non-reentrant model


 *************** function _checkRight *****************
 Defined at:
		line 26 in file "colisiones.c"
 Parameters:    Size  Location     Type
		None
 Auto vars:     Size  Location     Type
		None
 Return value:  Size  Location     Type
                  1    wreg      _Bool 
 Registers used:
		wreg, status,2, status,0
 Tracked objects:
		On entry : 
		On exit  : 
		Unchanged: 
 Data sizes:     COMMON   BANK0   BANK1   BANK3   BANK2
      Params:         0       0       0       0       0
      Locals:         0       0       0       0       0
      Temps:          0       0       0       0       0
      Totals:         0       0       0       0       0
Total ram usage:        0 bytes
 Hardware stack levels used:    1
 Hardware stack levels required when called:    1
 This function calls:
		Nothing
 This function is called by:
		_leerEntradas
 This function uses a non-reentrant model


 *************** function _checkColission_R *****************
 Defined at:
		line 51 in file "colisiones.c"
 Parameters:    Size  Location     Type
		None
 Auto vars:     Size  Location     Type
  i               2   10[COMMON] int 
 Return value:  Size  Location     Type
                  1    wreg      _Bool 
 Registers used:
		wreg, fsr0l, fsr0h, status,2, status,0
 Tracked objects:
		On entry : 
		On exit  : 
		Unchanged: 
 Data sizes:     COMMON   BANK0   BANK1   BANK3   BANK2
      Params:         0       0       0       0       0
      Locals:         2       0       0       0       0
      Temps:          8       0       0       0       0
      Totals:        10       0       0       0       0
Total ram usage:       10 bytes
 Hardware stack levels used:    1
 Hardware stack levels required when called:    1
 This function calls:
		Nothing
 This function is called by:
		_leerEntradas
 This function uses a non-reentrant model


 *************** function _checkColission_L *****************
 Defined at:
		line 61 in file "colisiones.c"
 Parameters:    Size  Location     Type
		None
 Auto vars:     Size  Location     Type
  i               2   10[COMMON] int 
 Return value:  Size  Location     Type
                  1    wreg      _Bool 
 Registers used:
		wreg, fsr0l, fsr0h, status,2, status,0
 Tracked objects:
		On entry : 
		On exit  : 
		Unchanged: 
 Data sizes:     COMMON   BANK0   BANK1   BANK3   BANK2
      Params:         0       0       0       0       0
      Locals:         2       0       0       0       0
      Temps:          8       0       0       0       0
      Totals:        10       0       0       0       0
Total ram usage:       10 bytes
 Hardware stack levels used:    1
 Hardware stack levels required when called:    1
 This function calls:
		Nothing
 This function is called by:
		_leerEntradas
 This function uses a non-reentrant model


 *************** function _checkColission_D *****************
 Defined at:
		line 38 in file "colisiones.c"
 Parameters:    Size  Location     Type
		None
 Auto vars:     Size  Location     Type
  i               2   25[BANK0 ] int 
 Return value:  Size  Location     Type
                  1    wreg      void 
 Registers used:
		wreg, fsr0l, fsr0h, status,2, status,0, btemp+1, pclath, cstack
 Tracked objects:
		On entry : 
		On exit  : 
		Unchanged: 
 Data sizes:     COMMON   BANK0   BANK1   BANK3   BANK2
      Params:         0       0       0       0       0
      Locals:         0       2       0       0       0
      Temps:          0       8       0       0       0
      Totals:         0      10       0       0       0
Total ram usage:       10 bytes
 Hardware stack levels used:    1
 Hardware stack levels required when called:    3
 This function calls:
		___awmod
		_drawBground
		_rand
 This function is called by:
		_checkCount
 This function uses a non-reentrant model


 *************** function _checkBottom *****************
 Defined at:
		line 17 in file "colisiones.c"
 Parameters:    Size  Location     Type
		None
 Auto vars:     Size  Location     Type
		None
 Return value:  Size  Location     Type
                  1    wreg      void 
 Registers used:
		wreg, fsr0l, fsr0h, status,2, status,0, btemp+1, pclath, cstack
 Tracked objects:
		On entry : 
		On exit  : 
		Unchanged: 
 Data sizes:     COMMON   BANK0   BANK1   BANK3   BANK2
      Params:         0       0       0       0       0
      Locals:         0       0       0       0       0
      Temps:          0       1       0       0       0
      Totals:         0       1       0       0       0
Total ram usage:        1 bytes
 Hardware stack levels used:    1
 Hardware stack levels required when called:    3
 This function calls:
		___awmod
		_drawBground
		_rand
 This function is called by:
		_checkCount
 This function uses a non-reentrant model


 *************** function _rand *****************
 Defined at:
		line 12 in file "C:\Program Files (x86)\Microchip\xc8\v2.10\pic\sources\c90\common\rand.c"
 Parameters:    Size  Location     Type
		None
 Auto vars:     Size  Location     Type
		None
 Return value:  Size  Location     Type
                  2    4[BANK0 ] int 
 Registers used:
		wreg, status,2, status,0, pclath, cstack
 Tracked objects:
		On entry : 
		On exit  : 
		Unchanged: 
 Data sizes:     COMMON   BANK0   BANK1   BANK3   BANK2
      Params:         0       2       0       0       0
      Locals:         0       0       0       0       0
      Temps:          0       5       0       0       0
      Totals:         0       7       0       0       0
Total ram usage:        7 bytes
 Hardware stack levels used:    1
 Hardware stack levels required when called:    2
 This function calls:
		___lmul
 This function is called by:
		_main
		_checkBottom
		_checkColission_D
		_perdio
 This function uses a non-reentrant model


 *************** function ___lmul *****************
 Defined at:
		line 15 in file "C:\Program Files (x86)\Microchip\xc8\v2.10\pic\sources\c90\common\Umul32.c"
 Parameters:    Size  Location     Type
  multiplier      4    2[COMMON] unsigned long 
  multiplicand    4    6[COMMON] unsigned long 
 Auto vars:     Size  Location     Type
  product         4    0[BANK0 ] unsigned long 
 Return value:  Size  Location     Type
                  4    2[COMMON] unsigned long 
 Registers used:
		wreg, status,2, status,0
 Tracked objects:
		On entry : 
		On exit  : 
		Unchanged: 
 Data sizes:     COMMON   BANK0   BANK1   BANK3   BANK2
      Params:         8       0       0       0       0
      Locals:         0       4       0       0       0
      Temps:          1       0       0       0       0
      Totals:         9       4       0       0       0
Total ram usage:       13 bytes
 Hardware stack levels used:    1
 Hardware stack levels required when called:    1
 This function calls:
		Nothing
 This function is called by:
		_rand
 This function uses a non-reentrant model


 *************** function _drawBground *****************
 Defined at:
		line 46 in file "screen.c"
 Parameters:    Size  Location     Type
		None
 Auto vars:     Size  Location     Type
  i               2    0[BANK0 ] int 
 Return value:  Size  Location     Type
                  1    wreg      void 
 Registers used:
		wreg, fsr0l, fsr0h, status,2, status,0, btemp+1
 Tracked objects:
		On entry : 
		On exit  : 
		Unchanged: 
 Data sizes:     COMMON   BANK0   BANK1   BANK3   BANK2
      Params:         0       0       0       0       0
      Locals:         0       2       0       0       0
      Temps:          9       0       0       0       0
      Totals:         9       2       0       0       0
Total ram usage:       11 bytes
 Hardware stack levels used:    1
 Hardware stack levels required when called:    1
 This function calls:
		Nothing
 This function is called by:
		_checkBottom
		_checkColission_D
 This function uses a non-reentrant model


 *************** function ___awmod *****************
 Defined at:
		line 5 in file "C:\Program Files (x86)\Microchip\xc8\v2.10\pic\sources\c90\common\awmod.c"
 Parameters:    Size  Location     Type
  divisor         2   11[BANK0 ] int 
  dividend        2   13[BANK0 ] int 
 Auto vars:     Size  Location     Type
  sign            1   16[BANK0 ] unsigned char 
  counter         1   15[BANK0 ] unsigned char 
 Return value:  Size  Location     Type
                  2   11[BANK0 ] int 
 Registers used:
		wreg, status,2, status,0
 Tracked objects:
		On entry : 
		On exit  : 
		Unchanged: 
 Data sizes:     COMMON   BANK0   BANK1   BANK3   BANK2
      Params:         0       4       0       0       0
      Locals:         0       2       0       0       0
      Temps:          1       0       0       0       0
      Totals:         1       6       0       0       0
Total ram usage:        7 bytes
 Hardware stack levels used:    1
 Hardware stack levels required when called:    1
 This function calls:
		Nothing
 This function is called by:
		_main
		_checkBottom
		_checkColission_D
		_perdio
 This function uses a non-reentrant model


 *************** function _Timer0_ISR *****************
 Defined at:
		line 163 in file "mainsource.c"
 Parameters:    Size  Location     Type
		None
 Auto vars:     Size  Location     Type
		None
 Return value:  Size  Location     Type
                  1    wreg      void 
 Registers used:
		wreg, status,2
 Tracked objects:
		On entry : 
		On exit  : 
		Unchanged: 
 Data sizes:     COMMON   BANK0   BANK1   BANK3   BANK2
      Params:         0       0       0       0       0
      Locals:         0       0       0       0       0
      Temps:          2       0       0       0       0
      Totals:         2       0       0       0       0
Total ram usage:        2 bytes
 Hardware stack levels used:    1
 This function calls:
		Nothing
 This function is called by:
		Interrupt level 1
 This function uses a non-reentrant model



MODULE INFORMATION

Module		Function		Class		Link	Load	Size
columnas.c
		_shiftBitColumna		CODE           	0EA4	0000	29
		_latchClock_Col		CODE           	0DE6	0000	6
		_shiftClock_Col		CODE           	07FA	0000	7

columnas.c estimated size: 42

colisiones.c
		_checkColission_R		CODE           	073C	0000	69
		_checkRight    		CODE           	0E0E	0000	13
		_checkBottom   		CODE           	0F19	0000	50
		_checkColission_D		CODE           	02FD	0000	119
		_checkColission_L		CODE           	0585	0000	77

colisiones.c estimated size: 328

screen.c
		_drawFigure    		CODE           	015E	0000	158
		_updateScreen  		CODE           	03D9	0000	100
		_drawBground   		CODE           	0F7E	0000	66
		_addToScreen   		CODE           	0FBF	0000	66

screen.c estimated size: 390

C:\Program Files (x86)\Microchip\xc8\v2.10\pic\sources\c90\common\Umul32.c
		___lmul        		CODE           	05D1	0000	77

C:\Program Files (x86)\Microchip\xc8\v2.10\pic\sources\c90\common\Umul32.c estimated size: 77

shared
		__initialization		CODE           	000F	0000	44

shared estimated size: 44

C:\Program Files (x86)\Microchip\xc8\v2.10\pic\sources\c90\common\memset.c
		_memset        		CODE           	0EF9	0000	33

C:\Program Files (x86)\Microchip\xc8\v2.10\pic\sources\c90\common\memset.c estimated size: 33

C:\Program Files (x86)\Microchip\xc8\v2.10\pic\sources\c90\common\awmod.c
		___awmod       		CODE           	043C	0000	92

C:\Program Files (x86)\Microchip\xc8\v2.10\pic\sources\c90\common\awmod.c estimated size: 92

puntuacion.c
		_perdio        		CODE           	0373	0000	103
		_sumaPuntos    		CODE           	06AE	0000	72

puntuacion.c estimated size: 175

filas.c
		_latchClock_Fil		CODE           	0DF7	0000	7
		_shiftClock_Fil		CODE           	0DF1	0000	7
		_setFilas      		CODE           	0780	0000	68

filas.c estimated size: 82

init.c
		_init_pines    		CODE           	0E5B	0000	22
		_init_pines_in 		CODE           	0DEB	0000	7
		_init_pines_LCD		CODE           	0EDC	0000	30
		_init_pines_fil		CODE           	0E1A	0000	14
		_init_pines_col		CODE           	0E35	0000	20
		_init_timer    		CODE           	0E27	0000	15

init.c estimated size: 108

mainsource.c
		_gire          		CODE           	003E	0000	289
		_checkCount    		CODE           	04E7	0000	80
		_Timer0_ISR    		CODE           	0F4A	0000	53
		_leerEntradas  		CODE           	0536	0000	80
		_main          		CODE           	0497	0000	81

mainsource.c estimated size: 583

C:\Program Files (x86)\Microchip\xc8\v2.10\pic\sources\c90\common\rand.c
		_srand         		CODE           	0E05	0000	10
		_rand          		CODE           	06F5	0000	72

C:\Program Files (x86)\Microchip\xc8\v2.10\pic\sources\c90\common\rand.c estimated size: 82

LCD.c
		_entryModeSet  		CODE           	07C3	0000	56
		_clearRS       		CODE           	0DDA	0000	5
		_displayONOFF  		CODE           	061D	0000	75
		_functionSet   		CODE           	0667	0000	72
		_clearDisplay  		CODE           	0E70	0000	27
		_returnHome    		CODE           	0E8A	0000	27
		_init_LCD      		CODE           	01FB	0000	130
		_setData       		CODE           	027C	0000	130
		_clearRW       		CODE           	0DDE	0000	5

LCD.c estimated size: 527

