Microchip MPLAB XC8 Compiler V2.10 ()

Linker command line:

-W-3 --edf=C:\Program Files (x86)\Microchip\xc8\v2.10\pic\dat\en_msgs.txt \
  -cs -h+dist/Simulation/debug\Tetris.X.debug.sym \
  --cmf=dist/Simulation/debug\Tetris.X.debug.cmf -z -Q16F877A \
  -oC:\Users\ASUS\AppData\Local\Temp\sbv4.2 --defsym=__MPLAB_BUILD=1 \
  -Mdist/Simulation/debug/Tetris.X.debug.map -E1 -ver=XC8 --acfsm=1493 \
  -ASTACK=0110h-016Fh -pstack=STACK -ACODE=00h-07FFhx4 -ASTRCODE=00h-01FFFh \
  -ASTRING=00h-0FFhx32 -ACONST=00h-0FFhx32 -AENTRY=00h-0FFhx32 \
  -ACOMMON=070h-07Fh -ABANK0=020h-06Fh -ABANK1=0A0h-0EFh \
  -ABANK2=0110h-016Fh -ABANK3=0190h-01EFh \
  -ARAM=020h-06Fh,0A0h-0EFh,0110h-016Fh,0190h-01EFh \
  -AABS1=020h-07Fh,0A0h-0EFh,0110h-016Fh,0190h-01EFh -ASFR0=00h-01Fh \
  -ASFR1=080h-09Fh -ASFR2=0100h-010Fh -ASFR3=0180h-018Fh \
  -preset_vec=00h,intentry=04h,init,end_init -ppowerup=CODE -pcinit=CODE \
  -pfunctab=ENTRY -ACONFIG=02007h-02007h -pconfig=CONFIG -DCONFIG=2 \
  -AIDLOC=02000h-02003h -pidloc=IDLOC -DIDLOC=2 -AEEDATA=00h-0FFh/02100h \
  -peeprom_data=EEDATA -DEEDATA=2 -DCODE=2 -DSTRCODE=2 -DSTRING=2 -DCONST=2 \
  -DENTRY=2 -k C:\Users\ASUS\AppData\Local\Temp\sbv4.o \
  dist/Simulation/debug\Tetris.X.debug.o 

Object code version is 3.11

Machine type is 16F877A



                Name                               Link     Load   Length Selector   Space Scale
C:\Users\ASUS\AppData\Local\Temp\sbv4.o
                end_init                             12       12        3        8       0
                reset_vec                             0        0        3        0       0
                config                             2007     2007        1     400E       0
dist/Simulation/debug\Tetris.X.debug.o
                cinit                                15       15       20        8       0
                intentry                              4        4        E        8       0
                text17                              287      287        6        8       0
                text16                              292      292        5        8       0
                text15                              281      281        6        8       0
                text14                              1EB      1EB       1C        8       0
                text13                              27B      27B        6        8       0
                text12                              173      173       42        8       0
                text11                              131      131       42        8       0
                text10                              1B5      1B5       36        8       0
                text9                               232      232        F        8       0
                text8                               24F      24F        D        8       0
                text7                               25C      25C        B        8       0
                text6                               241      241        E        8       0
                text5                               28D      28D        5        8       0
                text4                               275      275        6        8       0
                text3                                EE       EE       43        8       0
                text2                               26F      26F        6        8       0
                text1                                A6       A6       48        8       0
                maintext                             35       35       71        8       0
                cstackBANK0                          38       38       14       20       1
                cstackCOMMON                         70       70        D       70       1
                clrtext                             267      267        8        8       0
                inittext                            21F      21F       13        8       0
                dataBANK0                            20       20       18       20       1
                bssBANK0                             4C       4C       13       20       1
                dataCOMMON                           7D       7D        1       70       1
                idataBANK0                          207      207       18        8       0
                idataCOMMON                         297      297        1        8       0

TOTAL           Name                               Link     Load   Length     Space
        CLASS   STACK          

        CLASS   CODE           
                end_init                             12       12        3         0
                cinit                                15       15       20         0
                intentry                              4        4        E         0
                reset_vec                             0        0        3         0
                text17                              287      287        6         0
                text16                              292      292        5         0
                text15                              281      281        6         0
                text14                              1EB      1EB       1C         0
                text13                              27B      27B        6         0
                text12                              173      173       42         0
                text11                              131      131       42         0
                text10                              1B5      1B5       36         0
                text9                               232      232        F         0
                text8                               24F      24F        D         0
                text7                               25C      25C        B         0
                text6                               241      241        E         0
                text5                               28D      28D        5         0
                text4                               275      275        6         0
                text3                                EE       EE       43         0
                text2                               26F      26F        6         0
                text1                                A6       A6       48         0
                maintext                             35       35       71         0
                clrtext                             267      267        8         0
                inittext                            21F      21F       13         0
                idataBANK0                          207      207       18         0
                idataCOMMON                         297      297        1         0

        CLASS   STRCODE        

        CLASS   STRING         

        CLASS   CONST          

        CLASS   ENTRY          

        CLASS   COMMON         
                cstackCOMMON                         70       70        D         1
                dataCOMMON                           7D       7D        1         1

        CLASS   BANK0          
                cstackBANK0                          38       38       14         1
                dataBANK0                            20       20       18         1
                bssBANK0                             4C       4C       13         1

        CLASS   BANK1          

        CLASS   BANK2          

        CLASS   BANK3          

        CLASS   RAM            

        CLASS   ABS1           
                abs_s1                               7E       7E        2         1

        CLASS   SFR0           

        CLASS   SFR1           

        CLASS   SFR2           

        CLASS   SFR3           

        CLASS   CONFIG         
                config                             2007     2007        1         0

        CLASS   IDLOC          

        CLASS   EEDATA         



SEGMENTS        Name                           Load    Length   Top    Selector   Space  Class     Delta

                reset_vec                      000000  000003  000003         0       0  CODE        2
                intentry                       000004  000294  000298         8       0  CODE        2
                dataBANK0                      000020  00003F  00005F        20       1  BANK0       1
                cstackCOMMON                   000070  00000E  00007E        70       1  COMMON      1
                config                         002007  000001  002008      400E       0  CONFIG      2


UNUSED ADDRESS RANGES

        Name                Unused          Largest block    Delta
        BANK0            005F-006F             11           1
        BANK1            00A0-00EF             50           1
        BANK2            0110-016F             60           1
        BANK3            0190-01EF             60           1
        CODE             0003-0003              1           2
                         0298-1FFF            800
        CONST            0003-0003              1           2
                         0298-1FFF            100
        EEDATA           2100-21FF            100           2
        ENTRY            0003-0003              1           2
                         0298-1FFF            100
        IDLOC            2000-2003              4           2
        RAM              005F-006F             11           1
                         00A0-00EF             50
                         0110-016F             60
                         0190-01EF             60
        SFR0             0000-001F             20           1
        SFR1             0080-009F             20           1
        SFR2             0100-010F             10           1
        SFR3             0180-018F             10           1
        STACK            0110-016F             60           1
        STRCODE          0003-0003              1           2
                         0298-1FFF           1D68
        STRING           0003-0003              1           2
                         0298-1FFF            100

                                  Symbol Table

_INTCONbits                (abs)        000B
_OPTION_REGbits            (abs)        0081
_PORTBbits                 (abs)        0006
_PORTDbits                 (abs)        0008
_TMR0                      (abs)        0001
_TRISBbits                 (abs)        0086
_TRISDbits                 (abs)        0088
_Timer0_ISR                text10       01B5
__CFG_BOREN$ON             (abs)        0000
__CFG_CP$OFF               (abs)        0000
__CFG_CPD$OFF              (abs)        0000
__CFG_FOSC$XT              (abs)        0000
__CFG_LVP$OFF              (abs)        0000
__CFG_PWRTE$OFF            (abs)        0000
__CFG_WDTE$OFF             (abs)        0000
__CFG_WRT$OFF              (abs)        0000
__Habs1                    abs1         0000
__Hbank0                   bank0        0000
__Hbank1                   bank1        0000
__Hbank2                   bank2        0000
__Hbank3                   bank3        0000
__HbssBANK0                bssBANK0     0000
__Hcinit                   cinit        0035
__Hclrtext                 clrtext      0000
__Hcode                    code         0000
__Hcommon                  common       0000
__Hconfig                  config       2008
__HcstackBANK0             cstackBANK0  0000
__HcstackCOMMON            cstackCOMMON 0000
__HdataBANK0               dataBANK0    0000
__HdataCOMMON              dataCOMMON   0000
__Heeprom_data             eeprom_data  0000
__Hend_init                end_init     0015
__Hfunctab                 functab      0000
__HidataBANK0              idataBANK0   0000
__HidataCOMMON             idataCOMMON  0000
__Hidloc                   idloc        0000
__Hinit                    init         0012
__Hinittext                inittext     0000
__Hintentry                intentry     0012
__Hmaintext                maintext     0000
__Hpowerup                 powerup      0000
__Hram                     ram          0000
__Hreset_vec               reset_vec    0003
__Hsfr0                    sfr0         0000
__Hsfr1                    sfr1         0000
__Hsfr2                    sfr2         0000
__Hsfr3                    sfr3         0000
__Hspace_0                 (abs)        2008
__Hspace_1                 (abs)        007E
__Hspace_2                 (abs)        0000
__Hspace_3                 (abs)        0000
__Hstack                   stack        0000
__Hstrings                 strings      0000
__Htext                    text         0000
__Labs1                    abs1         0000
__Lbank0                   bank0        0000
__Lbank1                   bank1        0000
__Lbank2                   bank2        0000
__Lbank3                   bank3        0000
__LbssBANK0                bssBANK0     0000
__Lcinit                   cinit        0015
__Lclrtext                 clrtext      0000
__Lcode                    code         0000
__Lcommon                  common       0000
__Lconfig                  config       2007
__LcstackBANK0             cstackBANK0  0000
__LcstackCOMMON            cstackCOMMON 0000
__LdataBANK0               dataBANK0    0000
__LdataCOMMON              dataCOMMON   0000
__Leeprom_data             eeprom_data  0000
__Lend_init                end_init     0012
__Lfunctab                 functab      0000
__LidataBANK0              idataBANK0   0000
__LidataCOMMON             idataCOMMON  0000
__Lidloc                   idloc        0000
__Linit                    init         0012
__Linittext                inittext     0000
__Lintentry                intentry     0004
__Lmaintext                maintext     0000
__Lpowerup                 powerup      0000
__Lram                     ram          0000
__Lreset_vec               reset_vec    0000
__Lsfr0                    sfr0         0000
__Lsfr1                    sfr1         0000
__Lsfr2                    sfr2         0000
__Lsfr3                    sfr3         0000
__Lspace_0                 (abs)        0000
__Lspace_1                 (abs)        0000
__Lspace_2                 (abs)        0000
__Lspace_3                 (abs)        0000
__Lstack                   stack        0000
__Lstrings                 strings      0000
__Ltext                    text         0000
__S0                       (abs)        2008
__S1                       (abs)        007E
__S2                       (abs)        0000
__S3                       (abs)        0000
___int_sp                  stack        0000
___latbits                 (abs)        0002
___sp                      stack        0000
___stackhi                 (abs)        0000
___stacklo                 (abs)        0000
__end_of_Timer0_ISR        text10       01EB
__end_of__initialization   cinit        0031
__end_of_init_pines        text7        0267
__end_of_init_pines_col    text9        0241
__end_of_init_pines_fil    text8        025C
__end_of_init_timer        text6        024F
__end_of_latchClock_Col    text5        0292
__end_of_latchClock_Fil    text17       028D
__end_of_main              maintext     00A6
__end_of_setColumnas       text3        0131
__end_of_setFilas          text1        00EE
__end_of_shiftBitColumna   text14       0207
__end_of_shiftClock_Col    text4        027B
__end_of_shiftClock_Fil    text2        0275
__end_of_updateScreen      text11       0173
__end_ofi1_latchClock_Col  text16       0297
__end_ofi1_setFilas        text12       01B5
__end_ofi1_shiftClock_Col  text15       0287
__end_ofi1_shiftClock_Fil  text13       0281
__initialization           cinit        0015
__pbssBANK0                bssBANK0     004C
__pcstackBANK0             cstackBANK0  0038
__pcstackCOMMON            cstackCOMMON 0070
__pdataBANK0               dataBANK0    0020
__pdataCOMMON              dataCOMMON   007D
__pidataBANK0              idataBANK0   0207
__pidataCOMMON             idataCOMMON  0297
__pintentry                intentry     0004
__pmaintext                maintext     0035
__ptext1                   text1        00A6
__ptext10                  text10       01B5
__ptext11                  text11       0131
__ptext12                  text12       0173
__ptext13                  text13       027B
__ptext14                  text14       01EB
__ptext15                  text15       0281
__ptext16                  text16       0292
__ptext17                  text17       0287
__ptext2                   text2        026F
__ptext3                   text3        00EE
__ptext4                   text4        0275
__ptext5                   text5        028D
__ptext6                   text6        0241
__ptext7                   text7        025C
__ptext8                   text8        024F
__ptext9                   text9        0232
__size_of_Timer0_ISR       (abs)        0000
__size_of_init_pines       (abs)        0000
__size_of_init_pines_col   (abs)        0000
__size_of_init_pines_fil   (abs)        0000
__size_of_init_timer       (abs)        0000
__size_of_latchClock_Col   (abs)        0000
__size_of_latchClock_Fil   (abs)        0000
__size_of_main             (abs)        0000
__size_of_setColumnas      (abs)        0000
__size_of_setFilas         (abs)        0000
__size_of_shiftBitColumna  (abs)        0000
__size_of_shiftClock_Col   (abs)        0000
__size_of_shiftClock_Fil   (abs)        0000
__size_of_updateScreen     (abs)        0000
__size_ofi1_latchClock_Col (abs)        0000
__size_ofi1_setFilas       (abs)        0000
__size_ofi1_shiftClock_Col (abs)        0000
__size_ofi1_shiftClock_Fil (abs)        0000
_columna                   dataCOMMON   007D
_counter                   bssBANK0     005C
_figura                    dataBANK0    0030
_init_pines                text7        025C
_init_pines_col            text9        0232
_init_pines_fil            text8        024F
_init_timer                text6        0241
_latchClock_Col            text5        028D
_latchClock_Fil            text17       0287
_led                       bssBANK0     005E
_main                      maintext     0035
_pantalla                  bssBANK0     004C
_setColumnas               text3        00EE
_setFilas                  text1        00A6
_shiftBitColumna           text14       01EB
_shiftClock_Col            text4        0275
_shiftClock_Fil            text2        026F
_updateScreen              text11       0131
btemp                      (abs)        007E
clear_ram0                 clrtext      0267
end_of_initialization      cinit        0031
i1_latchClock_Col          text16       0292
i1_setFilas                text12       0173
i1_shiftClock_Col          text15       0281
i1_shiftClock_Fil          text13       027B
i1setFilas@i               cstackCOMMON 0078
i1setFilas@reg_value       cstackCOMMON 0070
init_fetch0                inittext     021F
init_ram0                  inittext     0223
interrupt_function         intentry     0004
intlevel0                  functab      0000
intlevel1                  functab      0000
intlevel2                  functab      0000
intlevel3                  functab      0000
intlevel4                  functab      0000
intlevel5                  functab      0000
reset_vec                  reset_vec    0000
saved_w                    (abs)        007E
setColumnas@i              cstackBANK0  0042
setColumnas@reg_value      cstackBANK0  0041
setColumnas@valor          cstackBANK0  0040
setFilas@i                 cstackBANK0  0044
setFilas@reg_value         cstackBANK0  003C
shiftBitColumna@bit        cstackCOMMON 0071
start                      init         0012
start_initialization       cinit        0015
wtemp0                     (abs)        007E


FUNCTION INFORMATION:

 *************** function _main *****************
 Defined at:
		line 61 in file "mainsource.c"
 Parameters:    Size  Location     Type
  argc            2   14[BANK0 ] int 
  argv            2   16[BANK0 ] PTR PTR unsigned char 
 Auto vars:     Size  Location     Type
  i               2    0        int 
 Return value:  Size  Location     Type
                  2   14[BANK0 ] int 
 Registers used:
		wreg, fsr0l, fsr0h, status,2, status,0, btemp+1, pclath, cstack
 Tracked objects:
		On entry : 
		On exit  : 
		Unchanged: 
 Data sizes:     COMMON   BANK0   BANK1   BANK3   BANK2
      Params:         0       4       0       0       0
      Locals:         0       2       0       0       0
      Temps:          0       2       0       0       0
      Totals:         0       8       0       0       0
Total ram usage:        8 bytes
 Hardware stack levels required when called:    6
 This function calls:
		_init_pines
		_init_timer
		_setColumnas
		_setFilas
 This function is called by:
		Startup code after reset
 This function uses a non-reentrant model


 *************** function _setFilas *****************
 Defined at:
		line 27 in file "filas.c"
 Parameters:    Size  Location     Type
  reg_value       2    4[BANK0 ] unsigned int 
 Auto vars:     Size  Location     Type
  i               2   12[BANK0 ] int 
 Return value:  Size  Location     Type
                  1    wreg      void 
 Registers used:
		wreg, status,2, status,0, btemp+1, pclath, cstack
 Tracked objects:
		On entry : 
		On exit  : 
		Unchanged: 
 Data sizes:     COMMON   BANK0   BANK1   BANK3   BANK2
      Params:         0       2       0       0       0
      Locals:         0       2       0       0       0
      Temps:          0       6       0       0       0
      Totals:         0      10       0       0       0
Total ram usage:       10 bytes
 Hardware stack levels used:    1
 Hardware stack levels required when called:    5
 This function calls:
		_shiftClock_Fil
 This function is called by:
		_main
 This function uses a non-reentrant model


 *************** function _shiftClock_Fil *****************
 Defined at:
		line 21 in file "filas.c"
 Parameters:    Size  Location     Type
		None
 Auto vars:     Size  Location     Type
		None
 Return value:  Size  Location     Type
                  1    wreg      void 
 Registers used:
		None
 Tracked objects:
		On entry : 
		On exit  : 
		Unchanged: 
 Data sizes:     COMMON   BANK0   BANK1   BANK3   BANK2
      Params:         0       0       0       0       0
      Locals:         0       0       0       0       0
      Temps:          0       0       0       0       0
      Totals:         0       0       0       0       0
Total ram usage:        0 bytes
 Hardware stack levels used:    1
 Hardware stack levels required when called:    4
 This function calls:
		Nothing
 This function is called by:
		_setFilas
 This function uses a non-reentrant model


 *************** function _setColumnas *****************
 Defined at:
		line 22 in file "columnas.c"
 Parameters:    Size  Location     Type
  reg_value       1    wreg     unsigned char 
 Auto vars:     Size  Location     Type
  reg_value       1    9[BANK0 ] unsigned char 
  i               2   10[BANK0 ] int 
  valor           1    8[BANK0 ] unsigned char 
  indice          1    0        unsigned char 
 Return value:  Size  Location     Type
                  1    wreg      void 
 Registers used:
		wreg, status,2, status,0, btemp+1, pclath, cstack
 Tracked objects:
		On entry : 
		On exit  : 
		Unchanged: 
 Data sizes:     COMMON   BANK0   BANK1   BANK3   BANK2
      Params:         0       0       0       0       0
      Locals:         0       5       0       0       0
      Temps:          0       3       0       0       0
      Totals:         0       8       0       0       0
Total ram usage:        8 bytes
 Hardware stack levels used:    1
 Hardware stack levels required when called:    5
 This function calls:
		_latchClock_Col
		_shiftClock_Col
 This function is called by:
		_main
 This function uses a non-reentrant model


 *************** function _shiftClock_Col *****************
 Defined at:
		line 13 in file "columnas.c"
 Parameters:    Size  Location     Type
		None
 Auto vars:     Size  Location     Type
		None
 Return value:  Size  Location     Type
                  1    wreg      void 
 Registers used:
		None
 Tracked objects:
		On entry : 
		On exit  : 
		Unchanged: 
 Data sizes:     COMMON   BANK0   BANK1   BANK3   BANK2
      Params:         0       0       0       0       0
      Locals:         0       0       0       0       0
      Temps:          0       0       0       0       0
      Totals:         0       0       0       0       0
Total ram usage:        0 bytes
 Hardware stack levels used:    1
 Hardware stack levels required when called:    4
 This function calls:
		Nothing
 This function is called by:
		_setColumnas
 This function uses a non-reentrant model


 *************** function _latchClock_Col *****************
 Defined at:
		line 7 in file "columnas.c"
 Parameters:    Size  Location     Type
		None
 Auto vars:     Size  Location     Type
		None
 Return value:  Size  Location     Type
                  1    wreg      void 
 Registers used:
		None
 Tracked objects:
		On entry : 
		On exit  : 
		Unchanged: 
 Data sizes:     COMMON   BANK0   BANK1   BANK3   BANK2
      Params:         0       0       0       0       0
      Locals:         0       0       0       0       0
      Temps:          0       0       0       0       0
      Totals:         0       0       0       0       0
Total ram usage:        0 bytes
 Hardware stack levels used:    1
 Hardware stack levels required when called:    4
 This function calls:
		Nothing
 This function is called by:
		_setColumnas
 This function uses a non-reentrant model


 *************** function _init_timer *****************
 Defined at:
		line 37 in file "init.c"
 Parameters:    Size  Location     Type
		None
 Auto vars:     Size  Location     Type
		None
 Return value:  Size  Location     Type
                  1    wreg      void 
 Registers used:
		status,2
 Tracked objects:
		On entry : 
		On exit  : 
		Unchanged: 
 Data sizes:     COMMON   BANK0   BANK1   BANK3   BANK2
      Params:         0       0       0       0       0
      Locals:         0       0       0       0       0
      Temps:          0       0       0       0       0
      Totals:         0       0       0       0       0
Total ram usage:        0 bytes
 Hardware stack levels used:    1
 Hardware stack levels required when called:    4
 This function calls:
		Nothing
 This function is called by:
		_main
 This function uses a non-reentrant model


 *************** function _init_pines *****************
 Defined at:
		line 30 in file "init.c"
 Parameters:    Size  Location     Type
		None
 Auto vars:     Size  Location     Type
		None
 Return value:  Size  Location     Type
                  1    wreg      void 
 Registers used:
		status,2, status,0, pclath, cstack
 Tracked objects:
		On entry : 
		On exit  : 
		Unchanged: 
 Data sizes:     COMMON   BANK0   BANK1   BANK3   BANK2
      Params:         0       0       0       0       0
      Locals:         0       0       0       0       0
      Temps:          0       0       0       0       0
      Totals:         0       0       0       0       0
Total ram usage:        0 bytes
 Hardware stack levels used:    1
 Hardware stack levels required when called:    5
 This function calls:
		_init_pines_col
		_init_pines_fil
 This function is called by:
		_main
 This function uses a non-reentrant model


 *************** function _init_pines_fil *****************
 Defined at:
		line 4 in file "init.c"
 Parameters:    Size  Location     Type
		None
 Auto vars:     Size  Location     Type
		None
 Return value:  Size  Location     Type
                  1    wreg      void 
 Registers used:
		None
 Tracked objects:
		On entry : 
		On exit  : 
		Unchanged: 
 Data sizes:     COMMON   BANK0   BANK1   BANK3   BANK2
      Params:         0       0       0       0       0
      Locals:         0       0       0       0       0
      Temps:          0       0       0       0       0
      Totals:         0       0       0       0       0
Total ram usage:        0 bytes
 Hardware stack levels used:    1
 Hardware stack levels required when called:    4
 This function calls:
		Nothing
 This function is called by:
		_init_pines
 This function uses a non-reentrant model


 *************** function _init_pines_col *****************
 Defined at:
		line 17 in file "init.c"
 Parameters:    Size  Location     Type
		None
 Auto vars:     Size  Location     Type
		None
 Return value:  Size  Location     Type
                  1    wreg      void 
 Registers used:
		None
 Tracked objects:
		On entry : 
		On exit  : 
		Unchanged: 
 Data sizes:     COMMON   BANK0   BANK1   BANK3   BANK2
      Params:         0       0       0       0       0
      Locals:         0       0       0       0       0
      Temps:          0       0       0       0       0
      Totals:         0       0       0       0       0
Total ram usage:        0 bytes
 Hardware stack levels used:    1
 Hardware stack levels required when called:    4
 This function calls:
		Nothing
 This function is called by:
		_init_pines
 This function uses a non-reentrant model


 *************** function _Timer0_ISR *****************
 Defined at:
		line 47 in file "mainsource.c"
 Parameters:    Size  Location     Type
		None
 Auto vars:     Size  Location     Type
		None
 Return value:  Size  Location     Type
                  1    wreg      void 
 Registers used:
		wreg, fsr0l, fsr0h, status,2, status,0, btemp+1, pclath, cstack
 Tracked objects:
		On entry : 
		On exit  : 
		Unchanged: 
 Data sizes:     COMMON   BANK0   BANK1   BANK3   BANK2
      Params:         0       0       0       0       0
      Locals:         0       0       0       0       0
      Temps:          0       4       0       0       0
      Totals:         0       4       0       0       0
Total ram usage:        4 bytes
 Hardware stack levels used:    1
 Hardware stack levels required when called:    3
 This function calls:
		_updateScreen
 This function is called by:
		Interrupt level 1
 This function uses a non-reentrant model


 *************** function _updateScreen *****************
 Defined at:
		line 84 in file "mainsource.c"
 Parameters:    Size  Location     Type
		None
 Auto vars:     Size  Location     Type
		None
 Return value:  Size  Location     Type
                  1    wreg      void 
 Registers used:
		wreg, fsr0l, fsr0h, status,2, status,0, btemp+1, pclath, cstack
 Tracked objects:
		On entry : 
		On exit  : 
		Unchanged: 
 Data sizes:     COMMON   BANK0   BANK1   BANK3   BANK2
      Params:         0       0       0       0       0
      Locals:         0       0       0       0       0
      Temps:          3       0       0       0       0
      Totals:         3       0       0       0       0
Total ram usage:        3 bytes
 Hardware stack levels used:    1
 Hardware stack levels required when called:    2
 This function calls:
		_shiftBitColumna
		i1_setFilas
 This function is called by:
		_Timer0_ISR
 This function uses a non-reentrant model


 *************** function i1_setFilas *****************
 Defined at:
		line 27 in file "filas.c"
 Parameters:    Size  Location     Type
  reg_value       2    0[COMMON] unsigned int 
 Auto vars:     Size  Location     Type
  setFilas        2    8[COMMON] int 
 Return value:  Size  Location     Type
                  1    wreg      void 
 Registers used:
		wreg, status,2, status,0, btemp+1, pclath, cstack
 Tracked objects:
		On entry : 
		On exit  : 
		Unchanged: 
 Data sizes:     COMMON   BANK0   BANK1   BANK3   BANK2
      Params:         2       0       0       0       0
      Locals:         2       0       0       0       0
      Temps:          6       0       0       0       0
      Totals:        10       0       0       0       0
Total ram usage:       10 bytes
 Hardware stack levels used:    1
 Hardware stack levels required when called:    1
 This function calls:
		i1_shiftClock_Fil
 This function is called by:
		_updateScreen
 This function uses a non-reentrant model


 *************** function i1_shiftClock_Fil *****************
 Defined at:
		line 21 in file "filas.c"
 Parameters:    Size  Location     Type
		None
 Auto vars:     Size  Location     Type
		None
 Return value:  Size  Location     Type
                  1    wreg      void 
 Registers used:
		None
 Tracked objects:
		On entry : 
		On exit  : 
		Unchanged: 
 Data sizes:     COMMON   BANK0   BANK1   BANK3   BANK2
      Params:         0       0       0       0       0
      Locals:         0       0       0       0       0
      Temps:          0       0       0       0       0
      Totals:         0       0       0       0       0
Total ram usage:        0 bytes
 Hardware stack levels used:    1
 This function calls:
		Nothing
 This function is called by:
		i1_setFilas
 This function uses a non-reentrant model


 *************** function _shiftBitColumna *****************
 Defined at:
		line 38 in file "columnas.c"
 Parameters:    Size  Location     Type
  bit             1    wreg     unsigned char 
 Auto vars:     Size  Location     Type
  bit             1    1[COMMON] unsigned char 
 Return value:  Size  Location     Type
                  1    wreg      void 
 Registers used:
		wreg, status,2, status,0, pclath, cstack
 Tracked objects:
		On entry : 
		On exit  : 
		Unchanged: 
 Data sizes:     COMMON   BANK0   BANK1   BANK3   BANK2
      Params:         0       0       0       0       0
      Locals:         1       0       0       0       0
      Temps:          1       0       0       0       0
      Totals:         2       0       0       0       0
Total ram usage:        2 bytes
 Hardware stack levels used:    1
 Hardware stack levels required when called:    1
 This function calls:
		_latchClock_Fil
		i1_latchClock_Col
		i1_shiftClock_Col
 This function is called by:
		_updateScreen
 This function uses a non-reentrant model


 *************** function i1_shiftClock_Col *****************
 Defined at:
		line 13 in file "columnas.c"
 Parameters:    Size  Location     Type
		None
 Auto vars:     Size  Location     Type
		None
 Return value:  Size  Location     Type
                  1    wreg      void 
 Registers used:
		None
 Tracked objects:
		On entry : 
		On exit  : 
		Unchanged: 
 Data sizes:     COMMON   BANK0   BANK1   BANK3   BANK2
      Params:         0       0       0       0       0
      Locals:         0       0       0       0       0
      Temps:          0       0       0       0       0
      Totals:         0       0       0       0       0
Total ram usage:        0 bytes
 Hardware stack levels used:    1
 This function calls:
		Nothing
 This function is called by:
		_shiftBitColumna
 This function uses a non-reentrant model


 *************** function i1_latchClock_Col *****************
 Defined at:
		line 7 in file "columnas.c"
 Parameters:    Size  Location     Type
		None
 Auto vars:     Size  Location     Type
		None
 Return value:  Size  Location     Type
                  1    wreg      void 
 Registers used:
		None
 Tracked objects:
		On entry : 
		On exit  : 
		Unchanged: 
 Data sizes:     COMMON   BANK0   BANK1   BANK3   BANK2
      Params:         0       0       0       0       0
      Locals:         0       0       0       0       0
      Temps:          0       0       0       0       0
      Totals:         0       0       0       0       0
Total ram usage:        0 bytes
 Hardware stack levels used:    1
 This function calls:
		Nothing
 This function is called by:
		_shiftBitColumna
 This function uses a non-reentrant model


 *************** function _latchClock_Fil *****************
 Defined at:
		line 15 in file "filas.c"
 Parameters:    Size  Location     Type
		None
 Auto vars:     Size  Location     Type
		None
 Return value:  Size  Location     Type
                  1    wreg      void 
 Registers used:
		None
 Tracked objects:
		On entry : 
		On exit  : 
		Unchanged: 
 Data sizes:     COMMON   BANK0   BANK1   BANK3   BANK2
      Params:         0       0       0       0       0
      Locals:         0       0       0       0       0
      Temps:          0       0       0       0       0
      Totals:         0       0       0       0       0
Total ram usage:        0 bytes
 Hardware stack levels used:    1
 This function calls:
		Nothing
 This function is called by:
		_shiftBitColumna
 This function uses a non-reentrant model



MODULE INFORMATION

Module		Function		Class		Link	Load	Size
columnas.c
		_shiftBitColumna		CODE           	01EB	0000	29
		_latchClock_Col		CODE           	028D	0000	6
		_shiftClock_Col		CODE           	0275	0000	7
		_setColumnas   		CODE           	00EE	0000	68

columnas.c estimated size: 110

shared
		i1_latchClock_Col		CODE           	0292	0000	6
		__initialization		CODE           	0015	0000	29
		i1_setFilas    		CODE           	0173	0000	67
		i1_shiftClock_Fil		CODE           	027B	0000	7
		i1_shiftClock_Col		CODE           	0281	0000	7

shared estimated size: 116

filas.c
		_latchClock_Fil		CODE           	0287	0000	7
		_shiftClock_Fil		CODE           	026F	0000	7
		_setFilas      		CODE           	00A6	0000	73

filas.c estimated size: 87

init.c
		_init_pines    		CODE           	025C	0000	12
		_init_pines_fil		CODE           	024F	0000	14
		_init_pines_col		CODE           	0232	0000	16
		_init_timer    		CODE           	0241	0000	15

init.c estimated size: 57

mainsource.c
		_Timer0_ISR    		CODE           	01B5	0000	55
		_updateScreen  		CODE           	0131	0000	67
		_main          		CODE           	0035	0000	114

mainsource.c estimated size: 236

