Microchip MPLAB XC8 Compiler V2.10 ()

Linker command line:

-W-3 --edf=C:\Program Files (x86)\Microchip\xc8\v2.10\pic\dat\en_msgs.txt \
  -cs -h+dist/Simulation/production\Tetris.X.production.sym \
  --cmf=dist/Simulation/production\Tetris.X.production.cmf -z -Q16F877A \
  -oC:\Users\ASUS\AppData\Local\Temp\s9f0.2 --defsym=__MPLAB_BUILD=1 \
  -Mdist/Simulation/production/Tetris.X.production.map -E1 -ver=XC8 \
  --acfsm=1493 -ASTACK=0110h-016Fh -pstack=STACK -ACODE=00h-07FFhx4 \
  -ASTRCODE=00h-01FFFh -ASTRING=00h-0FFhx32 -ACONST=00h-0FFhx32 \
  -AENTRY=00h-0FFhx32 -ACOMMON=070h-07Fh -ABANK0=020h-06Fh \
  -ABANK1=0A0h-0EFh -ABANK2=0110h-016Fh -ABANK3=0190h-01EFh \
  -ARAM=020h-06Fh,0A0h-0EFh,0110h-016Fh,0190h-01EFh \
  -AABS1=020h-07Fh,0A0h-0EFh,0110h-016Fh,0190h-01EFh -ASFR0=00h-01Fh \
  -ASFR1=080h-09Fh -ASFR2=0100h-010Fh -ASFR3=0180h-018Fh \
  -preset_vec=00h,intentry=04h,init,end_init -ppowerup=CODE -pcinit=CODE \
  -pfunctab=ENTRY -ACONFIG=02007h-02007h -pconfig=CONFIG -DCONFIG=2 \
  -AIDLOC=02000h-02003h -pidloc=IDLOC -DIDLOC=2 -AEEDATA=00h-0FFh/02100h \
  -peeprom_data=EEDATA -DEEDATA=2 -DCODE=2 -DSTRCODE=2 -DSTRING=2 -DCONST=2 \
  -DENTRY=2 -k C:\Users\ASUS\AppData\Local\Temp\s9f0.o \
  dist/Simulation/production\Tetris.X.production.o 

Object code version is 3.11

Machine type is 16F877A



                Name                               Link     Load   Length Selector   Space Scale
C:\Users\ASUS\AppData\Local\Temp\s9f0.o
                end_init                             10       10        3        8       0
                reset_vec                             0        0        3        0       0
                config                             2007     2007        1     400E       0
dist/Simulation/production\Tetris.X.production.o
                cinit                                13       13       27        8       0
                intentry                              4        4        C        8       0
                text14                              248      248       2E        8       0
                text13                              2BD      2BD        F        8       0
                text12                              2DA      2DA        D        8       0
                text11                              2E7      2E7        B        8       0
                text10                              2CC      2CC        E        8       0
                text9                               30C      30C        5        8       0
                text8                               306      306        6        8       0
                text7                               205      205       43        8       0
                text6                               311      311        4        8       0
                text5                               300      300        6        8       0
                text4                               1B8      1B8       4D        8       0
                text3                               2FA      2FA        6        8       0
                text2                               276      276       1C        8       0
                text1                                3A       3A      109        8       0
                maintext                            143      143       75        8       0
                cstackBANK0                          4A       4A       10       20       1
                cstackCOMMON                         70       70        8       70       1
                clrtext                             2F2      2F2        8        8       0
                inittext                            2AA      2AA       13        8       0
                dataBANK0                            20       20       18       20       1
                bssBANK0                             38       38       12       20       1
                dataCOMMON                           78       78        2       70       1
                bssCOMMON                            7A       7A        1       70       1
                idataBANK0                          292      292       18        8       0
                idataCOMMON                         315      315        2        8       0

TOTAL           Name                               Link     Load   Length     Space
        CLASS   STACK          

        CLASS   CODE           
                end_init                             10       10        3         0
                cinit                                13       13       27         0
                intentry                              4        4        C         0
                reset_vec                             0        0        3         0
                text14                              248      248       2E         0
                text13                              2BD      2BD        F         0
                text12                              2DA      2DA        D         0
                text11                              2E7      2E7        B         0
                text10                              2CC      2CC        E         0
                text9                               30C      30C        5         0
                text8                               306      306        6         0
                text7                               205      205       43         0
                text6                               311      311        4         0
                text5                               300      300        6         0
                text4                               1B8      1B8       4D         0
                text3                               2FA      2FA        6         0
                text2                               276      276       1C         0
                text1                                3A       3A      109         0
                maintext                            143      143       75         0
                clrtext                             2F2      2F2        8         0
                inittext                            2AA      2AA       13         0
                idataBANK0                          292      292       18         0
                idataCOMMON                         315      315        2         0

        CLASS   STRCODE        

        CLASS   STRING         

        CLASS   CONST          

        CLASS   ENTRY          

        CLASS   COMMON         
                cstackCOMMON                         70       70        8         1
                dataCOMMON                           78       78        2         1
                bssCOMMON                            7A       7A        1         1

        CLASS   BANK0          
                cstackBANK0                          4A       4A       10         1
                dataBANK0                            20       20       18         1
                bssBANK0                             38       38       12         1

        CLASS   BANK1          

        CLASS   BANK2          

        CLASS   BANK3          

        CLASS   RAM            

        CLASS   ABS1           
                abs_s1                               7E       7E        2         1

        CLASS   SFR0           

        CLASS   SFR1           

        CLASS   SFR2           

        CLASS   SFR3           

        CLASS   CONFIG         
                config                             2007     2007        1         0

        CLASS   IDLOC          

        CLASS   EEDATA         



SEGMENTS        Name                           Load    Length   Top    Selector   Space  Class     Delta

                reset_vec                      000000  000003  000003         0       0  CODE        2
                intentry                       000004  000313  000317         8       0  CODE        2
                dataBANK0                      000020  00003A  00005A        20       1  BANK0       1
                cstackCOMMON                   000070  00000B  00007B        70       1  COMMON      1
                config                         002007  000001  002008      400E       0  CONFIG      2


UNUSED ADDRESS RANGES

        Name                Unused          Largest block    Delta
        BANK0            005A-006F             16           1
        BANK1            00A0-00EF             50           1
        BANK2            0110-016F             60           1
        BANK3            0190-01EF             60           1
        CODE             0003-0003              1           2
                         0317-1FFF            800
        COMMON           007B-007D              3           1
        CONST            0003-0003              1           2
                         0317-1FFF            100
        EEDATA           2100-21FF            100           2
        ENTRY            0003-0003              1           2
                         0317-1FFF            100
        IDLOC            2000-2003              4           2
        RAM              005A-006F             16           1
                         00A0-00EF             50
                         0110-016F             60
                         0190-01EF             60
        SFR0             0000-001F             20           1
        SFR1             0080-009F             20           1
        SFR2             0100-010F             10           1
        SFR3             0180-018F             10           1
        STACK            0110-016F             60           1
        STRCODE          0003-0003              1           2
                         0317-1FFF           1CE9
        STRING           0003-0003              1           2
                         0317-1FFF            100

                                  Symbol Table

_INTCONbits               (abs)        000B
_OPTION_REGbits           (abs)        0081
_PORTBbits                (abs)        0006
_PORTDbits                (abs)        0008
_TMR0                     (abs)        0001
_TRISBbits                (abs)        0086
_TRISDbits                (abs)        0088
_Timer0_ISR               text14       0248
__CFG_BOREN$ON            (abs)        0000
__CFG_CP$OFF              (abs)        0000
__CFG_CPD$OFF             (abs)        0000
__CFG_FOSC$XT             (abs)        0000
__CFG_LVP$OFF             (abs)        0000
__CFG_PWRTE$OFF           (abs)        0000
__CFG_WDTE$OFF            (abs)        0000
__CFG_WRT$OFF             (abs)        0000
__Habs1                   abs1         0000
__Hbank0                  bank0        0000
__Hbank1                  bank1        0000
__Hbank2                  bank2        0000
__Hbank3                  bank3        0000
__HbssBANK0               bssBANK0     0000
__HbssCOMMON              bssCOMMON    0000
__Hcinit                  cinit        003A
__Hclrtext                clrtext      0000
__Hcode                   code         0000
__Hcommon                 common       0000
__Hconfig                 config       2008
__HcstackBANK0            cstackBANK0  0000
__HcstackCOMMON           cstackCOMMON 0000
__HdataBANK0              dataBANK0    0000
__HdataCOMMON             dataCOMMON   0000
__Heeprom_data            eeprom_data  0000
__Hend_init               end_init     0013
__Hfunctab                functab      0000
__HidataBANK0             idataBANK0   0000
__HidataCOMMON            idataCOMMON  0000
__Hidloc                  idloc        0000
__Hinit                   init         0010
__Hinittext               inittext     0000
__Hintentry               intentry     0010
__Hmaintext               maintext     0000
__Hpowerup                powerup      0000
__Hram                    ram          0000
__Hreset_vec              reset_vec    0003
__Hsfr0                   sfr0         0000
__Hsfr1                   sfr1         0000
__Hsfr2                   sfr2         0000
__Hsfr3                   sfr3         0000
__Hspace_0                (abs)        2008
__Hspace_1                (abs)        007B
__Hspace_2                (abs)        0000
__Hspace_3                (abs)        0000
__Hstack                  stack        0000
__Hstrings                strings      0000
__Htext                   text         0000
__Labs1                   abs1         0000
__Lbank0                  bank0        0000
__Lbank1                  bank1        0000
__Lbank2                  bank2        0000
__Lbank3                  bank3        0000
__LbssBANK0               bssBANK0     0000
__LbssCOMMON              bssCOMMON    0000
__Lcinit                  cinit        0013
__Lclrtext                clrtext      0000
__Lcode                   code         0000
__Lcommon                 common       0000
__Lconfig                 config       2007
__LcstackBANK0            cstackBANK0  0000
__LcstackCOMMON           cstackCOMMON 0000
__LdataBANK0              dataBANK0    0000
__LdataCOMMON             dataCOMMON   0000
__Leeprom_data            eeprom_data  0000
__Lend_init               end_init     0010
__Lfunctab                functab      0000
__LidataBANK0             idataBANK0   0000
__LidataCOMMON            idataCOMMON  0000
__Lidloc                  idloc        0000
__Linit                   init         0010
__Linittext               inittext     0000
__Lintentry               intentry     0004
__Lmaintext               maintext     0000
__Lpowerup                powerup      0000
__Lram                    ram          0000
__Lreset_vec              reset_vec    0000
__Lsfr0                   sfr0         0000
__Lsfr1                   sfr1         0000
__Lsfr2                   sfr2         0000
__Lsfr3                   sfr3         0000
__Lspace_0                (abs)        0000
__Lspace_1                (abs)        0000
__Lspace_2                (abs)        0000
__Lspace_3                (abs)        0000
__Lstack                  stack        0000
__Lstrings                strings      0000
__Ltext                   text         0000
__S0                      (abs)        2008
__S1                      (abs)        007B
__S2                      (abs)        0000
__S3                      (abs)        0000
___int_sp                 stack        0000
___latbits                (abs)        0002
___sp                     stack        0000
___stackhi                (abs)        0000
___stacklo                (abs)        0000
__end_of_Timer0_ISR       text14       0276
__end_of__initialization  cinit        0036
__end_of_enableFilas      text6        0315
__end_of_init_pines       text11       02F2
__end_of_init_pines_col   text13       02CC
__end_of_init_pines_fil   text12       02E7
__end_of_init_timer       text10       02DA
__end_of_latchClock_Col   text9        0311
__end_of_latchClock_Fil   text3        0300
__end_of_main             maintext     01B8
__end_of_setColumnas      text7        0248
__end_of_setFilas         text4        0205
__end_of_shiftBitColumna  text2        0292
__end_of_shiftClock_Col   text8        030C
__end_of_shiftClock_Fil   text5        0306
__end_of_updateScreen     text1        0143
__initialization          cinit        0013
__pbssBANK0               bssBANK0     0038
__pbssCOMMON              bssCOMMON    007A
__pcstackBANK0            cstackBANK0  004A
__pcstackCOMMON           cstackCOMMON 0070
__pdataBANK0              dataBANK0    0020
__pdataCOMMON             dataCOMMON   0078
__pidataBANK0             idataBANK0   0292
__pidataCOMMON            idataCOMMON  0315
__pintentry               intentry     0004
__pmaintext               maintext     0143
__ptext1                  text1        003A
__ptext10                 text10       02CC
__ptext11                 text11       02E7
__ptext12                 text12       02DA
__ptext13                 text13       02BD
__ptext14                 text14       0248
__ptext2                  text2        0276
__ptext3                  text3        02FA
__ptext4                  text4        01B8
__ptext5                  text5        0300
__ptext6                  text6        0311
__ptext7                  text7        0205
__ptext8                  text8        0306
__ptext9                  text9        030C
__size_of_Timer0_ISR      (abs)        0000
__size_of_enableFilas     (abs)        0000
__size_of_init_pines      (abs)        0000
__size_of_init_pines_col  (abs)        0000
__size_of_init_pines_fil  (abs)        0000
__size_of_init_timer      (abs)        0000
__size_of_latchClock_Col  (abs)        0000
__size_of_latchClock_Fil  (abs)        0000
__size_of_main            (abs)        0000
__size_of_setColumnas     (abs)        0000
__size_of_setFilas        (abs)        0000
__size_of_shiftBitColumna (abs)        0000
__size_of_shiftClock_Col  (abs)        0000
__size_of_shiftClock_Fil  (abs)        0000
__size_of_updateScreen    (abs)        0000
_columna                  dataCOMMON   0078
_counter                  bssBANK0     0038
_dibujo                   bssBANK0     003A
_enableFilas              text6        0311
_figura                   dataBANK0    0030
_init_pines               text11       02E7
_init_pines_col           text13       02BD
_init_pines_fil           text12       02DA
_init_timer               text10       02CC
_latchClock_Col           text9        030C
_latchClock_Fil           text3        02FA
_led                      bssCOMMON    007A
_main                     maintext     0143
_setColumnas              text7        0205
_setFilas                 text4        01B8
_shiftBitColumna          text2        0276
_shiftClock_Col           text8        0306
_shiftClock_Fil           text5        0300
_updateScreen             text1        003A
btemp                     (abs)        007E
clear_ram0                clrtext      02F2
end_of_initialization     cinit        0036
init_fetch0               inittext     02AA
init_ram0                 inittext     02AE
interrupt_function        intentry     0004
intlevel0                 functab      0000
intlevel1                 functab      0000
intlevel2                 functab      0000
intlevel3                 functab      0000
intlevel4                 functab      0000
intlevel5                 functab      0000
reset_vec                 reset_vec    0000
saved_w                   (abs)        007E
setColumnas@i             cstackBANK0  004D
setColumnas@reg_value     cstackBANK0  004C
setColumnas@valor         cstackBANK0  004B
setFilas@i                cstackBANK0  0052
setFilas@reg_value        cstackCOMMON 0073
shiftBitColumna@bit       cstackCOMMON 0074
start                     init         0010
start_initialization      cinit        0013
updateScreen@dibujo       cstackCOMMON 0077
wtemp0                    (abs)        007E


FUNCTION INFORMATION:

 *************** function _main *****************
 Defined at:
		line 66 in file "mainsource.c"
 Parameters:    Size  Location     Type
  argc            2   10[BANK0 ] int 
  argv            2   12[BANK0 ] PTR PTR unsigned char 
 Auto vars:     Size  Location     Type
  i               2    0        int 
 Return value:  Size  Location     Type
                  2   10[BANK0 ] int 
 Registers used:
		wreg, fsr0l, fsr0h, status,2, status,0, btemp+1, pclath, cstack
 Tracked objects:
		On entry : 
		On exit  : 
		Unchanged: 
 Data sizes:     COMMON   BANK0   BANK1   BANK3   BANK2
      Params:         0       4       0       0       0
      Locals:         0       2       0       0       0
      Temps:          0       2       0       0       0
      Totals:         0       8       0       0       0
Total ram usage:        8 bytes
 Hardware stack levels required when called:    4
 This function calls:
		_init_pines
		_init_timer
		_setColumnas
		_setFilas
		_updateScreen
 This function is called by:
		Startup code after reset
 This function uses a non-reentrant model


 *************** function _updateScreen *****************
 Defined at:
		line 90 in file "mainsource.c"
 Parameters:    Size  Location     Type
  dibujo          1    wreg     PTR unsigned int 
		 -> dibujo(16), 
 Auto vars:     Size  Location     Type
  dibujo          1    7[COMMON] PTR unsigned int 
		 -> dibujo(16), 
 Return value:  Size  Location     Type
                  1    wreg      void 
 Registers used:
		wreg, fsr0l, fsr0h, status,2, status,0, btemp+1, pclath, cstack
 Tracked objects:
		On entry : 
		On exit  : 
		Unchanged: 
 Data sizes:     COMMON   BANK0   BANK1   BANK3   BANK2
      Params:         0       0       0       0       0
      Locals:         1       0       0       0       0
      Temps:          2       0       0       0       0
      Totals:         3       0       0       0       0
Total ram usage:        3 bytes
 Hardware stack levels used:    1
 Hardware stack levels required when called:    3
 This function calls:
		_setFilas
		_shiftBitColumna
 This function is called by:
		_main
 This function uses a non-reentrant model


 *************** function _shiftBitColumna *****************
 Defined at:
		line 38 in file "columnas.c"
 Parameters:    Size  Location     Type
  bit             1    wreg     unsigned char 
 Auto vars:     Size  Location     Type
  bit             1    4[COMMON] unsigned char 
 Return value:  Size  Location     Type
                  1    wreg      void 
 Registers used:
		wreg, status,2, status,0, pclath, cstack
 Tracked objects:
		On entry : 
		On exit  : 
		Unchanged: 
 Data sizes:     COMMON   BANK0   BANK1   BANK3   BANK2
      Params:         0       0       0       0       0
      Locals:         1       0       0       0       0
      Temps:          1       0       0       0       0
      Totals:         2       0       0       0       0
Total ram usage:        2 bytes
 Hardware stack levels used:    1
 Hardware stack levels required when called:    2
 This function calls:
		_latchClock_Col
		_latchClock_Fil
		_shiftClock_Col
 This function is called by:
		_updateScreen
 This function uses a non-reentrant model


 *************** function _latchClock_Fil *****************
 Defined at:
		line 16 in file "filas.c"
 Parameters:    Size  Location     Type
		None
 Auto vars:     Size  Location     Type
		None
 Return value:  Size  Location     Type
                  1    wreg      void 
 Registers used:
		None
 Tracked objects:
		On entry : 
		On exit  : 
		Unchanged: 
 Data sizes:     COMMON   BANK0   BANK1   BANK3   BANK2
      Params:         0       0       0       0       0
      Locals:         0       0       0       0       0
      Temps:          0       0       0       0       0
      Totals:         0       0       0       0       0
Total ram usage:        0 bytes
 Hardware stack levels used:    1
 Hardware stack levels required when called:    1
 This function calls:
		Nothing
 This function is called by:
		_shiftBitColumna
 This function uses a non-reentrant model


 *************** function _setFilas *****************
 Defined at:
		line 32 in file "filas.c"
 Parameters:    Size  Location     Type
  reg_value       2    3[COMMON] unsigned int 
 Auto vars:     Size  Location     Type
  i               2    8[BANK0 ] int 
  valor           2    0        unsigned int 
 Return value:  Size  Location     Type
                  1    wreg      void 
 Registers used:
		wreg, status,2, status,0, btemp+1, pclath, cstack
 Tracked objects:
		On entry : 
		On exit  : 
		Unchanged: 
 Data sizes:     COMMON   BANK0   BANK1   BANK3   BANK2
      Params:         2       0       0       0       0
      Locals:         0       4       0       0       0
      Temps:          0       6       0       0       0
      Totals:         2      10       0       0       0
Total ram usage:       12 bytes
 Hardware stack levels used:    1
 Hardware stack levels required when called:    2
 This function calls:
		_enableFilas
		_shiftClock_Fil
 This function is called by:
		_main
		_updateScreen
 This function uses a non-reentrant model


 *************** function _shiftClock_Fil *****************
 Defined at:
		line 24 in file "filas.c"
 Parameters:    Size  Location     Type
		None
 Auto vars:     Size  Location     Type
		None
 Return value:  Size  Location     Type
                  1    wreg      void 
 Registers used:
		None
 Tracked objects:
		On entry : 
		On exit  : 
		Unchanged: 
 Data sizes:     COMMON   BANK0   BANK1   BANK3   BANK2
      Params:         0       0       0       0       0
      Locals:         0       0       0       0       0
      Temps:          0       0       0       0       0
      Totals:         0       0       0       0       0
Total ram usage:        0 bytes
 Hardware stack levels used:    1
 Hardware stack levels required when called:    1
 This function calls:
		Nothing
 This function is called by:
		_setFilas
 This function uses a non-reentrant model


 *************** function _enableFilas *****************
 Defined at:
		line 8 in file "filas.c"
 Parameters:    Size  Location     Type
		None
 Auto vars:     Size  Location     Type
		None
 Return value:  Size  Location     Type
                  1    wreg      void 
 Registers used:
		None
 Tracked objects:
		On entry : 
		On exit  : 
		Unchanged: 
 Data sizes:     COMMON   BANK0   BANK1   BANK3   BANK2
      Params:         0       0       0       0       0
      Locals:         0       0       0       0       0
      Temps:          0       0       0       0       0
      Totals:         0       0       0       0       0
Total ram usage:        0 bytes
 Hardware stack levels used:    1
 Hardware stack levels required when called:    1
 This function calls:
		Nothing
 This function is called by:
		_setFilas
 This function uses a non-reentrant model


 *************** function _setColumnas *****************
 Defined at:
		line 22 in file "columnas.c"
 Parameters:    Size  Location     Type
  reg_value       1    wreg     unsigned char 
 Auto vars:     Size  Location     Type
  reg_value       1    2[BANK0 ] unsigned char 
  i               2    3[BANK0 ] int 
  valor           1    1[BANK0 ] unsigned char 
  indice          1    0        unsigned char 
 Return value:  Size  Location     Type
                  1    wreg      void 
 Registers used:
		wreg, status,2, status,0, btemp+1, pclath, cstack
 Tracked objects:
		On entry : 
		On exit  : 
		Unchanged: 
 Data sizes:     COMMON   BANK0   BANK1   BANK3   BANK2
      Params:         0       0       0       0       0
      Locals:         0       5       0       0       0
      Temps:          3       0       0       0       0
      Totals:         3       5       0       0       0
Total ram usage:        8 bytes
 Hardware stack levels used:    1
 Hardware stack levels required when called:    2
 This function calls:
		_latchClock_Col
		_shiftClock_Col
 This function is called by:
		_main
 This function uses a non-reentrant model


 *************** function _shiftClock_Col *****************
 Defined at:
		line 13 in file "columnas.c"
 Parameters:    Size  Location     Type
		None
 Auto vars:     Size  Location     Type
		None
 Return value:  Size  Location     Type
                  1    wreg      void 
 Registers used:
		None
 Tracked objects:
		On entry : 
		On exit  : 
		Unchanged: 
 Data sizes:     COMMON   BANK0   BANK1   BANK3   BANK2
      Params:         0       0       0       0       0
      Locals:         0       0       0       0       0
      Temps:          0       0       0       0       0
      Totals:         0       0       0       0       0
Total ram usage:        0 bytes
 Hardware stack levels used:    1
 Hardware stack levels required when called:    1
 This function calls:
		Nothing
 This function is called by:
		_setColumnas
		_shiftBitColumna
 This function uses a non-reentrant model


 *************** function _latchClock_Col *****************
 Defined at:
		line 7 in file "columnas.c"
 Parameters:    Size  Location     Type
		None
 Auto vars:     Size  Location     Type
		None
 Return value:  Size  Location     Type
                  1    wreg      void 
 Registers used:
		None
 Tracked objects:
		On entry : 
		On exit  : 
		Unchanged: 
 Data sizes:     COMMON   BANK0   BANK1   BANK3   BANK2
      Params:         0       0       0       0       0
      Locals:         0       0       0       0       0
      Temps:          0       0       0       0       0
      Totals:         0       0       0       0       0
Total ram usage:        0 bytes
 Hardware stack levels used:    1
 Hardware stack levels required when called:    1
 This function calls:
		Nothing
 This function is called by:
		_setColumnas
		_shiftBitColumna
 This function uses a non-reentrant model


 *************** function _init_timer *****************
 Defined at:
		line 37 in file "init.c"
 Parameters:    Size  Location     Type
		None
 Auto vars:     Size  Location     Type
		None
 Return value:  Size  Location     Type
                  1    wreg      void 
 Registers used:
		status,2
 Tracked objects:
		On entry : 
		On exit  : 
		Unchanged: 
 Data sizes:     COMMON   BANK0   BANK1   BANK3   BANK2
      Params:         0       0       0       0       0
      Locals:         0       0       0       0       0
      Temps:          0       0       0       0       0
      Totals:         0       0       0       0       0
Total ram usage:        0 bytes
 Hardware stack levels used:    1
 Hardware stack levels required when called:    1
 This function calls:
		Nothing
 This function is called by:
		_main
 This function uses a non-reentrant model


 *************** function _init_pines *****************
 Defined at:
		line 30 in file "init.c"
 Parameters:    Size  Location     Type
		None
 Auto vars:     Size  Location     Type
		None
 Return value:  Size  Location     Type
                  1    wreg      void 
 Registers used:
		status,2, status,0, pclath, cstack
 Tracked objects:
		On entry : 
		On exit  : 
		Unchanged: 
 Data sizes:     COMMON   BANK0   BANK1   BANK3   BANK2
      Params:         0       0       0       0       0
      Locals:         0       0       0       0       0
      Temps:          0       0       0       0       0
      Totals:         0       0       0       0       0
Total ram usage:        0 bytes
 Hardware stack levels used:    1
 Hardware stack levels required when called:    2
 This function calls:
		_init_pines_col
		_init_pines_fil
 This function is called by:
		_main
 This function uses a non-reentrant model


 *************** function _init_pines_fil *****************
 Defined at:
		line 4 in file "init.c"
 Parameters:    Size  Location     Type
		None
 Auto vars:     Size  Location     Type
		None
 Return value:  Size  Location     Type
                  1    wreg      void 
 Registers used:
		None
 Tracked objects:
		On entry : 
		On exit  : 
		Unchanged: 
 Data sizes:     COMMON   BANK0   BANK1   BANK3   BANK2
      Params:         0       0       0       0       0
      Locals:         0       0       0       0       0
      Temps:          0       0       0       0       0
      Totals:         0       0       0       0       0
Total ram usage:        0 bytes
 Hardware stack levels used:    1
 Hardware stack levels required when called:    1
 This function calls:
		Nothing
 This function is called by:
		_init_pines
 This function uses a non-reentrant model


 *************** function _init_pines_col *****************
 Defined at:
		line 17 in file "init.c"
 Parameters:    Size  Location     Type
		None
 Auto vars:     Size  Location     Type
		None
 Return value:  Size  Location     Type
                  1    wreg      void 
 Registers used:
		None
 Tracked objects:
		On entry : 
		On exit  : 
		Unchanged: 
 Data sizes:     COMMON   BANK0   BANK1   BANK3   BANK2
      Params:         0       0       0       0       0
      Locals:         0       0       0       0       0
      Temps:          0       0       0       0       0
      Totals:         0       0       0       0       0
Total ram usage:        0 bytes
 Hardware stack levels used:    1
 Hardware stack levels required when called:    1
 This function calls:
		Nothing
 This function is called by:
		_init_pines
 This function uses a non-reentrant model


 *************** function _Timer0_ISR *****************
 Defined at:
		line 47 in file "mainsource.c"
 Parameters:    Size  Location     Type
		None
 Auto vars:     Size  Location     Type
		None
 Return value:  Size  Location     Type
                  1    wreg      void 
 Registers used:
		wreg, status,2, status,0, btemp+1
 Tracked objects:
		On entry : 
		On exit  : 
		Unchanged: 
 Data sizes:     COMMON   BANK0   BANK1   BANK3   BANK2
      Params:         0       0       0       0       0
      Locals:         0       0       0       0       0
      Temps:          3       0       0       0       0
      Totals:         3       0       0       0       0
Total ram usage:        3 bytes
 Hardware stack levels used:    1
 This function calls:
		Nothing
 This function is called by:
		Interrupt level 1
 This function uses a non-reentrant model



MODULE INFORMATION

Module		Function		Class		Link	Load	Size
columnas.c
		_shiftBitColumna		CODE           	0276	0000	29
		_latchClock_Col		CODE           	030C	0000	6
		_shiftClock_Col		CODE           	0306	0000	7
		_setColumnas   		CODE           	0205	0000	68

columnas.c estimated size: 110

shared
		__initialization		CODE           	0013	0000	36

shared estimated size: 36

filas.c
		_latchClock_Fil		CODE           	02FA	0000	7
		_shiftClock_Fil		CODE           	0300	0000	7
		_setFilas      		CODE           	01B8	0000	78
		_enableFilas   		CODE           	0311	0000	5

filas.c estimated size: 97

init.c
		_init_pines    		CODE           	02E7	0000	12
		_init_pines_fil		CODE           	02DA	0000	14
		_init_pines_col		CODE           	02BD	0000	16
		_init_timer    		CODE           	02CC	0000	15

init.c estimated size: 57

mainsource.c
		_Timer0_ISR    		CODE           	0248	0000	47
		_updateScreen  		CODE           	003A	0000	266
		_main          		CODE           	0143	0000	118

mainsource.c estimated size: 431

