Microchip MPLAB XC8 Compiler V2.10 ()

Linker command line:

-W-3 --edf=C:\Program Files (x86)\Microchip\xc8\v2.10\pic\dat\en_msgs.txt \
  -cs -h+dist/Simulation/production\Tetris.X.production.sym \
  --cmf=dist/Simulation/production\Tetris.X.production.cmf -z -Q16F877A \
  -oC:\Users\ASUS\AppData\Local\Temp\s63k.2 --defsym=__MPLAB_BUILD=1 \
  -Mdist/Simulation/production/Tetris.X.production.map -E1 -ver=XC8 \
  --acfsm=1493 -ASTACK=0110h-016Fh -pstack=STACK -ACODE=00h-07FFhx4 \
  -ASTRCODE=00h-01FFFh -ASTRING=00h-0FFhx32 -ACONST=00h-0FFhx32 \
  -AENTRY=00h-0FFhx32 -ACOMMON=070h-07Fh -ABANK0=020h-06Fh \
  -ABANK1=0A0h-0EFh -ABANK2=0110h-016Fh -ABANK3=0190h-01EFh \
  -ARAM=020h-06Fh,0A0h-0EFh,0110h-016Fh,0190h-01EFh \
  -AABS1=020h-07Fh,0A0h-0EFh,0110h-016Fh,0190h-01EFh -ASFR0=00h-01Fh \
  -ASFR1=080h-09Fh -ASFR2=0100h-010Fh -ASFR3=0180h-018Fh \
  -preset_vec=00h,intentry=04h,init,end_init -ppowerup=CODE -pcinit=CODE \
  -pfunctab=ENTRY -ACONFIG=02007h-02007h -pconfig=CONFIG -DCONFIG=2 \
  -AIDLOC=02000h-02003h -pidloc=IDLOC -DIDLOC=2 -AEEDATA=00h-0FFh/02100h \
  -peeprom_data=EEDATA -DEEDATA=2 -DCODE=2 -DSTRCODE=2 -DSTRING=2 -DCONST=2 \
  -DENTRY=2 -k C:\Users\ASUS\AppData\Local\Temp\s63k.o \
  dist/Simulation/production\Tetris.X.production.o 

Object code version is 3.11

Machine type is 16F877A



                Name                               Link     Load   Length Selector   Space Scale
C:\Users\ASUS\AppData\Local\Temp\s63k.o
                end_init                              C        C        3        8       0
                reset_vec                             0        0        3        0       0
                config                             2007     2007        1     400E       0
dist/Simulation/production\Tetris.X.production.o
                cinit                                 F        F       2F        8       0
                intentry                              4        4        8        8       0
                text21                              367      367       26        8       0
                text20                              173      173       5B        8       0
                text19                              1CE      1CE       4C        8       0
                text18                              2AD      2AD       47        8       0
                text17                              265      265       48        8       0
                text16                              38D      38D       23        8       0
                text15                              3B0      3B0       20        8       0
                text14                               3E       3E       C3        8       0
                text13                              450      450        8        8       0
                text12                              3FF      3FF       13        8       0
                text11                              430      430        D        8       0
                text10                              43D      43D        B        8       0
                text9                               412      412       10        8       0
                text8                               422      422        E        8       0
                text7                               464      464        6        8       0
                text6                               2F4      2F4       43        8       0
                text5                               46A      46A        5        8       0
                text4                               45E      45E        6        8       0
                text3                               458      458        6        8       0
                text2                               3D0      3D0       1C        8       0
                text1                               21A      21A       4B        8       0
                maintext                            101      101       72        8       0
                cstackBANK0                          4B       4B       21       20       1
                cstackCOMMON                         70       70        C       70       1
                clrtext                             448      448        8        8       0
                inittext                            3EC      3EC       13        8       0
                dataBANK1                            A0       A0       30       A0       1
                bssBANK1                             D0       D0       10       A0       1
                dataBANK0                            6C       6C        4       20       1
                bssBANK0                             20       20       2B       20       1
                idataBANK1                          337      337       30        8       0
                idataBANK0                          46F      46F        4        8       0

TOTAL           Name                               Link     Load   Length     Space
        CLASS   STACK          

        CLASS   CODE           
                end_init                              C        C        3         0
                cinit                                 F        F       2F         0
                intentry                              4        4        8         0
                reset_vec                             0        0        3         0
                text21                              367      367       26         0
                text20                              173      173       5B         0
                text19                              1CE      1CE       4C         0
                text18                              2AD      2AD       47         0
                text17                              265      265       48         0
                text16                              38D      38D       23         0
                text15                              3B0      3B0       20         0
                text14                               3E       3E       C3         0
                text13                              450      450        8         0
                text12                              3FF      3FF       13         0
                text11                              430      430        D         0
                text10                              43D      43D        B         0
                text9                               412      412       10         0
                text8                               422      422        E         0
                text7                               464      464        6         0
                text6                               2F4      2F4       43         0
                text5                               46A      46A        5         0
                text4                               45E      45E        6         0
                text3                               458      458        6         0
                text2                               3D0      3D0       1C         0
                text1                               21A      21A       4B         0
                maintext                            101      101       72         0
                clrtext                             448      448        8         0
                inittext                            3EC      3EC       13         0
                idataBANK1                          337      337       30         0
                idataBANK0                          46F      46F        4         0

        CLASS   STRCODE        

        CLASS   STRING         

        CLASS   CONST          

        CLASS   ENTRY          

        CLASS   COMMON         
                cstackCOMMON                         70       70        C         1

        CLASS   BANK0          
                cstackBANK0                          4B       4B       21         1
                dataBANK0                            6C       6C        4         1
                bssBANK0                             20       20       2B         1

        CLASS   BANK1          
                dataBANK1                            A0       A0       30         1
                bssBANK1                             D0       D0       10         1

        CLASS   BANK2          

        CLASS   BANK3          

        CLASS   RAM            

        CLASS   ABS1           
                abs_s1                               7E       7E        2         1

        CLASS   SFR0           

        CLASS   SFR1           

        CLASS   SFR2           

        CLASS   SFR3           

        CLASS   CONFIG         
                config                             2007     2007        1         0

        CLASS   IDLOC          

        CLASS   EEDATA         



SEGMENTS        Name                           Load    Length   Top    Selector   Space  Class     Delta

                reset_vec                      000000  000003  000003         0       0  CODE        2
                intentry                       000004  00046F  000473         8       0  CODE        2
                bssBANK0                       000020  000050  000070        20       1  BANK0       1
                cstackCOMMON                   000070  00000C  00007C        70       1  COMMON      1
                dataBANK1                      0000A0  000040  0000E0        A0       1  BANK1       1
                config                         002007  000001  002008      400E       0  CONFIG      2


UNUSED ADDRESS RANGES

        Name                Unused          Largest block    Delta
        BANK1            00E0-00EF             10           1
        BANK2            0110-016F             60           1
        BANK3            0190-01EF             60           1
        CODE             0003-0003              1           2
                         0473-1FFF            800
        COMMON           007C-007D              2           1
        CONST            0003-0003              1           2
                         0473-1FFF            100
        EEDATA           2100-21FF            100           2
        ENTRY            0003-0003              1           2
                         0473-1FFF            100
        IDLOC            2000-2003              4           2
        RAM              00E0-00EF             10           1
                         0110-016F             60
                         0190-01EF             60
        SFR0             0000-001F             20           1
        SFR1             0080-009F             20           1
        SFR2             0100-010F             10           1
        SFR3             0180-018F             10           1
        STACK            0110-016F             60           1
        STRCODE          0003-0003              1           2
                         0473-1FFF           1B8D
        STRING           0003-0003              1           2
                         0473-1FFF            100

                                  Symbol Table

?___awmod                 cstackBANK0  0056
?___lmul                  cstackCOMMON 0072
?_rand                    cstackBANK0  004F
_INTCONbits               (abs)        000B
_OPTION_REGbits           (abs)        0081
_PORTBbits                (abs)        0006
_PORTCbits                (abs)        0007
_PORTDbits                (abs)        0008
_TMR0                     (abs)        0001
_TRISBbits                (abs)        0086
_TRISCbits                (abs)        0087
_TRISDbits                (abs)        0088
_Timer0_ISR               text21       0367
__CFG_BOREN$ON            (abs)        0000
__CFG_CP$OFF              (abs)        0000
__CFG_CPD$OFF             (abs)        0000
__CFG_FOSC$XT             (abs)        0000
__CFG_LVP$OFF             (abs)        0000
__CFG_PWRTE$OFF           (abs)        0000
__CFG_WDTE$OFF            (abs)        0000
__CFG_WRT$OFF             (abs)        0000
__Habs1                   abs1         0000
__Hbank0                  bank0        0000
__Hbank1                  bank1        0000
__Hbank2                  bank2        0000
__Hbank3                  bank3        0000
__HbssBANK0               bssBANK0     0000
__HbssBANK1               bssBANK1     0000
__Hcinit                  cinit        003E
__Hclrtext                clrtext      0000
__Hcode                   code         0000
__Hcommon                 common       0000
__Hconfig                 config       2008
__HcstackBANK0            cstackBANK0  0000
__HcstackCOMMON           cstackCOMMON 0000
__HdataBANK0              dataBANK0    0000
__HdataBANK1              dataBANK1    0000
__Heeprom_data            eeprom_data  0000
__Hend_init               end_init     000F
__Hfunctab                functab      0000
__HidataBANK0             idataBANK0   0000
__HidataBANK1             idataBANK1   0000
__Hidloc                  idloc        0000
__Hinit                   init         000C
__Hinittext               inittext     0000
__Hintentry               intentry     000C
__Hmaintext               maintext     0000
__Hpowerup                powerup      0000
__Hram                    ram          0000
__Hreset_vec              reset_vec    0003
__Hsfr0                   sfr0         0000
__Hsfr1                   sfr1         0000
__Hsfr2                   sfr2         0000
__Hsfr3                   sfr3         0000
__Hspace_0                (abs)        2008
__Hspace_1                (abs)        00E0
__Hspace_2                (abs)        0000
__Hspace_3                (abs)        0000
__Hstack                  stack        0000
__Hstrings                strings      0000
__Htext                   text         0000
__Labs1                   abs1         0000
__Lbank0                  bank0        0000
__Lbank1                  bank1        0000
__Lbank2                  bank2        0000
__Lbank3                  bank3        0000
__LbssBANK0               bssBANK0     0000
__LbssBANK1               bssBANK1     0000
__Lcinit                  cinit        000F
__Lclrtext                clrtext      0000
__Lcode                   code         0000
__Lcommon                 common       0000
__Lconfig                 config       2007
__LcstackBANK0            cstackBANK0  0000
__LcstackCOMMON           cstackCOMMON 0000
__LdataBANK0              dataBANK0    0000
__LdataBANK1              dataBANK1    0000
__Leeprom_data            eeprom_data  0000
__Lend_init               end_init     000C
__Lfunctab                functab      0000
__LidataBANK0             idataBANK0   0000
__LidataBANK1             idataBANK1   0000
__Lidloc                  idloc        0000
__Linit                   init         000C
__Linittext               inittext     0000
__Lintentry               intentry     0004
__Lmaintext               maintext     0000
__Lpowerup                powerup      0000
__Lram                    ram          0000
__Lreset_vec              reset_vec    0000
__Lsfr0                   sfr0         0000
__Lsfr1                   sfr1         0000
__Lsfr2                   sfr2         0000
__Lsfr3                   sfr3         0000
__Lspace_0                (abs)        0000
__Lspace_1                (abs)        0000
__Lspace_2                (abs)        0000
__Lspace_3                (abs)        0000
__Lstack                  stack        0000
__Lstrings                strings      0000
__Ltext                   text         0000
__S0                      (abs)        2008
__S1                      (abs)        00E0
__S2                      (abs)        0000
__S3                      (abs)        0000
___awmod                  text20       0173
___awmod@counter          cstackBANK0  005A
___awmod@dividend         cstackBANK0  0058
___awmod@divisor          cstackBANK0  0056
___awmod@sign             cstackBANK0  005B
___int_sp                 stack        0000
___latbits                (abs)        0002
___lmul                   text19       01CE
___lmul@multiplicand      cstackCOMMON 0076
___lmul@multiplier        cstackCOMMON 0072
___lmul@product           cstackBANK0  004B
___sp                     stack        0000
___stackhi                (abs)        0000
___stacklo                (abs)        0000
__end_of_Timer0_ISR       text21       038D
__end_of___awmod          text20       01CE
__end_of___lmul           text19       021A
__end_of__initialization  cinit        003A
__end_of_checkCount       text17       02AD
__end_of_drawBground      text16       03B0
__end_of_drawFigure       text14       0101
__end_of_init_interrupt   text13       0458
__end_of_init_pines       text9        0422
__end_of_init_pines_col   text12       0412
__end_of_init_pines_fil   text11       043D
__end_of_init_pines_in    text10       0448
__end_of_init_timer       text8        0430
__end_of_latchClock_Col   text5        046F
__end_of_latchClock_Fil   text4        0464
__end_of_main             maintext     0173
__end_of_memset           text15       03D0
__end_of_rand             text18       02F4
__end_of_setFilas         text6        0337
__end_of_shiftBitColumna  text2        03EC
__end_of_shiftClock_Col   text3        045E
__end_of_shiftClock_Fil   text7        046A
__end_of_updateScreen     text1        0265
__initialization          cinit        000F
__pbssBANK0               bssBANK0     0020
__pbssBANK1               bssBANK1     00D0
__pcstackBANK0            cstackBANK0  004B
__pcstackCOMMON           cstackCOMMON 0070
__pdataBANK0              dataBANK0    006C
__pdataBANK1              dataBANK1    00A0
__pidataBANK0             idataBANK0   046F
__pidataBANK1             idataBANK1   0337
__pintentry               intentry     0004
__pmaintext               maintext     0101
__ptext1                  text1        021A
__ptext10                 text10       043D
__ptext11                 text11       0430
__ptext12                 text12       03FF
__ptext13                 text13       0450
__ptext14                 text14       003E
__ptext15                 text15       03B0
__ptext16                 text16       038D
__ptext17                 text17       0265
__ptext18                 text18       02AD
__ptext19                 text19       01CE
__ptext2                  text2        03D0
__ptext20                 text20       0173
__ptext21                 text21       0367
__ptext3                  text3        0458
__ptext4                  text4        045E
__ptext5                  text5        046A
__ptext6                  text6        02F4
__ptext7                  text7        0464
__ptext8                  text8        0422
__ptext9                  text9        0412
__size_of_Timer0_ISR      (abs)        0000
__size_of___awmod         (abs)        0000
__size_of___lmul          (abs)        0000
__size_of_checkCount      (abs)        0000
__size_of_drawBground     (abs)        0000
__size_of_drawFigure      (abs)        0000
__size_of_init_interrupt  (abs)        0000
__size_of_init_pines      (abs)        0000
__size_of_init_pines_col  (abs)        0000
__size_of_init_pines_fil  (abs)        0000
__size_of_init_pines_in   (abs)        0000
__size_of_init_timer      (abs)        0000
__size_of_latchClock_Col  (abs)        0000
__size_of_latchClock_Fil  (abs)        0000
__size_of_main            (abs)        0000
__size_of_memset          (abs)        0000
__size_of_rand            (abs)        0000
__size_of_setFilas        (abs)        0000
__size_of_shiftBitColumna (abs)        0000
__size_of_shiftClock_Col  (abs)        0000
__size_of_shiftClock_Fil  (abs)        0000
__size_of_updateScreen    (abs)        0000
_checkCount               text17       0265
_con                      bssBANK0     0030
_drawBground              text16       038D
_drawFigure               text14       003E
_ficha                    bssBANK0     003B
_figuras                  dataBANK1    00A0
_fondo                    bssBANK0     0020
_init_interrupt           text13       0450
_init_pines               text9        0412
_init_pines_col           text12       03FF
_init_pines_fil           text11       0430
_init_pines_in            text10       043D
_init_timer               text8        0422
_latchClock_Col           text5        046A
_latchClock_Fil           text4        045E
_main                     maintext     0101
_memset                   text15       03B0
_pantalla                 bssBANK1     00D0
_rand                     text18       02AD
_randx                    dataBANK0    006C
_setFilas                 text6        02F4
_shiftBitColumna          text2        03D0
_shiftClock_Col           text3        0458
_shiftClock_Fil           text7        0464
_timerCount               bssBANK0     0039
_updateScreen             text1        021A
btemp                     (abs)        007E
clear_ram0                clrtext      0448
end_of_initialization     cinit        003A
init_fetch0               inittext     03EC
init_ram0                 inittext     03F0
interrupt_function        intentry     0004
intlevel0                 functab      0000
intlevel1                 functab      0000
intlevel2                 functab      0000
intlevel3                 functab      0000
intlevel4                 functab      0000
intlevel5                 functab      0000
main@i                    cstackBANK0  006A
memset@c                  cstackCOMMON 0072
memset@n                  cstackCOMMON 0074
memset@p                  cstackCOMMON 0078
memset@p1                 cstackCOMMON 0077
reset_vec                 reset_vec    0000
saved_w                   (abs)        007E
setFilas@i                cstackCOMMON 007A
setFilas@reg_value        cstackCOMMON 0072
shiftBitColumna@bit       cstackCOMMON 0073
start                     init         000C
start_initialization      cinit        000F
updateScreen@screen       cstackBANK0  004F
wtemp0                    (abs)        007E


FUNCTION INFORMATION:

 *************** function _main *****************
 Defined at:
		line 41 in file "mainsource.c"
 Parameters:    Size  Location     Type
  argc            2   18[BANK0 ] int 
  argv            2   20[BANK0 ] PTR PTR unsigned char 
 Auto vars:     Size  Location     Type
  i               2   31[BANK0 ] int 
 Return value:  Size  Location     Type
                  2   18[BANK0 ] int 
 Registers used:
		wreg, fsr0l, fsr0h, status,2, status,0, btemp+1, pclath, cstack
 Tracked objects:
		On entry : 
		On exit  : 
		Unchanged: 
 Data sizes:     COMMON   BANK0   BANK1   BANK3   BANK2
      Params:         0       4       0       0       0
      Locals:         0       2       0       0       0
      Temps:          0       9       0       0       0
      Totals:         0      15       0       0       0
Total ram usage:       15 bytes
 Hardware stack levels required when called:    4
 This function calls:
		_checkCount
		_drawBground
		_drawFigure
		_init_interrupt
		_init_pines
		_init_timer
		_updateScreen
 This function is called by:
		Startup code after reset
 This function uses a non-reentrant model


 *************** function _updateScreen *****************
 Defined at:
		line 12 in file "screen.c"
 Parameters:    Size  Location     Type
  screen          1    wreg     PTR unsigned int 
		 -> pantalla(16), 
 Auto vars:     Size  Location     Type
  screen          1    4[BANK0 ] PTR unsigned int 
		 -> pantalla(16), 
 Return value:  Size  Location     Type
                  1    wreg      void 
 Registers used:
		wreg, fsr0l, fsr0h, status,2, status,0, btemp+1, pclath, cstack
 Tracked objects:
		On entry : 
		On exit  : 
		Unchanged: 
 Data sizes:     COMMON   BANK0   BANK1   BANK3   BANK2
      Params:         0       0       0       0       0
      Locals:         0       1       0       0       0
      Temps:          0       4       0       0       0
      Totals:         0       5       0       0       0
Total ram usage:        5 bytes
 Hardware stack levels used:    1
 Hardware stack levels required when called:    3
 This function calls:
		_setFilas
		_shiftBitColumna
 This function is called by:
		_main
 This function uses a non-reentrant model


 *************** function _shiftBitColumna *****************
 Defined at:
		line 32 in file "columnas.c"
 Parameters:    Size  Location     Type
  bit             1    wreg     unsigned char 
 Auto vars:     Size  Location     Type
  bit             1    3[COMMON] unsigned char 
 Return value:  Size  Location     Type
                  1    wreg      void 
 Registers used:
		wreg, status,2, status,0, pclath, cstack
 Tracked objects:
		On entry : 
		On exit  : 
		Unchanged: 
 Data sizes:     COMMON   BANK0   BANK1   BANK3   BANK2
      Params:         0       0       0       0       0
      Locals:         1       0       0       0       0
      Temps:          1       0       0       0       0
      Totals:         2       0       0       0       0
Total ram usage:        2 bytes
 Hardware stack levels used:    1
 Hardware stack levels required when called:    2
 This function calls:
		_latchClock_Col
		_latchClock_Fil
		_shiftClock_Col
 This function is called by:
		_updateScreen
 This function uses a non-reentrant model


 *************** function _shiftClock_Col *****************
 Defined at:
		line 12 in file "columnas.c"
 Parameters:    Size  Location     Type
		None
 Auto vars:     Size  Location     Type
		None
 Return value:  Size  Location     Type
                  1    wreg      void 
 Registers used:
		None
 Tracked objects:
		On entry : 
		On exit  : 
		Unchanged: 
 Data sizes:     COMMON   BANK0   BANK1   BANK3   BANK2
      Params:         0       0       0       0       0
      Locals:         0       0       0       0       0
      Temps:          0       0       0       0       0
      Totals:         0       0       0       0       0
Total ram usage:        0 bytes
 Hardware stack levels used:    1
 Hardware stack levels required when called:    1
 This function calls:
		Nothing
 This function is called by:
		_shiftBitColumna
		_setColumnas
 This function uses a non-reentrant model


 *************** function _latchClock_Fil *****************
 Defined at:
		line 7 in file "filas.c"
 Parameters:    Size  Location     Type
		None
 Auto vars:     Size  Location     Type
		None
 Return value:  Size  Location     Type
                  1    wreg      void 
 Registers used:
		None
 Tracked objects:
		On entry : 
		On exit  : 
		Unchanged: 
 Data sizes:     COMMON   BANK0   BANK1   BANK3   BANK2
      Params:         0       0       0       0       0
      Locals:         0       0       0       0       0
      Temps:          0       0       0       0       0
      Totals:         0       0       0       0       0
Total ram usage:        0 bytes
 Hardware stack levels used:    1
 Hardware stack levels required when called:    1
 This function calls:
		Nothing
 This function is called by:
		_shiftBitColumna
 This function uses a non-reentrant model


 *************** function _latchClock_Col *****************
 Defined at:
		line 7 in file "columnas.c"
 Parameters:    Size  Location     Type
		None
 Auto vars:     Size  Location     Type
		None
 Return value:  Size  Location     Type
                  1    wreg      void 
 Registers used:
		None
 Tracked objects:
		On entry : 
		On exit  : 
		Unchanged: 
 Data sizes:     COMMON   BANK0   BANK1   BANK3   BANK2
      Params:         0       0       0       0       0
      Locals:         0       0       0       0       0
      Temps:          0       0       0       0       0
      Totals:         0       0       0       0       0
Total ram usage:        0 bytes
 Hardware stack levels used:    1
 Hardware stack levels required when called:    1
 This function calls:
		Nothing
 This function is called by:
		_shiftBitColumna
		_setColumnas
 This function uses a non-reentrant model


 *************** function _setFilas *****************
 Defined at:
		line 19 in file "filas.c"
 Parameters:    Size  Location     Type
  reg_value       2    2[COMMON] unsigned int 
 Auto vars:     Size  Location     Type
  i               2   10[COMMON] int 
 Return value:  Size  Location     Type
                  1    wreg      void 
 Registers used:
		wreg, status,2, status,0, btemp+1, pclath, cstack
 Tracked objects:
		On entry : 
		On exit  : 
		Unchanged: 
 Data sizes:     COMMON   BANK0   BANK1   BANK3   BANK2
      Params:         2       0       0       0       0
      Locals:         2       0       0       0       0
      Temps:          6       0       0       0       0
      Totals:        10       0       0       0       0
Total ram usage:       10 bytes
 Hardware stack levels used:    1
 Hardware stack levels required when called:    2
 This function calls:
		_shiftClock_Fil
 This function is called by:
		_updateScreen
 This function uses a non-reentrant model


 *************** function _shiftClock_Fil *****************
 Defined at:
		line 13 in file "filas.c"
 Parameters:    Size  Location     Type
		None
 Auto vars:     Size  Location     Type
		None
 Return value:  Size  Location     Type
                  1    wreg      void 
 Registers used:
		None
 Tracked objects:
		On entry : 
		On exit  : 
		Unchanged: 
 Data sizes:     COMMON   BANK0   BANK1   BANK3   BANK2
      Params:         0       0       0       0       0
      Locals:         0       0       0       0       0
      Temps:          0       0       0       0       0
      Totals:         0       0       0       0       0
Total ram usage:        0 bytes
 Hardware stack levels used:    1
 Hardware stack levels required when called:    1
 This function calls:
		Nothing
 This function is called by:
		_setFilas
 This function uses a non-reentrant model


 *************** function _init_timer *****************
 Defined at:
		line 59 in file "init.c"
 Parameters:    Size  Location     Type
		None
 Auto vars:     Size  Location     Type
		None
 Return value:  Size  Location     Type
                  1    wreg      void 
 Registers used:
		status,2
 Tracked objects:
		On entry : 
		On exit  : 
		Unchanged: 
 Data sizes:     COMMON   BANK0   BANK1   BANK3   BANK2
      Params:         0       0       0       0       0
      Locals:         0       0       0       0       0
      Temps:          0       0       0       0       0
      Totals:         0       0       0       0       0
Total ram usage:        0 bytes
 Hardware stack levels used:    1
 Hardware stack levels required when called:    1
 This function calls:
		Nothing
 This function is called by:
		_main
 This function uses a non-reentrant model


 *************** function _init_pines *****************
 Defined at:
		line 43 in file "init.c"
 Parameters:    Size  Location     Type
		None
 Auto vars:     Size  Location     Type
		None
 Return value:  Size  Location     Type
                  1    wreg      void 
 Registers used:
		status,2, status,0, pclath, cstack
 Tracked objects:
		On entry : 
		On exit  : 
		Unchanged: 
 Data sizes:     COMMON   BANK0   BANK1   BANK3   BANK2
      Params:         0       0       0       0       0
      Locals:         0       0       0       0       0
      Temps:          0       0       0       0       0
      Totals:         0       0       0       0       0
Total ram usage:        0 bytes
 Hardware stack levels used:    1
 Hardware stack levels required when called:    2
 This function calls:
		_init_pines_col
		_init_pines_fil
		_init_pines_in
 This function is called by:
		_main
 This function uses a non-reentrant model


 *************** function _init_pines_in *****************
 Defined at:
		line 4 in file "init.c"
 Parameters:    Size  Location     Type
		None
 Auto vars:     Size  Location     Type
		None
 Return value:  Size  Location     Type
                  1    wreg      void 
 Registers used:
		None
 Tracked objects:
		On entry : 
		On exit  : 
		Unchanged: 
 Data sizes:     COMMON   BANK0   BANK1   BANK3   BANK2
      Params:         0       0       0       0       0
      Locals:         0       0       0       0       0
      Temps:          0       0       0       0       0
      Totals:         0       0       0       0       0
Total ram usage:        0 bytes
 Hardware stack levels used:    1
 Hardware stack levels required when called:    1
 This function calls:
		Nothing
 This function is called by:
		_init_pines
 This function uses a non-reentrant model


 *************** function _init_pines_fil *****************
 Defined at:
		line 16 in file "init.c"
 Parameters:    Size  Location     Type
		None
 Auto vars:     Size  Location     Type
		None
 Return value:  Size  Location     Type
                  1    wreg      void 
 Registers used:
		None
 Tracked objects:
		On entry : 
		On exit  : 
		Unchanged: 
 Data sizes:     COMMON   BANK0   BANK1   BANK3   BANK2
      Params:         0       0       0       0       0
      Locals:         0       0       0       0       0
      Temps:          0       0       0       0       0
      Totals:         0       0       0       0       0
Total ram usage:        0 bytes
 Hardware stack levels used:    1
 Hardware stack levels required when called:    1
 This function calls:
		Nothing
 This function is called by:
		_init_pines
 This function uses a non-reentrant model


 *************** function _init_pines_col *****************
 Defined at:
		line 29 in file "init.c"
 Parameters:    Size  Location     Type
		None
 Auto vars:     Size  Location     Type
		None
 Return value:  Size  Location     Type
                  1    wreg      void 
 Registers used:
		None
 Tracked objects:
		On entry : 
		On exit  : 
		Unchanged: 
 Data sizes:     COMMON   BANK0   BANK1   BANK3   BANK2
      Params:         0       0       0       0       0
      Locals:         0       0       0       0       0
      Temps:          0       0       0       0       0
      Totals:         0       0       0       0       0
Total ram usage:        0 bytes
 Hardware stack levels used:    1
 Hardware stack levels required when called:    1
 This function calls:
		Nothing
 This function is called by:
		_init_pines
 This function uses a non-reentrant model


 *************** function _init_interrupt *****************
 Defined at:
		line 50 in file "init.c"
 Parameters:    Size  Location     Type
		None
 Auto vars:     Size  Location     Type
		None
 Return value:  Size  Location     Type
                  1    wreg      void 
 Registers used:
		None
 Tracked objects:
		On entry : 
		On exit  : 
		Unchanged: 
 Data sizes:     COMMON   BANK0   BANK1   BANK3   BANK2
      Params:         0       0       0       0       0
      Locals:         0       0       0       0       0
      Temps:          0       0       0       0       0
      Totals:         0       0       0       0       0
Total ram usage:        0 bytes
 Hardware stack levels used:    1
 Hardware stack levels required when called:    1
 This function calls:
		Nothing
 This function is called by:
		_main
 This function uses a non-reentrant model


 *************** function _drawFigure *****************
 Defined at:
		line 36 in file "screen.c"
 Parameters:    Size  Location     Type
		None
 Auto vars:     Size  Location     Type
		None
 Return value:  Size  Location     Type
                  1    wreg      void 
 Registers used:
		wreg, fsr0l, fsr0h, status,2, status,0, pclath, cstack
 Tracked objects:
		On entry : 
		On exit  : 
		Unchanged: 
 Data sizes:     COMMON   BANK0   BANK1   BANK3   BANK2
      Params:         0       0       0       0       0
      Locals:         0       0       0       0       0
      Temps:          0       5       0       0       0
      Totals:         0       5       0       0       0
Total ram usage:        5 bytes
 Hardware stack levels used:    1
 Hardware stack levels required when called:    2
 This function calls:
		_memset
 This function is called by:
		_main
 This function uses a non-reentrant model


 *************** function _memset *****************
 Defined at:
		line 8 in file "C:\Program Files (x86)\Microchip\xc8\v2.10\pic\sources\c90\common\memset.c"
 Parameters:    Size  Location     Type
  p1              1    wreg     PTR void 
		 -> ficha(16), 
  c               2    2[COMMON] int 
  n               2    4[COMMON] unsigned int 
 Auto vars:     Size  Location     Type
  p1              1    7[COMMON] PTR void 
		 -> ficha(16), 
  p               1    8[COMMON] PTR unsigned char 
		 -> ficha(16), 
 Return value:  Size  Location     Type
                  1    wreg      PTR void 
 Registers used:
		wreg, fsr0l, fsr0h, status,2, status,0
 Tracked objects:
		On entry : 
		On exit  : 
		Unchanged: 
 Data sizes:     COMMON   BANK0   BANK1   BANK3   BANK2
      Params:         4       0       0       0       0
      Locals:         2       0       0       0       0
      Temps:          1       0       0       0       0
      Totals:         7       0       0       0       0
Total ram usage:        7 bytes
 Hardware stack levels used:    1
 Hardware stack levels required when called:    1
 This function calls:
		Nothing
 This function is called by:
		_drawFigure
 This function uses a non-reentrant model


 *************** function _drawBground *****************
 Defined at:
		line 25 in file "screen.c"
 Parameters:    Size  Location     Type
		None
 Auto vars:     Size  Location     Type
		None
 Return value:  Size  Location     Type
                  1    wreg      void 
 Registers used:
		wreg
 Tracked objects:
		On entry : 
		On exit  : 
		Unchanged: 
 Data sizes:     COMMON   BANK0   BANK1   BANK3   BANK2
      Params:         0       0       0       0       0
      Locals:         0       0       0       0       0
      Temps:          0       0       0       0       0
      Totals:         0       0       0       0       0
Total ram usage:        0 bytes
 Hardware stack levels used:    1
 Hardware stack levels required when called:    1
 This function calls:
		Nothing
 This function is called by:
		_main
 This function uses a non-reentrant model


 *************** function _checkCount *****************
 Defined at:
		line 69 in file "mainsource.c"
 Parameters:    Size  Location     Type
		None
 Auto vars:     Size  Location     Type
		None
 Return value:  Size  Location     Type
                  1    wreg      void 
 Registers used:
		wreg, status,2, status,0, pclath, cstack
 Tracked objects:
		On entry : 
		On exit  : 
		Unchanged: 
 Data sizes:     COMMON   BANK0   BANK1   BANK3   BANK2
      Params:         0       0       0       0       0
      Locals:         0       0       0       0       0
      Temps:          0       1       0       0       0
      Totals:         0       1       0       0       0
Total ram usage:        1 bytes
 Hardware stack levels used:    1
 Hardware stack levels required when called:    3
 This function calls:
		___awmod
		_rand
 This function is called by:
		_main
 This function uses a non-reentrant model


 *************** function _rand *****************
 Defined at:
		line 12 in file "C:\Program Files (x86)\Microchip\xc8\v2.10\pic\sources\c90\common\rand.c"
 Parameters:    Size  Location     Type
		None
 Auto vars:     Size  Location     Type
		None
 Return value:  Size  Location     Type
                  2    4[BANK0 ] int 
 Registers used:
		wreg, status,2, status,0, pclath, cstack
 Tracked objects:
		On entry : 
		On exit  : 
		Unchanged: 
 Data sizes:     COMMON   BANK0   BANK1   BANK3   BANK2
      Params:         0       2       0       0       0
      Locals:         0       0       0       0       0
      Temps:          0       5       0       0       0
      Totals:         0       7       0       0       0
Total ram usage:        7 bytes
 Hardware stack levels used:    1
 Hardware stack levels required when called:    2
 This function calls:
		___lmul
 This function is called by:
		_checkCount
 This function uses a non-reentrant model


 *************** function ___lmul *****************
 Defined at:
		line 15 in file "C:\Program Files (x86)\Microchip\xc8\v2.10\pic\sources\c90\common\Umul32.c"
 Parameters:    Size  Location     Type
  multiplier      4    2[COMMON] unsigned long 
  multiplicand    4    6[COMMON] unsigned long 
 Auto vars:     Size  Location     Type
  product         4    0[BANK0 ] unsigned long 
 Return value:  Size  Location     Type
                  4    2[COMMON] unsigned long 
 Registers used:
		wreg, status,2, status,0
 Tracked objects:
		On entry : 
		On exit  : 
		Unchanged: 
 Data sizes:     COMMON   BANK0   BANK1   BANK3   BANK2
      Params:         8       0       0       0       0
      Locals:         0       4       0       0       0
      Temps:          1       0       0       0       0
      Totals:         9       4       0       0       0
Total ram usage:       13 bytes
 Hardware stack levels used:    1
 Hardware stack levels required when called:    1
 This function calls:
		Nothing
 This function is called by:
		_rand
 This function uses a non-reentrant model


 *************** function ___awmod *****************
 Defined at:
		line 5 in file "C:\Program Files (x86)\Microchip\xc8\v2.10\pic\sources\c90\common\awmod.c"
 Parameters:    Size  Location     Type
  divisor         2   11[BANK0 ] int 
  dividend        2   13[BANK0 ] int 
 Auto vars:     Size  Location     Type
  sign            1   16[BANK0 ] unsigned char 
  counter         1   15[BANK0 ] unsigned char 
 Return value:  Size  Location     Type
                  2   11[BANK0 ] int 
 Registers used:
		wreg, status,2, status,0
 Tracked objects:
		On entry : 
		On exit  : 
		Unchanged: 
 Data sizes:     COMMON   BANK0   BANK1   BANK3   BANK2
      Params:         0       4       0       0       0
      Locals:         0       2       0       0       0
      Temps:          1       0       0       0       0
      Totals:         1       6       0       0       0
Total ram usage:        7 bytes
 Hardware stack levels used:    1
 Hardware stack levels required when called:    1
 This function calls:
		Nothing
 This function is called by:
		_checkCount
 This function uses a non-reentrant model


 *************** function _Timer0_ISR *****************
 Defined at:
		line 85 in file "mainsource.c"
 Parameters:    Size  Location     Type
		None
 Auto vars:     Size  Location     Type
		None
 Return value:  Size  Location     Type
                  1    wreg      void 
 Registers used:
		status,2
 Tracked objects:
		On entry : 
		On exit  : 
		Unchanged: 
 Data sizes:     COMMON   BANK0   BANK1   BANK3   BANK2
      Params:         0       0       0       0       0
      Locals:         0       0       0       0       0
      Temps:          2       0       0       0       0
      Totals:         2       0       0       0       0
Total ram usage:        2 bytes
 Hardware stack levels used:    1
 This function calls:
		Nothing
 This function is called by:
		Interrupt level 1
 This function uses a non-reentrant model



MODULE INFORMATION

Module		Function		Class		Link	Load	Size
columnas.c
		_shiftBitColumna		CODE           	03D0	0000	29
		_latchClock_Col		CODE           	046A	0000	6
		_shiftClock_Col		CODE           	0458	0000	7

columnas.c estimated size: 42

screen.c
		_drawFigure    		CODE           	003E	0000	196
		_updateScreen  		CODE           	021A	0000	76
		_drawBground   		CODE           	038D	0000	36

screen.c estimated size: 308

C:\Program Files (x86)\Microchip\xc8\v2.10\pic\sources\c90\common\Umul32.c
		___lmul        		CODE           	01CE	0000	77

C:\Program Files (x86)\Microchip\xc8\v2.10\pic\sources\c90\common\Umul32.c estimated size: 77

shared
		__initialization		CODE           	000F	0000	44

shared estimated size: 44

C:\Program Files (x86)\Microchip\xc8\v2.10\pic\sources\c90\common\memset.c
		_memset        		CODE           	03B0	0000	33

C:\Program Files (x86)\Microchip\xc8\v2.10\pic\sources\c90\common\memset.c estimated size: 33

C:\Program Files (x86)\Microchip\xc8\v2.10\pic\sources\c90\common\awmod.c
		___awmod       		CODE           	0173	0000	92

C:\Program Files (x86)\Microchip\xc8\v2.10\pic\sources\c90\common\awmod.c estimated size: 92

filas.c
		_latchClock_Fil		CODE           	045E	0000	7
		_shiftClock_Fil		CODE           	0464	0000	7
		_setFilas      		CODE           	02F4	0000	68

filas.c estimated size: 82

init.c
		_init_pines    		CODE           	0412	0000	17
		_init_pines_in 		CODE           	043D	0000	12
		_init_pines_fil		CODE           	0430	0000	14
		_init_pines_col		CODE           	03FF	0000	20
		_init_interrupt		CODE           	0450	0000	9
		_init_timer    		CODE           	0422	0000	15

init.c estimated size: 87

mainsource.c
		_checkCount    		CODE           	0265	0000	73
		_Timer0_ISR    		CODE           	0367	0000	39
		_main          		CODE           	0101	0000	115

mainsource.c estimated size: 227

C:\Program Files (x86)\Microchip\xc8\v2.10\pic\sources\c90\common\rand.c
		_rand          		CODE           	02AD	0000	72

C:\Program Files (x86)\Microchip\xc8\v2.10\pic\sources\c90\common\rand.c estimated size: 72

